<html>
<body>
<pre>
<h1>µVision Build Log</h1>
<h2>Tool Versions:</h2>
IDE-Version: £gVision V5.35.0.0
Copyright (C) 2021 ARM Ltd and ARM Germany GmbH. All rights reserved.
License Information: kuan hung chen, NTUST, LIC=MPPLD-80QYZ-VECHA-18JFC-NU0XF-2Z4I9
 
Tool Versions:
Toolchain:       MDK-ARM Plus  Version: 5.35.0.2
Toolchain Path:  C:\Keil_v5\ARM\ARMCC\Bin
C Compiler:      Armcc.exe V5.06 update 7 (build 960)
Assembler:       Armasm.exe V5.06 update 7 (build 960)
Linker/Locator:  ArmLink.exe V5.06 update 7 (build 960)
Library Manager: ArmAr.exe V5.06 update 7 (build 960)
Hex Converter:   FromElf.exe V5.06 update 7 (build 960)
CPU DLL:         
Dialog DLL:      
Target DLL:      Segger\JL2CM3.dll V2.99.40.0
Dialog DLL:      TCM.DLL V1.53.0.0
 
<h2>Project:</h2>
C:\Users\ken chen\Downloads\DeviceDownload\nRF5_SDK_15.2.0_9412b96\examples\ble_peripheral\ble_app_buttonless_dfu\pca10040\s132\arm5_no_packs\ble_app_buttonless_dfu_pca10040_s132.uvprojx
Project File Date:  03/19/2022

<h2>Output:</h2>
*** Using Compiler 'V5.06 update 7 (build 960)', folder: 'C:\Keil_v5\ARM\ARMCC\Bin'
Rebuild target 'nrf52832_xxaa'
compiling boards.c...
compiling auth_status_tracker.c...
compiling bsp.c...
compiling bsp_btn_ble.c...
compiling main.c...
..\..\..\main.c(848): warning:  #177-D: variable "err_code"  was declared but never referenced
      ret_code_t err_code;
..\..\..\main.c: 1 warning, 0 errors
compiling ble_advertising.c...
compiling ble_advdata.c...
compiling ble_conn_params.c...
compiling ble_conn_state.c...
compiling ble_srv_common.c...
compiling nrf_ble_qwr.c...
compiling nrf_ble_gatt.c...
compiling gatts_cache_manager.c...
compiling gatt_cache_manager.c...
compiling id_manager.c...
compiling peer_id.c...
compiling peer_data_storage.c...
compiling peer_manager_handler.c...
compiling peer_database.c...
compiling peer_manager.c...
compiling pm_buffer.c...
compiling ble_dfu_bonded.c...
compiling security_manager.c...
compiling ble_dfu.c...
compiling security_dispatcher.c...
compiling ble_dfu_unbonded.c...
compiling nrf_drv_uart.c...
compiling nrfx_clock.c...
compiling nrf_drv_clock.c...
compiling nrfx_gpiote.c...
compiling nrfx_power_clock.c...
compiling nrfx_prs.c...
compiling app_button.c...
compiling nrfx_uarte.c...
compiling nrfx_uart.c...
compiling app_error.c...
compiling app_util_platform.c...
compiling app_error_handler_keil.c...
compiling app_scheduler.c...
compiling app_error_weak.c...
compiling app_timer.c...
compiling nrf_assert.c...
compiling crc16.c...
compiling nrf_atfifo.c...
compiling nrf_atflags.c...
compiling fds.c...
compiling nrf_atomic.c...
compiling nrf_fprintf.c...
compiling nrf_fprintf_format.c...
compiling nrf_balloc.c...
compiling nrf_fstorage.c...
compiling nrf_section_iter.c...
compiling nrf_ringbuf.c...
compiling nrf_fstorage_sd.c...
compiling nrf_memobj.c...
compiling nrf_pwr_mgmt.c...
compiling nrf_log_backend_rtt.c...
compiling nrf_strerror.c...
compiling nrf_log_backend_serial.c...
compiling nrf_log_default_backends.c...
compiling nrf_log_backend_uart.c...
compiling nrf_dfu_svci.c...
compiling SEGGER_RTT_Syscalls_KEIL.c...
compiling SEGGER_RTT.c...
compiling nrf_log_str_formatter.c...
compiling nrf_log_frontend.c...
assembling arm_startup_nrf52.s...
compiling system_nrf52.c...
compiling SEGGER_RTT_printf.c...
compiling nrf_sdh_soc.c...
compiling nrf_sdh.c...
compiling nrf_sdh_ble.c...
linking...
Program Size: Code=42576 RO-data=7860 RW-data=520 ZI-data=12376  
FromELF: creating hex file...
".\_build\nrf52832_xxaa.axf" - 0 Error(s), 1 Warning(s).

<h2>Software Packages used:</h2>

Package Vendor: ARM
                http://www.keil.com/pack/ARM.CMSIS.4.5.0.pack
                ARM.CMSIS.4.5.0
                CMSIS (Cortex Microcontroller Software Interface Standard)
   * Component: CORE Version: 4.3.0

Package Vendor: NordicSemiconductor
                http://developer.nordicsemi.com/nRF5_SDK/pieces/nRF_DeviceFamilyPack/NordicSemiconductor.nRF_DeviceFamilyPack.8.17.0.pack
                NordicSemiconductor.nRF_DeviceFamilyPack.8.17.0
                Nordic Semiconductor nRF ARM devices Device Family Pack.
   * Component: Startup Version: 8.17.0

<h2>Collection of Component include folders:</h2>
  .\RTE\_nrf52832_xxaa
  C:\Users\ken chen\AppData\Local\Arm\Packs\ARM\CMSIS\4.5.0\CMSIS\Include
  C:\Users\ken chen\AppData\Local\Arm\Packs\NordicSemiconductor\nRF_DeviceFamilyPack\8.17.0\Device\Include

<h2>Collection of Component Files used:</h2>

   * Component: ARM::CMSIS:CORE:4.3.0

   * Component: NordicSemiconductor::Device:Startup:8.17.0
      Source file:   Device\Source\arm\arm_startup_nrf52.s
      Include file:  Device\Include\system_nrf52.h
      Source file:   Device\Source\system_nrf52.c
Build Time Elapsed:  00:00:24
</pre>
</body>
</html>
