Component: ARM Compiler 5.06 update 7 (build 960) Tool: armlink [4d3601]

==============================================================================

Section Cross References

    main.o(i.advertising_config_get) refers to memseta.o(.text) for __aeabi_memclr4
    main.o(i.app_shutdown_handler) refers to nrf_log_frontend.o(i.nrf_log_frontend_std_0) for nrf_log_frontend_std_0
    main.o(i.app_shutdown_handler) refers to nrf_log_frontend.o(log_const_data) for m_nrf_log_app_logs_data_const
    main.o(i.assert_nrf_callback) refers to app_error_handler_keil.o(.emb_text) for app_error_handler
    main.o(i.ble_dfu_evt_handler) refers to nrf_log_frontend.o(i.nrf_log_frontend_std_0) for nrf_log_frontend_std_0
    main.o(i.ble_dfu_evt_handler) refers to main.o(i.advertising_config_get) for advertising_config_get
    main.o(i.ble_dfu_evt_handler) refers to ble_advertising.o(i.ble_advertising_modes_config_set) for ble_advertising_modes_config_set
    main.o(i.ble_dfu_evt_handler) refers to ble_conn_state.o(i.ble_conn_state_for_each_connected) for ble_conn_state_for_each_connected
    main.o(i.ble_dfu_evt_handler) refers to nrf_log_frontend.o(i.nrf_log_frontend_std_1) for nrf_log_frontend_std_1
    main.o(i.ble_dfu_evt_handler) refers to nrf_log_frontend.o(log_const_data) for m_nrf_log_app_logs_data_const
    main.o(i.ble_dfu_evt_handler) refers to main.o(.bss) for .bss
    main.o(i.ble_dfu_evt_handler) refers to main.o(i.disconnect) for disconnect
    main.o(i.ble_evt_handler) refers to bsp.o(i.bsp_indication_set) for bsp_indication_set
    main.o(i.ble_evt_handler) refers to app_error.o(i.app_error_handler_bare) for app_error_handler_bare
    main.o(i.ble_evt_handler) refers to nrf_ble_qwr.o(i.nrf_ble_qwr_conn_handle_assign) for nrf_ble_qwr_conn_handle_assign
    main.o(i.ble_evt_handler) refers to main.o(.data) for .data
    main.o(i.ble_evt_handler) refers to main.o(.bss) for .bss
    main.o(i.bsp_event_handler) refers to main.o(i.sleep_mode_enter) for sleep_mode_enter
    main.o(i.bsp_event_handler) refers to app_error.o(i.app_error_handler_bare) for app_error_handler_bare
    main.o(i.bsp_event_handler) refers to ble_advertising.o(i.ble_advertising_restart_without_whitelist) for ble_advertising_restart_without_whitelist
    main.o(i.bsp_event_handler) refers to main.o(.data) for .data
    main.o(i.bsp_event_handler) refers to main.o(.bss) for .bss
    main.o(i.buttonless_dfu_sdh_state_observer) refers to nrf_pwr_mgmt.o(i.nrf_pwr_mgmt_shutdown) for nrf_pwr_mgmt_shutdown
    main.o(i.conn_params_error_handler) refers to app_error.o(i.app_error_handler_bare) for app_error_handler_bare
    main.o(i.disconnect) refers to nrf_log_frontend.o(i.nrf_log_frontend_std_2) for nrf_log_frontend_std_2
    main.o(i.disconnect) refers to nrf_log_frontend.o(log_const_data) for m_nrf_log_app_logs_data_const
    main.o(i.disconnect) refers to main.o(.conststring) for .conststring
    main.o(i.main) refers to nrf_log_frontend.o(i.nrf_log_init) for nrf_log_init
    main.o(i.main) refers to app_error.o(i.app_error_handler_bare) for app_error_handler_bare
    main.o(i.main) refers to nrf_log_default_backends.o(i.nrf_log_default_backends_init) for nrf_log_default_backends_init
    main.o(i.main) refers to app_timer.o(i.app_timer_init) for app_timer_init
    main.o(i.main) refers to nrf_pwr_mgmt.o(i.nrf_pwr_mgmt_init) for nrf_pwr_mgmt_init
    main.o(i.main) refers to bsp.o(i.bsp_init) for bsp_init
    main.o(i.main) refers to bsp_btn_ble.o(i.bsp_btn_ble_init) for bsp_btn_ble_init
    main.o(i.main) refers to nrf_sdh.o(i.nrf_sdh_enable_request) for nrf_sdh_enable_request
    main.o(i.main) refers to nrf_sdh_ble.o(i.nrf_sdh_ble_default_cfg_set) for nrf_sdh_ble_default_cfg_set
    main.o(i.main) refers to nrf_sdh_ble.o(i.nrf_sdh_ble_enable) for nrf_sdh_ble_enable
    main.o(i.main) refers to main.o(i.peer_manager_init) for peer_manager_init
    main.o(i.main) refers to nrf_ble_gatt.o(i.nrf_ble_gatt_init) for nrf_ble_gatt_init
    main.o(i.main) refers to memseta.o(.text) for __aeabi_memclr4
    main.o(i.main) refers to main.o(i.advertising_config_get) for advertising_config_get
    main.o(i.main) refers to ble_advertising.o(i.ble_advertising_init) for ble_advertising_init
    main.o(i.main) refers to ble_advertising.o(i.ble_advertising_conn_cfg_tag_set) for ble_advertising_conn_cfg_tag_set
    main.o(i.main) refers to nrf_ble_qwr.o(i.nrf_ble_qwr_init) for nrf_ble_qwr_init
    main.o(i.main) refers to ble_dfu.o(i.ble_dfu_buttonless_init) for ble_dfu_buttonless_init
    main.o(i.main) refers to ble_conn_params.o(i.ble_conn_params_init) for ble_conn_params_init
    main.o(i.main) refers to nrf_log_frontend.o(i.nrf_log_frontend_std_0) for nrf_log_frontend_std_0
    main.o(i.main) refers to peer_manager.o(i.pm_peers_delete) for pm_peers_delete
    main.o(i.main) refers to ble_advertising.o(i.ble_advertising_start) for ble_advertising_start
    main.o(i.main) refers to nrf_log_frontend.o(i.nrf_log_frontend_dequeue) for nrf_log_frontend_dequeue
[...]
    log_const_data$$Limit                    0x00032454   Number         0  nrf_sdh_soc.o(log_const_data)
    log_mempool                              0x00032454   Data          20  nrf_log_frontend.o(nrf_balloc)
    pwr_mgmt_data0$$Base                     0x00032468   Number         0  main.o(pwr_mgmt_data0)
    pwr_mgmt_data0$$Limit                    0x0003246c   Number         0  main.o(pwr_mgmt_data0)
    sdh_ble_observers0$$Base                 0x0003246c   Number         0  ble_conn_state.o(sdh_ble_observers0)
    sdh_ble_observers0$$Limit                0x00032474   Number         0  ble_conn_state.o(sdh_ble_observers0)
    sdh_ble_observers1$$Base                 0x00032474   Number         0  main.o(sdh_ble_observers1)
    sdh_ble_observers1$$Limit                0x0003249c   Number         0  peer_manager.o(sdh_ble_observers1)
    sdh_ble_observers2$$Base                 0x0003249c   Number         0  main.o(sdh_ble_observers2)
    sdh_ble_observers2$$Limit                0x000324ac   Number         0  ble_dfu.o(sdh_ble_observers2)
    sdh_ble_observers3$$Base                 0x000324ac   Number         0  main.o(sdh_ble_observers3)
    m_req_obs                                0x000324b4   Data           8  nrf_fstorage_sd.o(sdh_req_observers0)
    sdh_ble_observers3$$Limit                0x000324b4   Number         0  main.o(sdh_ble_observers3)
    sdh_req_observers0$$Base                 0x000324b4   Number         0  nrf_fstorage_sd.o(sdh_req_observers0)
    sdh_req_observers0$$Limit                0x000324bc   Number         0  nrf_fstorage_sd.o(sdh_req_observers0)
    sdh_soc_observers0$$Base                 0x000324bc   Number         0  nrf_drv_clock.o(sdh_soc_observers0)
    sdh_soc_observers0$$Limit                0x000324cc   Number         0  nrf_fstorage_sd.o(sdh_soc_observers0)
    sdh_soc_observers1$$Base                 0x000324cc   Number         0  main.o(sdh_soc_observers1)
    sdh_soc_observers1$$Limit                0x000324dc   Number         0  ble_dfu_unbonded.o(sdh_soc_observers1)
    sdh_stack_observers0$$Base               0x000324dc   Number         0  nrf_sdh_ble.o(sdh_stack_observers0)
    sdh_stack_observers0$$Limit              0x000324ec   Number         0  nrf_sdh_soc.o(sdh_stack_observers0)
    sdh_state_observers0$$Base               0x000324ec   Number         0  main.o(sdh_state_observers0)
    sdh_state_observers0$$Limit              0x00032504   Number         0  nrf_fstorage_sd.o(sdh_state_observers0)
    Image$$RW_IRAM1$$Base                    0x20002228   Number         0  anon$$obj.o ABSOLUTE
    mp_dfu                                   0x2000230c   Data           4  ble_dfu_unbonded.o(.data)
    nrf_drv_uart_use_easy_dma                0x20002310   Data           1  nrf_drv_uart.o(.data)
    m_uart                                   0x200023a8   Data          20  nrf_log_backend_uart.o(.data)
    SystemCoreClock                          0x20002418   Data           4  system_nrf52.o(.data)
    fs_data$$Base                            0x2000241c   Number         0  fds.o(fs_data)
    m_fs                                     0x2000241c   Data          20  fds.o(fs_data)
    fs_data$$Limit                           0x20002430   Number         0  fds.o(fs_data)
    nrf_nvic_state                           0x20002cf0   Data          12  app_util_platform.o(.bss)
    __initial_sp                             0x20005488   Data           0  arm_startup_nrf52.o(STACK)



==============================================================================

Memory Map of the image

  Image Entry point : 0x00026201

  Load Region LR_IROM1 (Base: 0x00026000, Size: 0x0000c70c, Max: 0x00052000, ABSOLUTE, COMPRESSED[0x0000c590])

    Execution Region ER_IROM1 (Exec base: 0x00026000, Load base: 0x00026000, Size: 0x0000c504, Max: 0x00052000, ABSOLUTE)

    Exec Addr    Load Addr    Size         Type   Attr      Idx    E Section Name        Object

    0x00026000   0x00026000   0x00000200   Data   RO         6788    RESET               arm_startup_nrf52.o
    0x00026200   0x00026200   0x00000000   Code   RO         6829  * .ARM.Collect$$$$00000000  mc_w.l(entry.o)
    0x00026200   0x00026200   0x00000004   Code   RO         6883    .ARM.Collect$$$$00000001  mc_w.l(entry2.o)
    0x00026204   0x00026204   0x00000004   Code   RO         6886    .ARM.Collect$$$$00000004  mc_w.l(entry5.o)
    0x00026208   0x00026208   0x00000000   Code   RO         6888    .ARM.Collect$$$$00000008  mc_w.l(entry7b.o)
    0x00026208   0x00026208   0x00000000   Code   RO         6890    .ARM.Collect$$$$0000000A  mc_w.l(entry8b.o)
    0x00026208   0x00026208   0x00000008   Code   RO         6891    .ARM.Collect$$$$0000000B  mc_w.l(entry9a.o)
    0x00026210   0x00026210   0x00000004   Code   RO         6898    .ARM.Collect$$$$0000000E  mc_w.l(entry12b.o)
    0x00026214   0x00026214   0x00000000   Code   RO         6893    .ARM.Collect$$$$0000000F  mc_w.l(entry10a.o)
    0x00026214   0x00026214   0x00000000   Code   RO         6895    .ARM.Collect$$$$00000011  mc_w.l(entry11a.o)
    0x00026214   0x00026214   0x00000004   Code   RO         6884    .ARM.Collect$$$$00002712  mc_w.l(entry2.o)
    0x00026218   0x00026218   0x000000c8   Code   RO         4904    .emb_text           nrf_atfifo.o
    0x000262e0   0x000262e0   0x000000e2   Code   RO         5040    .emb_text           nrf_atomic.o
    0x000263c2   0x000263c2   0x00000002   PAD
    0x000263c4   0x000263c4   0x00000024   Code   RO         6789    .text               arm_startup_nrf52.o
    0x000263e8   0x000263e8   0x00000062   Code   RO         6837    .text               mc_w.l(uldiv.o)
    0x0002644a   0x0002644a   0x0000001e   Code   RO         6839    .text               mc_w.l(llshl.o)
    0x00026468   0x00026468   0x00000008   Code   RO         6841    .text               mc_w.l(ctype_o.o)
    0x00026470   0x00026470   0x00000024   Code   RO         6869    .text               mc_w.l(memcpya.o)
    0x00026494   0x00026494   0x00000024   Code   RO         6871    .text               mc_w.l(memseta.o)
    0x000264b8   0x000264b8   0x0000000e   Code   RO         6873    .text               mc_w.l(strlen.o)
    0x000264c6   0x000264c6   0x0000001a   Code   RO         6877    .text               mc_w.l(memcmp.o)
    0x000264e0   0x000264e0   0x00000020   Code   RO         6900    .text               mc_w.l(llushr.o)
    0x00026500   0x00026500   0x00000024   Code   RO         6903    .text               mc_w.l(init.o)
    0x00026524   0x00026524   0x00000056   Code   RO         6913    .text               mc_w.l(__dczerorl2.o)
    0x0002657a   0x0002657a   0x00000002   PAD
    0x0002657c   0x0002657c   0x00000164   Code   RO         3383    i.GPIOTE_IRQHandler  nrfx_gpiote.o
    0x000266e0   0x000266e0   0x00000016   Code   RO         4289    i.NVIC_ClearPendingIRQ  app_timer.o
    0x000266f6   0x000266f6   0x00000016   Code   RO         4290    i.NVIC_EnableIRQ    app_timer.o
    0x0002670c   0x0002670c   0x00000016   Code   RO         4291    i.NVIC_SetPendingIRQ  app_timer.o
    0x00026722   0x00026722   0x00000020   Code   RO         4292    i.NVIC_SetPriority  app_timer.o
    0x00026742   0x00026742   0x00000002   PAD
    0x00026744   0x00026744   0x00000058   Code   RO         3248    i.POWER_CLOCK_IRQHandler  nrfx_clock.o
    0x0002679c   0x0002679c   0x00000024   Code   RO         4293    i.RTC1_IRQHandler   app_timer.o
    0x000267c0   0x000267c0   0x00000004   Code   RO         4294    i.SWI0_EGU0_IRQHandler  app_timer.o
    0x000267c4   0x000267c4   0x00000004   Code   RO         6579    i.SWI2_EGU2_IRQHandler  nrf_sdh.o
    0x000267c8   0x000267c8   0x0000031c   Code   RO         6797    i.SystemInit        system_nrf52.o
    0x00026ae4   0x00026ae4   0x0000000c   Code   RO         3676    i.UARTE0_UART0_IRQHandler  nrfx_prs.o
    0x00026af0   0x00026af0   0x0000000e   Code   RO         6907    i.__scatterload_copy  mc_w.l(handlers.o)
    0x00026afe   0x00026afe   0x00000002   Code   RO         6908    i.__scatterload_null  mc_w.l(handlers.o)
    0x00026b00   0x00026b00   0x0000000e   Code   RO         6909    i.__scatterload_zeroinit  mc_w.l(handlers.o)
    0x00026b0e   0x00026b0e   0x00000002   PAD
    0x00026b10   0x00026b10   0x00000024   Code   RO         6580    i.__sd_nvic_app_accessible_irq  nrf_sdh.o
    0x00026b34   0x00026b34   0x0000013c   Code   RO         2466    i._conn_secure      peer_manager_handler.o
    0x00026c70   0x00026c70   0x00000026   Code   RO         1514    i.addr_compare      id_manager.o
    0x00026c96   0x00026c96   0x0000000c   Code   RO         5292    i.addr_is_aligned32  nrf_fstorage.o
    0x00026ca2   0x00026ca2   0x00000018   Code   RO         5293    i.addr_is_within_bounds  nrf_fstorage.o
    0x00026cba   0x00026cba   0x00000036   Code   RO          708    i.advertising_buttons_configure  bsp_btn_ble.o
    0x00026cf0   0x00026cf0   0x0000001c   Code   RO            4    i.advertising_config_get  main.o
    0x00026d0c   0x00026d0c   0x00000052   Code   RO         1515    i.ah                id_manager.o
    0x00026d5e   0x00026d5e   0x00000006   Code   RO          591    i.alert_timer_handler  bsp.o
    0x00026d64   0x00026d64   0x0000000c   Code   RO         2607    i.allow_repairing   security_dispatcher.o
    0x00026d70   0x00026d70   0x00000024   Code   RO         4077    i.app_button_enable  app_button.o
    0x00026d94   0x00026d94   0x00000078   Code   RO         4078    i.app_button_init   app_button.o
    0x00026e0c   0x00026e0c   0x00000084   Code   RO         4201    i.app_error_fault_handler  app_error_weak.o
    0x00026e90   0x00026e90   0x00000016   Code   RO         4141    i.app_error_handler_bare  app_error.o
    0x00026ea6   0x00026ea6   0x00000002   PAD
    0x00026ea8   0x00026ea8   0x00000090   Code   RO            5    i.app_shutdown_handler  main.o
    0x00026f38   0x00026f38   0x00000028   Code   RO         4297    i.app_timer_create  app_timer.o
    0x00026f60   0x00026f60   0x00000054   Code   RO         4298    i.app_timer_init    app_timer.o
    0x00026fb4   0x00026fb4   0x00000088   Code   RO         4301    i.app_timer_start   app_timer.o
    0x0002703c   0x0002703c   0x00000020   Code   RO         4302    i.app_timer_stop    app_timer.o
    0x0002705c   0x0002705c   0x00000048   Code   RO         4462    i.app_util_critical_region_enter  app_util_platform.o
    0x000270a4   0x000270a4   0x00000034   Code   RO         4463    i.app_util_critical_region_exit  app_util_platform.o
    0x000270d8   0x000270d8   0x00000088   Code   RO         3730    i.apply_config      nrfx_uart.o
    0x00027160   0x00027160   0x00000088   Code   RO         3921    i.apply_config      nrfx_uarte.o
    0x000271e8   0x000271e8   0x00000004   Code   RO         1267    i.apply_pending_handle  gatt_cache_manager.o
    0x000271ec   0x000271ec   0x00000180   Code   RO         2608    i.auth_status_success_process  security_dispatcher.o
    0x0002736c   0x0002736c   0x00000182   Code   RO          773    i.ble_advdata_encode  ble_advdata.o
    0x000274ee   0x000274ee   0x00000020   Code   RO          775    i.ble_advdata_parse  ble_advdata.o
    0x0002750e   0x0002750e   0x00000038   Code   RO          776    i.ble_advdata_search  ble_advdata.o
    0x00027546   0x00027546   0x00000006   Code   RO          880    i.ble_advertising_conn_cfg_tag_set  ble_advertising.o
    0x0002754c   0x0002754c   0x0000011c   Code   RO          881    i.ble_advertising_init  ble_advertising.o
    0x00027668   0x00027668   0x00000008   Code   RO          882    i.ble_advertising_modes_config_set  ble_advertising.o
    0x00027670   0x00027670   0x0000006a   Code   RO          883    i.ble_advertising_on_ble_evt  ble_advertising.o
    0x000276da   0x000276da   0x00000002   Code   RO          884    i.ble_advertising_on_sys_evt  ble_advertising.o
    0x000276dc   0x000276dc   0x0000003a   Code   RO          886    i.ble_advertising_restart_without_whitelist  ble_advertising.o
    0x00027716   0x00027716   0x0000022c   Code   RO          887    i.ble_advertising_start  ble_advertising.o
    0x00027942   0x00027942   0x00000002   PAD
    0x00027944   0x00027944   0x00000068   Code   RO          973    i.ble_conn_params_init  ble_conn_params.o
    0x000279ac   0x000279ac   0x00000020   Code   RO         1049    i.ble_conn_state_encrypted  ble_conn_state.o
    0x000279cc   0x000279cc   0x00000014   Code   RO         1050    i.ble_conn_state_for_each_connected  ble_conn_state.o
    0x000279e0   0x000279e0   0x0000002c   Code   RO         1051    i.ble_conn_state_for_each_set_user_flag  ble_conn_state.o
    0x00027a0c   0x00027a0c   0x00000020   Code   RO         1053    i.ble_conn_state_mitm_protected  ble_conn_state.o
    0x00027a2c   0x00027a2c   0x00000024   Code   RO         1056    i.ble_conn_state_role  ble_conn_state.o
    0x00027a50   0x00027a50   0x00000024   Code   RO         1057    i.ble_conn_state_status  ble_conn_state.o
    0x00027a74   0x00027a74   0x00000018   Code   RO         1058    i.ble_conn_state_user_flag_acquire  ble_conn_state.o
    0x00027a8c   0x00027a8c   0x00000030   Code   RO         1059    i.ble_conn_state_user_flag_get  ble_conn_state.o
    0x00027abc   0x00027abc   0x00000040   Code   RO         1060    i.ble_conn_state_user_flag_set  ble_conn_state.o
    0x00027afc   0x00027afc   0x00000014   Code   RO         1061    i.ble_conn_state_valid  ble_conn_state.o
    0x00027b10   0x00027b10   0x00000060   Code   RO          779    i.ble_device_addr_encode  ble_advdata.o
    0x00027b70   0x00027b70   0x00000014   Code   RO         2991    i.ble_dfu_buttonless_backend_init  ble_dfu_unbonded.o
    0x00027b84   0x00027b84   0x0000002c   Code   RO         2901    i.ble_dfu_buttonless_bootloader_start_finalize  ble_dfu.o
    0x00027bb0   0x00027bb0   0x00000018   Code   RO         2992    i.ble_dfu_buttonless_bootloader_start_prepare  ble_dfu_unbonded.o
    0x00027bc8   0x00027bc8   0x00000050   Code   RO         2993    i.ble_dfu_buttonless_char_add  ble_dfu_unbonded.o
    0x00027c18   0x00027c18   0x00000070   Code   RO         2902    i.ble_dfu_buttonless_init  ble_dfu.o
    0x00027c88   0x00027c88   0x000000bc   Code   RO         2903    i.ble_dfu_buttonless_on_ble_evt  ble_dfu.o
    0x00027d44   0x00027d44   0x000000dc   Code   RO         2994    i.ble_dfu_buttonless_on_ctrl_pt_write  ble_dfu_unbonded.o
    0x00027e20   0x00027e20   0x00000060   Code   RO         2995    i.ble_dfu_buttonless_on_sys_evt  ble_dfu_unbonded.o
    0x00027e80   0x00027e80   0x00000054   Code   RO         2904    i.ble_dfu_buttonless_resp_send  ble_dfu.o
    0x00027ed4   0x00027ed4   0x00000190   Code   RO            7    i.ble_dfu_evt_handler  main.o
    0x00028064   0x00028064   0x00000068   Code   RO            8    i.ble_evt_handler   main.o
    0x000280cc   0x000280cc   0x00000070   Code   RO          709    i.ble_evt_handler   bsp_btn_ble.o
    0x0002813c   0x0002813c   0x000000fc   Code   RO          975    i.ble_evt_handler   ble_conn_params.o
    0x00028238   0x00028238   0x00000104   Code   RO         1062    i.ble_evt_handler   ble_conn_state.o
    0x0002833c   0x0002833c   0x00000028   Code   RO         2172    i.ble_evt_handler   peer_manager.o
    0x00028364   0x00028364   0x00000008   Code   RO         1206    i.ble_srv_is_indication_enabled  ble_srv_common.o
    0x0002836c   0x0002836c   0x00000008   Code   RO         1207    i.ble_srv_is_notification_enabled  ble_srv_common.o
    0x00028374   0x00028374   0x0000000c   Code   RO          455    i.bsp_board_button_idx_to_pin  boards.o
    0x00028380   0x00028380   0x00000020   Code   RO          456    i.bsp_board_button_state_get  boards.o
    0x000283a0   0x000283a0   0x00000054   Code   RO          457    i.bsp_board_init    boards.o
    0x000283f4   0x000283f4   0x00000024   Code   RO          459    i.bsp_board_led_invert  boards.o
    0x00028418   0x00028418   0x00000010   Code   RO          460    i.bsp_board_led_off  boards.o
    0x00028428   0x00028428   0x00000010   Code   RO          461    i.bsp_board_led_on  boards.o
    0x00028438   0x00028438   0x00000020   Code   RO          462    i.bsp_board_led_state_get  boards.o
    0x00028458   0x00028458   0x00000012   Code   RO          463    i.bsp_board_leds_off  boards.o
    0x0002846a   0x0002846a   0x00000012   Code   RO          464    i.bsp_board_leds_on  boards.o
    0x0002847c   0x0002847c   0x00000024   Code   RO          465    i.bsp_board_pin_to_button_idx  boards.o
    0x000284a0   0x000284a0   0x00000038   Code   RO          710    i.bsp_btn_ble_init  bsp_btn_ble.o
    0x000284d8   0x000284d8   0x0000001e   Code   RO          711    i.bsp_btn_ble_sleep_mode_prepare  bsp_btn_ble.o
    0x000284f6   0x000284f6   0x00000002   PAD
    0x000284f8   0x000284f8   0x00000090   Code   RO          592    i.bsp_button_event_handler  bsp.o
    0x00028588   0x00028588   0x0000000c   Code   RO          593    i.bsp_button_is_pressed  bsp.o
    0x00028594   0x00028594   0x0000004c   Code   RO            9    i.bsp_event_handler  main.o
    0x000285e0   0x000285e0   0x00000044   Code   RO          596    i.bsp_event_to_button_action_assign  bsp.o
    0x00028624   0x00028624   0x00000018   Code   RO          597    i.bsp_indication_set  bsp.o
    0x0002863c   0x0002863c   0x00000094   Code   RO          598    i.bsp_init          bsp.o
    0x000286d0   0x000286d0   0x000001c8   Code   RO          599    i.bsp_led_indication  bsp.o
    0x00028898   0x00028898   0x00000006   Code   RO          601    i.bsp_wakeup_button_enable  bsp.o
    0x0002889e   0x0002889e   0x00000002   PAD
    0x000288a0   0x000288a0   0x00000090   Code   RO         5949    i.buf_prealloc      nrf_log_frontend.o
    0x00028930   0x00028930   0x0000001e   Code   RO         5252    i.buffer_add        nrf_fprintf_format.o
    0x0002894e   0x0002894e   0x00000002   PAD
    0x00028950   0x00028950   0x00000014   Code   RO         5950    i.buffer_is_empty   nrf_log_frontend.o
    0x00028964   0x00028964   0x00000008   Code   RO          602    i.button_timer_handler  bsp.o
    0x0002896c   0x0002896c   0x00000018   Code   RO           10    i.buttonless_dfu_sdh_state_observer  main.o
    0x00028984   0x00028984   0x00000028   Code   RO         1268    i.car_update_needed  gatt_cache_manager.o
    0x000289ac   0x000289ac   0x00000028   Code   RO         1269    i.car_update_pending_handle  gatt_cache_manager.o
    0x000289d4   0x000289d4   0x0000001c   Code   RO         3384    i.channel_free      nrfx_gpiote.o
    0x000289f0   0x000289f0   0x00000048   Code   RO         3385    i.channel_port_alloc  nrfx_gpiote.o
    0x00028a38   0x00028a38   0x00000010   Code   RO         3386    i.channel_port_get  nrfx_gpiote.o
    0x00028a48   0x00028a48   0x00000190   Code   RO         1209    i.characteristic_add  ble_srv_common.o
    0x00028bd8   0x00028bd8   0x0000003e   Code   RO         2082    i.claim             peer_id.o
    0x00028c16   0x00028c16   0x00000002   PAD
    0x00028c18   0x00028c18   0x00000028   Code   RO         3050    i.clock_clk_started_notify  nrf_drv_clock.o
    0x00028c40   0x00028c40   0x0000001c   Code   RO         3051    i.clock_irq_handler  nrf_drv_clock.o
    0x00028c5c   0x00028c5c   0x000000ac   Code   RO         4304    i.compare_reg_update  app_timer.o
    0x00028d08   0x00028d08   0x0000003e   Code   RO         1063    i.conn_handle_list_get  ble_conn_state.o
    0x00028d46   0x00028d46   0x00000088   Code   RO          780    i.conn_int_encode   ble_advdata.o
    0x00028dce   0x00028dce   0x00000004   Code   RO           11    i.conn_params_error_handler  main.o
    0x00028dd2   0x00028dd2   0x00000002   PAD
    0x00028dd4   0x00028dd4   0x00000048   Code   RO          976    i.conn_params_negotiation  ble_conn_params.o
    0x00028e1c   0x00028e1c   0x00000044   Code   RO         2609    i.conn_sec_failure  security_dispatcher.o
    0x00028e60   0x00028e60   0x00000004   Code   RO         2467    i.conn_secure       peer_manager_handler.o
    0x00028e64   0x00028e64   0x000000c0   Code   RO         1680    i.data_length_update  nrf_ble_gatt.o
    0x00028f24   0x00028f24   0x00000030   Code   RO         1270    i.db_update_pending_handle  gatt_cache_manager.o
    0x00028f54   0x00028f54   0x00000080   Code   RO         4557    i.delete_execute    fds.o
    0x00028fd4   0x00028fd4   0x00000098   Code   RO         4080    i.detection_delay_timeout_handler  app_button.o
    0x0002906c   0x0002906c   0x00000034   Code   RO           12    i.disconnect        main.o
    0x000290a0   0x000290a0   0x00000014   Code   RO         5951    i.dropped_sat16_get  nrf_log_frontend.o
    0x000290b4   0x000290b4   0x00000002   Code   RO         2905    i.dummy_evt_handler  ble_dfu.o
    0x000290b6   0x000290b6   0x00000002   PAD
    0x000290b8   0x000290b8   0x00000040   Code   RO         4305    i.elapsed_ticks_acquire  app_timer.o
    0x000290f8   0x000290f8   0x0000000a   Code   RO         2610    i.encryption_failure  security_dispatcher.o
    0x00029102   0x00029102   0x00000002   PAD
    0x00029104   0x00029104   0x0000004c   Code   RO         5379    i.erase             nrf_fstorage_sd.o
    0x00029150   0x00029150   0x00000074   Code   RO         4558    i.event_prepare     fds.o
    0x000291c4   0x000291c4   0x00000020   Code   RO         4559    i.event_send        fds.o
    0x000291e4   0x000291e4   0x00000054   Code   RO         5380    i.event_send        nrf_fstorage_sd.o
    0x00029238   0x00029238   0x000000ac   Code   RO         2748    i.events_send_from_err_code  security_manager.o
    0x000292e4   0x000292e4   0x0000001c   Code   RO         1271    i.evt_send          gatt_cache_manager.o
    0x00029300   0x00029300   0x0000002c   Code   RO         2173    i.evt_send          peer_manager.o
    0x0002932c   0x0002932c   0x0000001c   Code   RO         2611    i.evt_send          security_dispatcher.o
    0x00029348   0x00029348   0x0000000c   Code   RO         2749    i.evt_send          security_manager.o
    0x00029354   0x00029354   0x000000ec   Code   RO         1823    i.fds_evt_handler   peer_data_storage.o
    0x00029440   0x00029440   0x00000044   Code   RO         4561    i.fds_file_delete   fds.o
    0x00029484   0x00029484   0x0000003c   Code   RO         4562    i.fds_gc            fds.o
    0x000294c0   0x000294c0   0x000000d0   Code   RO         4563    i.fds_init          fds.o
    0x00029590   0x00029590   0x00000040   Code   RO         4564    i.fds_record_close  fds.o
    0x000295d0   0x000295d0   0x0000000e   Code   RO         4566    i.fds_record_find   fds.o
    0x000295de   0x000295de   0x00000010   Code   RO         4567    i.fds_record_find_by_key  fds.o
    0x000295ee   0x000295ee   0x00000010   Code   RO         4568    i.fds_record_find_in_file  fds.o
    0x000295fe   0x000295fe   0x00000010   Code   RO         4569    i.fds_record_id_from_desc  fds.o
    0x0002960e   0x0002960e   0x00000002   PAD
    0x00029610   0x00029610   0x00000048   Code   RO         4571    i.fds_record_open   fds.o
    0x00029658   0x00029658   0x0000000e   Code   RO         4572    i.fds_record_update  fds.o
    0x00029666   0x00029666   0x00000008   Code   RO         4573    i.fds_record_write  fds.o
    0x0002966e   0x0002966e   0x00000002   PAD
    0x00029670   0x00029670   0x0000002c   Code   RO         4575    i.fds_register      fds.o
    0x0002969c   0x0002969c   0x00000014   Code   RO         1824    i.file_id_within_pm_range  peer_data_storage.o
    0x000296b0   0x000296b0   0x00000012   Code   RO         2612    i.flag_id_init      security_dispatcher.o
    0x000296c2   0x000296c2   0x00000012   Code   RO         2750    i.flag_id_init      security_manager.o
    0x000296d4   0x000296d4   0x00000028   Code   RO          889    i.flags_set         ble_advertising.o
    0x000296fc   0x000296fc   0x00000030   Code   RO         2751    i.flags_set_from_err_code  security_manager.o
    0x0002972c   0x0002972c   0x00000030   Code   RO         1064    i.for_each_set_flag  ble_conn_state.o
    0x0002975c   0x0002975c   0x00000006   Code   RO         4579    i.fs_event_handler  fds.o
    0x00029762   0x00029762   0x00000002   PAD
    0x00029764   0x00029764   0x0000007c   Code   RO         4580    i.gc_execute        fds.o
    0x000297e0   0x000297e0   0x0000004c   Code   RO         4581    i.gc_next_page      fds.o
    0x0002982c   0x0002982c   0x00000040   Code   RO         4582    i.gc_page_erase     fds.o
    0x0002986c   0x0002986c   0x00000034   Code   RO         4583    i.gc_record_copy    fds.o
    0x000298a0   0x000298a0   0x00000024   Code   RO         4584    i.gc_record_find_next  fds.o
    0x000298c4   0x000298c4   0x00000088   Code   RO         4585    i.gc_state_advance  fds.o
    0x0002994c   0x0002994c   0x000001b8   Code   RO         1272    i.gcm_ble_evt_handler  gatt_cache_manager.o
    0x00029b04   0x00029b04   0x0000003c   Code   RO         1273    i.gcm_im_evt_handler  gatt_cache_manager.o
    0x00029b40   0x00029b40   0x0000007c   Code   RO         1274    i.gcm_init          gatt_cache_manager.o
    0x00029bbc   0x00029bbc   0x00000088   Code   RO         1277    i.gcm_pdb_evt_handler  gatt_cache_manager.o
    0x00029c44   0x00029c44   0x00000084   Code   RO         4081    i.gpiote_event_handler  app_button.o
    0x00029cc8   0x00029cc8   0x0000001c   Code   RO         1427    i.gscm_db_change_notification_done  gatts_cache_manager.o
    0x00029ce4   0x00029ce4   0x00000014   Code   RO         1428    i.gscm_init         gatts_cache_manager.o
    0x00029cf8   0x00029cf8   0x00000090   Code   RO         1430    i.gscm_local_db_cache_apply  gatts_cache_manager.o
    0x00029d88   0x00029d88   0x000000ac   Code   RO         1431    i.gscm_local_db_cache_update  gatts_cache_manager.o
    0x00029e34   0x00029e34   0x00000018   Code   RO         1432    i.gscm_pdb_evt_handler  gatts_cache_manager.o
    0x00029e4c   0x00029e4c   0x0000001e   Code   RO         1433    i.gscm_service_changed_ind_needed  gatts_cache_manager.o
    0x00029e6a   0x00029e6a   0x00000002   PAD
    0x00029e6c   0x00029e6c   0x0000005c   Code   RO         1434    i.gscm_service_changed_ind_send  gatts_cache_manager.o
    0x00029ec8   0x00029ec8   0x00000026   Code   RO         4586    i.header_check      fds.o
    0x00029eee   0x00029eee   0x00000012   Code   RO         4587    i.header_has_next   fds.o
    0x00029f00   0x00029f00   0x00000046   Code   RO         1516    i.im_address_resolve  id_manager.o
    0x00029f46   0x00029f46   0x00000002   PAD
    0x00029f48   0x00029f48   0x00000038   Code   RO         1517    i.im_ble_addr_get   id_manager.o
    0x00029f80   0x00029f80   0x000000dc   Code   RO         1518    i.im_ble_evt_handler  id_manager.o
    0x0002a05c   0x0002a05c   0x00000040   Code   RO         1519    i.im_conn_handle_get  id_manager.o
    0x0002a09c   0x0002a09c   0x00000038   Code   RO         1521    i.im_find_duplicate_bonding_data  id_manager.o
    0x0002a0d4   0x0002a0d4   0x00000072   Code   RO         1524    i.im_is_duplicate_bonding_data  id_manager.o
    0x0002a146   0x0002a146   0x00000018   Code   RO         1525    i.im_master_id_is_valid  id_manager.o
    0x0002a15e   0x0002a15e   0x0000002a   Code   RO         1526    i.im_master_ids_compare  id_manager.o
    0x0002a188   0x0002a188   0x00000014   Code   RO         1527    i.im_new_peer_id    id_manager.o
    0x0002a19c   0x0002a19c   0x0000002c   Code   RO         1528    i.im_peer_free      id_manager.o
    0x0002a1c8   0x0002a1c8   0x00000024   Code   RO         1529    i.im_peer_id_get_by_conn_handle  id_manager.o
    0x0002a1ec   0x0002a1ec   0x0000003c   Code   RO         1530    i.im_peer_id_get_by_master_id  id_manager.o
    0x0002a228   0x0002a228   0x00000034   Code   RO         5381    i.init              nrf_fstorage_sd.o
    0x0002a25c   0x0002a25c   0x000000c8   Code   RO         4588    i.init_execute      fds.o
    0x0002a324   0x0002a324   0x00000014   Code   RO          977    i.instance_get      ble_conn_params.o
    0x0002a338   0x0002a338   0x000000a6   Code   RO         5253    i.int_print         nrf_fprintf_format.o
    0x0002a3de   0x0002a3de   0x00000002   PAD
    0x0002a3e0   0x0002a3e0   0x00000080   Code   RO         3922    i.interrupts_enable  nrfx_uarte.o
    0x0002a460   0x0002a460   0x00000034   Code   RO         5952    i.invalid_packets_omit  nrf_log_frontend.o
    0x0002a494   0x0002a494   0x00000010   Code   RO         5382    i.is_busy           nrf_fstorage_sd.o
    0x0002a4a4   0x0002a4a4   0x00000044   Code   RO          978    i.is_conn_params_ok  ble_conn_params.o
    0x0002a4e8   0x0002a4e8   0x00000014   Code   RO         1535    i.is_valid_irk      id_manager.o
    0x0002a4fc   0x0002a4fc   0x0000000c   Code   RO         4589    i.is_word_aligned   fds.o
    0x0002a508   0x0002a508   0x00000030   Code   RO          603    i.leds_off          bsp.o
    0x0002a538   0x0002a538   0x00000014   Code   RO          604    i.leds_timer_handler  bsp.o
    0x0002a54c   0x0002a54c   0x00000014   Code   RO         1681    i.link_init         nrf_ble_gatt.o
    0x0002a560   0x0002a560   0x000000d0   Code   RO         2752    i.link_secure       security_manager.o
    0x0002a630   0x0002a630   0x0000003c   Code   RO         2613    i.link_secure_failure  security_dispatcher.o
    0x0002a66c   0x0002a66c   0x0000002c   Code   RO         2753    i.link_secure_pending_handle  security_manager.o
    0x0002a698   0x0002a698   0x000000f8   Code   RO         4306    i.list_insertions_handler  app_timer.o
    0x0002a790   0x0002a790   0x000000a8   Code   RO         1278    i.local_db_apply_in_evt  gatt_cache_manager.o
    0x0002a838   0x0002a838   0x00000010   Code   RO         1279    i.local_db_update   gatt_cache_manager.o
    0x0002a848   0x0002a848   0x0000010c   Code   RO         1280    i.local_db_update_in_evt  gatt_cache_manager.o
    0x0002a954   0x0002a954   0x0000009c   Code   RO         5953    i.log_skip          nrf_log_frontend.o
    0x0002a9f0   0x0002a9f0   0x00000238   Code   RO           13    i.main              main.o
    0x0002ac28   0x0002ac28   0x00000064   Code   RO          781    i.manuf_specific_data_encode  ble_advdata.o
    0x0002ac8c   0x0002ac8c   0x0000007e   Code   RO         5491    i.memobj_op         nrf_memobj.o
    0x0002ad0a   0x0002ad0a   0x00000002   PAD
    0x0002ad0c   0x0002ad0c   0x00000030   Code   RO         5954    i.module_idx_get    nrf_log_frontend.o
    0x0002ad3c   0x0002ad3c   0x00000008   Code   RO         2560    i.mutex_lock_status_get  pm_buffer.o
    0x0002ad44   0x0002ad44   0x000000a6   Code   RO          782    i.name_encode       ble_advdata.o
    0x0002adea   0x0002adea   0x00000002   PAD
    0x0002adec   0x0002adec   0x00000014   Code   RO         2754    i.new_context_get   security_manager.o
    0x0002ae00   0x0002ae00   0x00000030   Code   RO         2083    i.next_id_get       peer_id.o
    0x0002ae30   0x0002ae30   0x00000010   Code   RO         4906    i.nrf_atfifo_clear  nrf_atfifo.o
    0x0002ae40   0x0002ae40   0x00000026   Code   RO         4908    i.nrf_atfifo_init   nrf_atfifo.o
    0x0002ae66   0x0002ae66   0x00000016   Code   RO         4909    i.nrf_atfifo_item_alloc  nrf_atfifo.o
    0x0002ae7c   0x0002ae7c   0x00000016   Code   RO         4910    i.nrf_atfifo_item_free  nrf_atfifo.o
    0x0002ae92   0x0002ae92   0x00000016   Code   RO         4911    i.nrf_atfifo_item_get  nrf_atfifo.o
    0x0002aea8   0x0002aea8   0x00000016   Code   RO         4912    i.nrf_atfifo_item_put  nrf_atfifo.o
    0x0002aebe   0x0002aebe   0x00000016   Code   RO         4974    i.nrf_atflags_clear  nrf_atflags.o
    0x0002aed4   0x0002aed4   0x00000020   Code   RO         4976    i.nrf_atflags_fetch_set  nrf_atflags.o
    0x0002aef4   0x0002aef4   0x0000004a   Code   RO         4978    i.nrf_atflags_find_and_set_flag  nrf_atflags.o
    0x0002af3e   0x0002af3e   0x00000016   Code   RO         4979    i.nrf_atflags_get   nrf_atflags.o
    0x0002af54   0x0002af54   0x00000014   Code   RO         4981    i.nrf_atflags_set   nrf_atflags.o
    0x0002af68   0x0002af68   0x00000006   Code   RO         5042    i.nrf_atomic_flag_clear_fetch  nrf_atomic.o
    0x0002af6e   0x0002af6e   0x00000006   Code   RO         5043    i.nrf_atomic_flag_set  nrf_atomic.o
    0x0002af74   0x0002af74   0x00000006   Code   RO         5044    i.nrf_atomic_flag_set_fetch  nrf_atomic.o
    0x0002af7a   0x0002af7a   0x0000000c   Code   RO         5045    i.nrf_atomic_u32_add  nrf_atomic.o
    0x0002af86   0x0002af86   0x0000000c   Code   RO         5046    i.nrf_atomic_u32_and  nrf_atomic.o
    0x0002af92   0x0002af92   0x0000000a   Code   RO         5048    i.nrf_atomic_u32_fetch_add  nrf_atomic.o
    0x0002af9c   0x0002af9c   0x0000000a   Code   RO         5049    i.nrf_atomic_u32_fetch_and  nrf_atomic.o
    0x0002afa6   0x0002afa6   0x0000000a   Code   RO         5050    i.nrf_atomic_u32_fetch_or  nrf_atomic.o
    0x0002afb0   0x0002afb0   0x0000000a   Code   RO         5051    i.nrf_atomic_u32_fetch_store  nrf_atomic.o
    0x0002afba   0x0002afba   0x0000000c   Code   RO         5055    i.nrf_atomic_u32_or  nrf_atomic.o
    0x0002afc6   0x0002afc6   0x0000000c   Code   RO         5057    i.nrf_atomic_u32_sub  nrf_atomic.o
    0x0002afd2   0x0002afd2   0x00000044   Code   RO         5176    i.nrf_balloc_alloc  nrf_balloc.o
    0x0002b016   0x0002b016   0x00000030   Code   RO         5177    i.nrf_balloc_free   nrf_balloc.o
    0x0002b046   0x0002b046   0x00000030   Code   RO         5178    i.nrf_balloc_init   nrf_balloc.o
    0x0002b076   0x0002b076   0x00000010   Code   RO         3387    i.nrf_bitmask_bit_is_set  nrfx_gpiote.o
    0x0002b086   0x0002b086   0x00000014   Code   RO         3388    i.nrf_bitmask_bit_set  nrfx_gpiote.o
    0x0002b09a   0x0002b09a   0x00000022   Code   RO         1687    i.nrf_ble_gatt_init  nrf_ble_gatt.o
    0x0002b0bc   0x0002b0bc   0x00000150   Code   RO         1688    i.nrf_ble_gatt_on_ble_evt  nrf_ble_gatt.o
    0x0002b20c   0x0002b20c   0x00000016   Code   RO         1782    i.nrf_ble_qwr_conn_handle_assign  nrf_ble_qwr.o
    0x0002b222   0x0002b222   0x00000024   Code   RO         1783    i.nrf_ble_qwr_init  nrf_ble_qwr.o
    0x0002b246   0x0002b246   0x000000b6   Code   RO         1784    i.nrf_ble_qwr_on_ble_evt  nrf_ble_qwr.o
    0x0002b2fc   0x0002b2fc   0x0000000e   Code   RO         3249    i.nrf_clock_event_check  nrfx_clock.o
    0x0002b30a   0x0002b30a   0x00000010   Code   RO         3250    i.nrf_clock_event_clear  nrfx_clock.o
    0x0002b31a   0x0002b31a   0x00000002   PAD
    0x0002b31c   0x0002b31c   0x00000038   Code   RO         3058    i.nrf_drv_clock_init  nrf_drv_clock.o
    0x0002b354   0x0002b354   0x00000030   Code   RO         3062    i.nrf_drv_clock_lfclk_release  nrf_drv_clock.o
    0x0002b384   0x0002b384   0x00000068   Code   RO         3196    i.nrf_drv_uart_init  nrf_drv_uart.o
    0x0002b3ec   0x0002b3ec   0x0000001a   Code   RO         5213    i.nrf_fprintf       nrf_fprintf.o
    0x0002b406   0x0002b406   0x00000018   Code   RO         5214    i.nrf_fprintf_buffer_flush  nrf_fprintf.o
    0x0002b41e   0x0002b41e   0x000001da   Code   RO         5254    i.nrf_fprintf_fmt   nrf_fprintf_format.o
    0x0002b5f8   0x0002b5f8   0x00000138   Code   RO         5294    i.nrf_fstorage_erase  nrf_fstorage.o
    0x0002b730   0x0002b730   0x00000094   Code   RO         5295    i.nrf_fstorage_init  nrf_fstorage.o
    0x0002b7c4   0x0002b7c4   0x00000018   Code   RO         5383    i.nrf_fstorage_sdh_req_handler  nrf_fstorage_sd.o
    0x0002b7dc   0x0002b7dc   0x00000020   Code   RO         5384    i.nrf_fstorage_sdh_state_handler  nrf_fstorage_sd.o
    0x0002b7fc   0x0002b7fc   0x000000a4   Code   RO         5385    i.nrf_fstorage_sys_evt_handler  nrf_fstorage_sd.o
    0x0002b8a0   0x0002b8a0   0x000001dc   Code   RO         5301    i.nrf_fstorage_write  nrf_fstorage.o
    0x0002ba7c   0x0002ba7c   0x00000024   Code   RO          467    i.nrf_gpio_cfg      boards.o
    0x0002baa0   0x0002baa0   0x00000024   Code   RO         3389    i.nrf_gpio_cfg      nrfx_gpiote.o
    0x0002bac4   0x0002bac4   0x00000024   Code   RO         3731    i.nrf_gpio_cfg      nrfx_uart.o
    0x0002bae8   0x0002bae8   0x00000024   Code   RO         3923    i.nrf_gpio_cfg      nrfx_uarte.o
    0x0002bb0c   0x0002bb0c   0x00000012   Code   RO         3732    i.nrf_gpio_cfg_default  nrfx_uart.o
    0x0002bb1e   0x0002bb1e   0x00000012   Code   RO         3924    i.nrf_gpio_cfg_default  nrfx_uarte.o
    0x0002bb30   0x0002bb30   0x00000012   Code   RO         3733    i.nrf_gpio_cfg_input  nrfx_uart.o
    0x0002bb42   0x0002bb42   0x00000012   Code   RO         3925    i.nrf_gpio_cfg_input  nrfx_uarte.o
    0x0002bb54   0x0002bb54   0x00000014   Code   RO         3734    i.nrf_gpio_cfg_output  nrfx_uart.o
    0x0002bb68   0x0002bb68   0x00000014   Code   RO         3926    i.nrf_gpio_cfg_output  nrfx_uarte.o
    0x0002bb7c   0x0002bb7c   0x00000022   Code   RO         3391    i.nrf_gpio_cfg_sense_set  nrfx_gpiote.o
    0x0002bb9e   0x0002bb9e   0x00000016   Code   RO          468    i.nrf_gpio_pin_write  boards.o
    0x0002bbb4   0x0002bbb4   0x00000028   Code   RO         3392    i.nrf_gpio_ports_read  nrfx_gpiote.o
    0x0002bbdc   0x0002bbdc   0x00000014   Code   RO         3393    i.nrf_gpiote_event_clear  nrfx_gpiote.o
    0x0002bbf0   0x0002bbf0   0x00000010   Code   RO         3394    i.nrf_gpiote_event_is_set  nrfx_gpiote.o
    0x0002bc00   0x0002bc00   0x0000005c   Code   RO         5955    i.nrf_log_backend_add  nrf_log_frontend.o
    0x0002bc5c   0x0002bc5c   0x000000c2   Code   RO         5794    i.nrf_log_backend_serial_put  nrf_log_backend_serial.o
    0x0002bd1e   0x0002bd1e   0x00000002   Code   RO         5834    i.nrf_log_backend_uart_flush  nrf_log_backend_uart.o
    0x0002bd20   0x0002bd20   0x00000006   Code   RO         5835    i.nrf_log_backend_uart_init  nrf_log_backend_uart.o
    0x0002bd26   0x0002bd26   0x00000002   PAD
    0x0002bd28   0x0002bd28   0x0000002c   Code   RO         5836    i.nrf_log_backend_uart_panic_set  nrf_log_backend_uart.o
    0x0002bd54   0x0002bd54   0x00000018   Code   RO         5837    i.nrf_log_backend_uart_put  nrf_log_backend_uart.o
    0x0002bd6c   0x0002bd6c   0x00000030   Code   RO         5957    i.nrf_log_color_id_get  nrf_log_frontend.o
    0x0002bd9c   0x0002bd9c   0x0000001c   Code   RO         5913    i.nrf_log_default_backends_init  nrf_log_default_backends.o
    0x0002bdb8   0x0002bdb8   0x00000230   Code   RO         5958    i.nrf_log_frontend_dequeue  nrf_log_frontend.o
    0x0002bfe8   0x0002bfe8   0x00000008   Code   RO         5960    i.nrf_log_frontend_std_0  nrf_log_frontend.o
    0x0002bff0   0x0002bff0   0x0000000e   Code   RO         5961    i.nrf_log_frontend_std_1  nrf_log_frontend.o
    0x0002bffe   0x0002bffe   0x00000010   Code   RO         5962    i.nrf_log_frontend_std_2  nrf_log_frontend.o
    0x0002c00e   0x0002c00e   0x00000012   Code   RO         5963    i.nrf_log_frontend_std_3  nrf_log_frontend.o
    0x0002c020   0x0002c020   0x00000014   Code   RO         5964    i.nrf_log_frontend_std_4  nrf_log_frontend.o
    0x0002c034   0x0002c034   0x000000ac   Code   RO         6135    i.nrf_log_hexdump_entry_process  nrf_log_str_formatter.o
    0x0002c0e0   0x0002c0e0   0x0000003c   Code   RO         5967    i.nrf_log_init      nrf_log_frontend.o
    0x0002c11c   0x0002c11c   0x00000014   Code   RO         5968    i.nrf_log_module_cnt_get  nrf_log_frontend.o
    0x0002c130   0x0002c130   0x0000001c   Code   RO         5971    i.nrf_log_module_name_get  nrf_log_frontend.o
    0x0002c14c   0x0002c14c   0x0000002c   Code   RO         5972    i.nrf_log_panic     nrf_log_frontend.o
    0x0002c178   0x0002c178   0x000000b6   Code   RO         6136    i.nrf_log_std_entry_process  nrf_log_str_formatter.o
    0x0002c22e   0x0002c22e   0x00000060   Code   RO         5492    i.nrf_memobj_alloc  nrf_memobj.o
    0x0002c28e   0x0002c28e   0x00000032   Code   RO         5493    i.nrf_memobj_free   nrf_memobj.o
    0x0002c2c0   0x0002c2c0   0x00000008   Code   RO         5494    i.nrf_memobj_get    nrf_memobj.o
    0x0002c2c8   0x0002c2c8   0x00000004   Code   RO         5495    i.nrf_memobj_pool_init  nrf_memobj.o
    0x0002c2cc   0x0002c2cc   0x0000001e   Code   RO         5496    i.nrf_memobj_put    nrf_memobj.o
    0x0002c2ea   0x0002c2ea   0x00000010   Code   RO         5497    i.nrf_memobj_read   nrf_memobj.o
    0x0002c2fa   0x0002c2fa   0x00000010   Code   RO         5498    i.nrf_memobj_write  nrf_memobj.o
    0x0002c30a   0x0002c30a   0x00000002   PAD
    0x0002c30c   0x0002c30c   0x00000050   Code   RO         5570    i.nrf_pwr_mgmt_init  nrf_pwr_mgmt.o
    0x0002c35c   0x0002c35c   0x00000044   Code   RO         5571    i.nrf_pwr_mgmt_run  nrf_pwr_mgmt.o
    0x0002c3a0   0x0002c3a0   0x0000003c   Code   RO         5572    i.nrf_pwr_mgmt_shutdown  nrf_pwr_mgmt.o
    0x0002c3dc   0x0002c3dc   0x00000014   Code   RO         5573    i.nrf_pwr_mgmt_timeout_handler  nrf_pwr_mgmt.o
    0x0002c3f0   0x0002c3f0   0x00000004   Code   RO           14    i.nrf_qwr_error_handler  main.o
    0x0002c3f4   0x0002c3f4   0x0000001c   Code   RO         5650    i.nrf_ringbuf_init  nrf_ringbuf.o
    0x0002c410   0x0002c410   0x00000014   Code   RO         6700    i.nrf_sdh_ble_app_ram_start_get  nrf_sdh_ble.o
    0x0002c424   0x0002c424   0x00000100   Code   RO         6701    i.nrf_sdh_ble_default_cfg_set  nrf_sdh_ble.o
    0x0002c524   0x0002c524   0x00000130   Code   RO         6702    i.nrf_sdh_ble_enable  nrf_sdh_ble.o
    0x0002c654   0x0002c654   0x0000005c   Code   RO         6703    i.nrf_sdh_ble_evts_poll  nrf_sdh_ble.o
    0x0002c6b0   0x0002c6b0   0x00000054   Code   RO         6581    i.nrf_sdh_disable_request  nrf_sdh.o
    0x0002c704   0x0002c704   0x00000074   Code   RO         6582    i.nrf_sdh_enable_request  nrf_sdh.o
    0x0002c778   0x0002c778   0x00000024   Code   RO         6583    i.nrf_sdh_evts_poll  nrf_sdh.o
    0x0002c79c   0x0002c79c   0x0000000c   Code   RO         6584    i.nrf_sdh_is_enabled  nrf_sdh.o
    0x0002c7a8   0x0002c7a8   0x0000001c   Code   RO         6586    i.nrf_sdh_request_continue  nrf_sdh.o
    0x0002c7c4   0x0002c7c4   0x0000003c   Code   RO         6754    i.nrf_sdh_soc_evts_poll  nrf_sdh_soc.o
    0x0002c800   0x0002c800   0x0000000a   Code   RO         5708    i.nrf_section_iter_init  nrf_section_iter.o
    0x0002c80a   0x0002c80a   0x00000024   Code   RO         5709    i.nrf_section_iter_item_set  nrf_section_iter.o
    0x0002c82e   0x0002c82e   0x00000020   Code   RO         5710    i.nrf_section_iter_next  nrf_section_iter.o
    0x0002c84e   0x0002c84e   0x00000002   PAD
    0x0002c850   0x0002c850   0x00000038   Code   RO         5743    i.nrf_strerror_find  nrf_strerror.o
    0x0002c888   0x0002c888   0x00000014   Code   RO         5744    i.nrf_strerror_get  nrf_strerror.o
    0x0002c89c   0x0002c89c   0x0000000a   Code   RO         3735    i.nrf_uart_event_check  nrfx_uart.o
    0x0002c8a6   0x0002c8a6   0x0000000c   Code   RO         3736    i.nrf_uart_event_clear  nrfx_uart.o
    0x0002c8b2   0x0002c8b2   0x0000000c   Code   RO         3737    i.nrf_uart_int_enable_check  nrfx_uart.o
    0x0002c8be   0x0002c8be   0x0000000a   Code   RO         3927    i.nrf_uarte_event_check  nrfx_uarte.o
    0x0002c8c8   0x0002c8c8   0x0000000c   Code   RO         3928    i.nrf_uarte_event_clear  nrfx_uarte.o
    0x0002c8d4   0x0002c8d4   0x00000030   Code   RO         3255    i.nrfx_clock_enable  nrfx_clock.o
    0x0002c904   0x0002c904   0x00000020   Code   RO         3258    i.nrfx_clock_init   nrfx_clock.o
    0x0002c924   0x0002c924   0x0000001c   Code   RO         3261    i.nrfx_clock_lfclk_stop  nrfx_clock.o
    0x0002c940   0x0002c940   0x00000010   Code   RO         4307    i.nrfx_coredep_delay_us  app_timer.o
    0x0002c950   0x0002c950   0x000000a4   Code   RO         3399    i.nrfx_gpiote_in_event_enable  nrfx_gpiote.o
    0x0002c9f4   0x0002c9f4   0x000000d0   Code   RO         3400    i.nrfx_gpiote_in_init  nrfx_gpiote.o
    0x0002cac4   0x0002cac4   0x00000014   Code   RO         3401    i.nrfx_gpiote_in_is_set  nrfx_gpiote.o
    0x0002cad8   0x0002cad8   0x00000070   Code   RO         3403    i.nrfx_gpiote_init  nrfx_gpiote.o
    0x0002cb48   0x0002cb48   0x00000014   Code   RO         3404    i.nrfx_gpiote_is_init  nrfx_gpiote.o
    0x0002cb5c   0x0002cb5c   0x00000010   Code   RO         3929    i.nrfx_is_in_ram    nrfx_uarte.o
    0x0002cb6c   0x0002cb6c   0x0000003a   Code   RO         3677    i.nrfx_prs_acquire  nrfx_prs.o
    0x0002cba6   0x0002cba6   0x00000012   Code   RO         3678    i.nrfx_prs_release  nrfx_prs.o
    0x0002cbb8   0x0002cbb8   0x00000010   Code   RO         3738    i.nrfx_uart_0_irq_handler  nrfx_uart.o
    0x0002cbc8   0x0002cbc8   0x000000d4   Code   RO         3740    i.nrfx_uart_init    nrfx_uart.o
    0x0002cc9c   0x0002cc9c   0x000000a4   Code   RO         3746    i.nrfx_uart_tx      nrfx_uart.o
    0x0002cd40   0x0002cd40   0x00000020   Code   RO         3748    i.nrfx_uart_tx_in_progress  nrfx_uart.o
    0x0002cd60   0x0002cd60   0x000000b4   Code   RO         3749    i.nrfx_uart_uninit  nrfx_uart.o
    0x0002ce14   0x0002ce14   0x00000010   Code   RO         3930    i.nrfx_uarte_0_irq_handler  nrfx_uarte.o
    0x0002ce24   0x0002ce24   0x0000006c   Code   RO         3932    i.nrfx_uarte_init   nrfx_uarte.o
    0x0002ce90   0x0002ce90   0x00000090   Code   RO         3936    i.nrfx_uarte_tx     nrfx_uarte.o
    0x0002cf20   0x0002cf20   0x0000001c   Code   RO         3938    i.nrfx_uarte_tx_in_progress  nrfx_uarte.o
    0x0002cf3c   0x0002cf3c   0x000000b0   Code   RO         3939    i.nrfx_uarte_uninit  nrfx_uarte.o
    0x0002cfec   0x0002cfec   0x00000024   Code   RO           15    i.on_adv_evt        main.o
    0x0002d010   0x0002d010   0x0000001c   Code   RO           16    i.on_conn_params_evt  main.o
    0x0002d02c   0x0002d02c   0x000000a8   Code   RO         1689    i.on_connected_evt  nrf_ble_gatt.o
    0x0002d0d4   0x0002d0d4   0x000000ac   Code   RO         1690    i.on_exchange_mtu_request_evt  nrf_ble_gatt.o
    0x0002d180   0x0002d180   0x00000070   Code   RO         2906    i.on_rw_authorize_req  ble_dfu.o
    0x0002d1f0   0x0002d1f0   0x00000024   Code   RO         4590    i.page_identify     fds.o
    0x0002d214   0x0002d214   0x0000001c   Code   RO         4591    i.page_offsets_update  fds.o
    0x0002d230   0x0002d230   0x0000006c   Code   RO         4592    i.page_scan         fds.o
    0x0002d29c   0x0002d29c   0x0000001c   Code   RO         4593    i.page_tag_write_data  fds.o
    0x0002d2b8   0x0002d2b8   0x00000024   Code   RO         4594    i.page_tag_write_swap  fds.o
    0x0002d2dc   0x0002d2dc   0x0000011c   Code   RO         4595    i.pages_init        fds.o
    0x0002d3f8   0x0002d3f8   0x0000000c   Code   RO         2614    i.pairing           security_dispatcher.o
    0x0002d404   0x0002d404   0x00000074   Code   RO         2615    i.pairing_failure   security_dispatcher.o
    0x0002d478   0x0002d478   0x0000002e   Code   RO         2616    i.pairing_success_evt_send  security_dispatcher.o
    0x0002d4a6   0x0002d4a6   0x00000006   Code   RO         2755    i.params_reply_pending_handle  security_manager.o
    0x0002d4ac   0x0002d4ac   0x00000028   Code   RO         2756    i.params_req_send   security_manager.o
    0x0002d4d4   0x0002d4d4   0x0000001c   Code   RO         1963    i.pdb_evt_send      peer_database.o
    0x0002d4f0   0x0002d4f0   0x00000090   Code   RO         1964    i.pdb_init          peer_database.o
    0x0002d580   0x0002d580   0x0000007c   Code   RO         1965    i.pdb_pds_evt_handler  peer_database.o
    0x0002d5fc   0x0002d5fc   0x00000006   Code   RO         1966    i.pdb_peer_data_ptr_get  peer_database.o
    0x0002d602   0x0002d602   0x00000002   PAD
    0x0002d604   0x0002d604   0x0000008c   Code   RO         1967    i.pdb_peer_free     peer_database.o
    0x0002d690   0x0002d690   0x000000dc   Code   RO         1968    i.pdb_write_buf_get  peer_database.o
    0x0002d76c   0x0002d76c   0x00000014   Code   RO         1969    i.pdb_write_buf_release  peer_database.o
    0x0002d780   0x0002d780   0x00000036   Code   RO         1970    i.pdb_write_buf_store  peer_database.o
    0x0002d7b6   0x0002d7b6   0x00000002   PAD
    0x0002d7b8   0x0002d7b8   0x00000010   Code   RO         1825    i.pds_evt_send      peer_data_storage.o
    0x0002d7c8   0x0002d7c8   0x000000dc   Code   RO         1826    i.pds_init          peer_data_storage.o
    0x0002d8a4   0x0002d8a4   0x00000004   Code   RO         1827    i.pds_next_deleted_peer_id_get  peer_data_storage.o
    0x0002d8a8   0x0002d8a8   0x00000004   Code   RO         1828    i.pds_next_peer_id_get  peer_data_storage.o
    0x0002d8ac   0x0002d8ac   0x00000058   Code   RO         1831    i.pds_peer_data_iterate  peer_data_storage.o
    0x0002d904   0x0002d904   0x00000010   Code   RO         1832    i.pds_peer_data_iterate_prepare  peer_data_storage.o
    0x0002d914   0x0002d914   0x00000072   Code   RO         1833    i.pds_peer_data_read  peer_data_storage.o
    0x0002d986   0x0002d986   0x00000002   PAD
    0x0002d988   0x0002d988   0x000000a0   Code   RO         1834    i.pds_peer_data_store  peer_data_storage.o
    0x0002da28   0x0002da28   0x00000008   Code   RO         1835    i.pds_peer_id_allocate  peer_data_storage.o
    0x0002da30   0x0002da30   0x00000016   Code   RO         1836    i.pds_peer_id_free  peer_data_storage.o
    0x0002da46   0x0002da46   0x00000004   Code   RO         1837    i.pds_peer_id_is_allocated  peer_data_storage.o
    0x0002da4a   0x0002da4a   0x00000002   PAD
    0x0002da4c   0x0002da4c   0x0000009c   Code   RO         1839    i.peer_data_delete_process  peer_data_storage.o
    0x0002dae8   0x0002dae8   0x00000030   Code   RO         1840    i.peer_data_find    peer_data_storage.o
    0x0002db18   0x0002db18   0x00000024   Code   RO         1841    i.peer_data_id_is_valid  peer_data_storage.o
    0x0002db3c   0x0002db3c   0x0000001a   Code   RO         1971    i.peer_data_point_to_buffer  peer_database.o
    0x0002db56   0x0002db56   0x00000002   PAD
    0x0002db58   0x0002db58   0x0000000c   Code   RO         2084    i.peer_id_allocate  peer_id.o
    0x0002db64   0x0002db64   0x00000024   Code   RO         2085    i.peer_id_delete    peer_id.o
    0x0002db88   0x0002db88   0x0000001c   Code   RO         2086    i.peer_id_free      peer_id.o
    0x0002dba4   0x0002dba4   0x0000000c   Code   RO         2087    i.peer_id_get_next_deleted  peer_id.o
    0x0002dbb0   0x0002dbb0   0x00000030   Code   RO         2088    i.peer_id_get_next_used  peer_id.o
    0x0002dbe0   0x0002dbe0   0x0000000c   Code   RO         2089    i.peer_id_init      peer_id.o
    0x0002dbec   0x0002dbec   0x00000014   Code   RO         2090    i.peer_id_is_allocated  peer_id.o
    0x0002dc00   0x0002dc00   0x00000014   Code   RO         2091    i.peer_id_is_deleted  peer_id.o
    0x0002dc14   0x0002dc14   0x0000006c   Code   RO           17    i.peer_manager_init  main.o
    0x0002dc80   0x0002dc80   0x00000012   Code   RO          890    i.phy_is_valid      ble_advertising.o
    0x0002dc92   0x0002dc92   0x00000002   PAD
    0x0002dc94   0x0002dc94   0x00000018   Code   RO         3420    i.pin_in_use_by_port  nrfx_gpiote.o
    0x0002dcac   0x0002dcac   0x00000018   Code   RO         3421    i.pin_in_use_by_te  nrfx_gpiote.o
    0x0002dcc4   0x0002dcc4   0x00000064   Code   RO         2561    i.pm_buffer_block_acquire  pm_buffer.o
    0x0002dd28   0x0002dd28   0x00000024   Code   RO         2562    i.pm_buffer_init    pm_buffer.o
    0x0002dd4c   0x0002dd4c   0x00000028   Code   RO         2563    i.pm_buffer_ptr_get  pm_buffer.o
    0x0002dd74   0x0002dd74   0x00000032   Code   RO         2564    i.pm_buffer_release  pm_buffer.o
    0x0002dda6   0x0002dda6   0x00000002   PAD
    0x0002dda8   0x0002dda8   0x00000078   Code   RO         2178    i.pm_conn_sec_status_get  peer_manager.o
    0x0002de20   0x0002de20   0x0000001c   Code   RO         2179    i.pm_conn_secure    peer_manager.o
    0x0002de3c   0x0002de3c   0x00000012   Code   RO           18    i.pm_evt_handler    main.o
    0x0002de4e   0x0002de4e   0x00000004   Code   RO         2181    i.pm_gcm_evt_handler  peer_manager.o
    0x0002de52   0x0002de52   0x00000002   PAD
    0x0002de54   0x0002de54   0x00000210   Code   RO         2469    i.pm_handler_flash_clean  peer_manager_handler.o
    0x0002e064   0x0002e064   0x0000001c   Code   RO         2470    i.pm_handler_flash_clean_on_return  peer_manager_handler.o
    0x0002e080   0x0002e080   0x00000054   Code   RO         2471    i.pm_handler_on_pm_evt  peer_manager_handler.o
    0x0002e0d4   0x0002e0d4   0x000002dc   Code   RO         2472    i.pm_handler_pm_evt_log  peer_manager_handler.o
    0x0002e3b0   0x0002e3b0   0x00000004   Code   RO         2184    i.pm_im_evt_handler  peer_manager.o
    0x0002e3b4   0x0002e3b4   0x000001bc   Code   RO         2185    i.pm_init           peer_manager.o
    0x0002e570   0x0002e570   0x00000120   Code   RO         2189    i.pm_pdb_evt_handler  peer_manager.o
    0x0002e690   0x0002e690   0x00000014   Code   RO         2200    i.pm_peer_delete    peer_manager.o
    0x0002e6a4   0x0002e6a4   0x0000011c   Code   RO         2204    i.pm_peer_rank_highest  peer_manager.o
    0x0002e7c0   0x0002e7c0   0x000000ec   Code   RO         2205    i.pm_peer_ranks_get  peer_manager.o
    0x0002e8ac   0x0002e8ac   0x00000094   Code   RO         2206    i.pm_peers_delete   peer_manager.o
    0x0002e940   0x0002e940   0x0000002c   Code   RO         2209    i.pm_register       peer_manager.o
    0x0002e96c   0x0002e96c   0x00000014   Code   RO         2210    i.pm_sec_params_set  peer_manager.o
    0x0002e980   0x0002e980   0x0000000a   Code   RO         2211    i.pm_sm_evt_handler  peer_manager.o
    0x0002e98a   0x0002e98a   0x00000002   PAD
    0x0002e98c   0x0002e98c   0x0000003c   Code   RO         6138    i.postfix_process   nrf_log_str_formatter.o
    0x0002e9c8   0x0002e9c8   0x00000098   Code   RO         6139    i.prefix_process    nrf_log_str_formatter.o
    0x0002ea60   0x0002ea60   0x00000018   Code   RO         3679    i.prs_box_get       nrfx_prs.o
    0x0002ea78   0x0002ea78   0x0000001c   Code   RO         4596    i.queue_buf_get     fds.o
    0x0002ea94   0x0002ea94   0x00000010   Code   RO         4597    i.queue_buf_store   fds.o
    0x0002eaa4   0x0002eaa4   0x00000014   Code   RO         5386    i.queue_free        nrf_fstorage_sd.o
    0x0002eab8   0x0002eab8   0x000000a0   Code   RO         4598    i.queue_process     fds.o
    0x0002eb58   0x0002eb58   0x000000a0   Code   RO         5387    i.queue_process     nrf_fstorage_sd.o
    0x0002ebf8   0x0002ebf8   0x0000001c   Code   RO         4599    i.queue_start       fds.o
    0x0002ec14   0x0002ec14   0x00000024   Code   RO         5388    i.queue_start       nrf_fstorage_sd.o
    0x0002ec38   0x0002ec38   0x0000001c   Code   RO         2475    i.rank_highest      peer_manager_handler.o
    0x0002ec54   0x0002ec54   0x00000028   Code   RO         2214    i.rank_vars_update  peer_manager.o
    0x0002ec7c   0x0002ec7c   0x0000000e   Code   RO         5389    i.read              nrf_fstorage_sd.o
    0x0002ec8a   0x0002ec8a   0x00000002   PAD
    0x0002ec8c   0x0002ec8c   0x000000b0   Code   RO         1972    i.reattempt_previous_operations  peer_database.o
    0x0002ed3c   0x0002ed3c   0x00000088   Code   RO         4600    i.record_find       fds.o
    0x0002edc4   0x0002edc4   0x000000a0   Code   RO         4601    i.record_find_by_desc  fds.o
    0x0002ee64   0x0002ee64   0x0000005c   Code   RO         4602    i.record_find_next  fds.o
    0x0002eec0   0x0002eec0   0x00000038   Code   RO         4603    i.record_header_flag_dirty  fds.o
    0x0002eef8   0x0002eef8   0x00000010   Code   RO         2093    i.release           peer_id.o
    0x0002ef08   0x0002ef08   0x00000004   Code   RO         5390    i.rmap              nrf_fstorage_sd.o
    0x0002ef0c   0x0002ef0c   0x0000003c   Code   RO         4308    i.rtc1_stop         app_timer.o
    0x0002ef48   0x0002ef48   0x00000032   Code   RO         3750    i.rx_byte           nrfx_uart.o
    0x0002ef7a   0x0002ef7a   0x00000016   Code   RO         3751    i.rx_done_event     nrfx_uart.o
    0x0002ef90   0x0002ef90   0x00000018   Code   RO         3940    i.rx_done_event     nrfx_uarte.o
    0x0002efa8   0x0002efa8   0x00000024   Code   RO         1281    i.sc_send_pending_handle  gatt_cache_manager.o
    0x0002efcc   0x0002efcc   0x00000050   Code   RO         3065    i.sd_state_evt_handler  nrf_drv_clock.o
    0x0002f01c   0x0002f01c   0x00000030   Code   RO         6589    i.sdh_request_observer_notify  nrf_sdh.o
    0x0002f04c   0x0002f04c   0x0000002c   Code   RO         6590    i.sdh_state_observer_notify  nrf_sdh.o
    0x0002f078   0x0002f078   0x000000b4   Code   RO         2617    i.sec_info_request_process  security_dispatcher.o
    0x0002f12c   0x0002f12c   0x000000f4   Code   RO         2618    i.sec_keyset_fill   security_dispatcher.o
    0x0002f220   0x0002f220   0x00000076   Code   RO         2757    i.sec_params_verify  security_manager.o
    0x0002f296   0x0002f296   0x00000002   PAD
    0x0002f298   0x0002f298   0x00000060   Code   RO         2619    i.sec_proc_start    security_dispatcher.o
    0x0002f2f8   0x0002f2f8   0x00000022   Code   RO         2620    i.send_config_req   security_dispatcher.o
    0x0002f31a   0x0002f31a   0x00000002   PAD
    0x0002f31c   0x0002f31c   0x00000010   Code   RO          979    i.send_error_evt    ble_conn_params.o
    0x0002f32c   0x0002f32c   0x00000028   Code   RO         1282    i.send_unexpected_error  gatt_cache_manager.o
    0x0002f354   0x0002f354   0x00000028   Code   RO         2621    i.send_unexpected_error  security_dispatcher.o
    0x0002f37c   0x0002f37c   0x00000040   Code   RO         5838    i.serial_tx         nrf_log_backend_uart.o
    0x0002f3bc   0x0002f3bc   0x00000014   Code   RO         1283    i.service_changed_pending_flags_check  gatt_cache_manager.o
    0x0002f3d0   0x0002f3d0   0x00000044   Code   RO         1435    i.service_changed_pending_set  gatts_cache_manager.o
    0x0002f414   0x0002f414   0x000000f4   Code   RO         1284    i.service_changed_send_in_evt  gatt_cache_manager.o
    0x0002f508   0x0002f508   0x00000088   Code   RO          783    i.service_data_encode  ble_advdata.o
    0x0002f590   0x0002f590   0x00000030   Code   RO         1211    i.set_security_req  ble_srv_common.o
    0x0002f5c0   0x0002f5c0   0x0000007c   Code   RO         5574    i.shutdown_process  nrf_pwr_mgmt.o
    0x0002f63c   0x0002f63c   0x0000002a   Code   RO           19    i.sleep_mode_enter  main.o
    0x0002f666   0x0002f666   0x00000002   PAD
    0x0002f668   0x0002f668   0x0000002c   Code   RO         2758    i.sm_ble_evt_handler  security_manager.o
    0x0002f694   0x0002f694   0x00000058   Code   RO         2760    i.sm_init           security_manager.o
    0x0002f6ec   0x0002f6ec   0x0000000a   Code   RO         2762    i.sm_link_secure    security_manager.o
    0x0002f6f6   0x0002f6f6   0x00000002   PAD
    0x0002f6f8   0x0002f6f8   0x00000044   Code   RO         2763    i.sm_pdb_evt_handler  security_manager.o
    0x0002f73c   0x0002f73c   0x00000034   Code   RO         2765    i.sm_sec_params_set  security_manager.o
    0x0002f770   0x0002f770   0x00000060   Code   RO         2766    i.sm_smd_evt_handler  security_manager.o
    0x0002f7d0   0x0002f7d0   0x000000f4   Code   RO         2622    i.smd_ble_evt_handler  security_dispatcher.o
    0x0002f8c4   0x0002f8c4   0x00000068   Code   RO         2624    i.smd_init          security_dispatcher.o
    0x0002f92c   0x0002f92c   0x00000028   Code   RO         2625    i.smd_link_secure   security_dispatcher.o
    0x0002f954   0x0002f954   0x000000b0   Code   RO         2626    i.smd_params_reply  security_dispatcher.o
    0x0002fa04   0x0002fa04   0x00000040   Code   RO         2767    i.smd_params_reply_perform  security_manager.o
    0x0002fa44   0x0002fa44   0x00000018   Code   RO         3066    i.soc_evt_handler   nrf_drv_clock.o
    0x0002fa5c   0x0002fa5c   0x00000038   Code   RO         6591    i.softdevice_evt_irq_disable  nrf_sdh.o
    0x0002fa94   0x0002fa94   0x00000058   Code   RO         6592    i.softdevices_evt_irq_enable  nrf_sdh.o
    0x0002faec   0x0002faec   0x0000008c   Code   RO         5974    i.std_n             nrf_log_frontend.o
    0x0002fb78   0x0002fb78   0x00000058   Code   RO         1285    i.store_car_value   gatt_cache_manager.o
    0x0002fbd0   0x0002fbd0   0x00000080   Code   RO         4309    i.timer_list_handler  app_timer.o
    0x0002fc50   0x0002fc50   0x0000003c   Code   RO         4310    i.timer_list_insert  app_timer.o
    0x0002fc8c   0x0002fc8c   0x00000060   Code   RO         4311    i.timer_list_remove  app_timer.o
    0x0002fcec   0x0002fcec   0x00000048   Code   RO         4312    i.timer_stop_op_schedule  app_timer.o
    0x0002fd34   0x0002fd34   0x00000074   Code   RO         4313    i.timer_timeouts_check  app_timer.o
    0x0002fda8   0x0002fda8   0x00000020   Code   RO         3753    i.tx_byte           nrfx_uart.o
    0x0002fdc8   0x0002fdc8   0x0000001a   Code   RO         3754    i.tx_done_event     nrfx_uart.o
    0x0002fde2   0x0002fde2   0x00000002   PAD
    0x0002fde4   0x0002fde4   0x00000030   Code   RO         3197    i.uart_evt_handler  nrf_drv_uart.o
    0x0002fe14   0x0002fe14   0x0000000c   Code   RO         5839    i.uart_evt_handler  nrf_log_backend_uart.o
    0x0002fe20   0x0002fe20   0x00000050   Code   RO         5840    i.uart_init         nrf_log_backend_uart.o
    0x0002fe70   0x0002fe70   0x00000128   Code   RO         3755    i.uart_irq_handler  nrfx_uart.o
    0x0002ff98   0x0002ff98   0x00000030   Code   RO         3198    i.uarte_evt_handler  nrf_drv_uart.o
    0x0002ffc8   0x0002ffc8   0x000000f4   Code   RO         3941    i.uarte_irq_handler  nrfx_uarte.o
    0x000300bc   0x000300bc   0x0000000a   Code   RO          784    i.uint16_encode     ble_advdata.o
    0x000300c6   0x000300c6   0x00000002   PAD
    0x000300c8   0x000300c8   0x00000020   Code   RO         5391    i.uninit            nrf_fstorage_sd.o
    0x000300e8   0x000300e8   0x000000b4   Code   RO         5255    i.unsigned_print    nrf_fprintf_format.o
    0x0003019c   0x0003019c   0x00000030   Code   RO         1286    i.update_pending_flags_check  gatt_cache_manager.o
    0x000301cc   0x000301cc   0x00000068   Code   RO          980    i.update_timeout_handler  ble_conn_params.o
    0x00030234   0x00030234   0x00000018   Code   RO          891    i.use_whitelist     ble_advertising.o
    0x0003024c   0x0003024c   0x0000000c   Code   RO         1065    i.user_flag_is_acquired  ble_conn_state.o
    0x00030258   0x00030258   0x00000024   Code   RO         1785    i.user_mem_reply    nrf_ble_qwr.o
    0x0003027c   0x0003027c   0x00000030   Code   RO         4314    i.user_op_alloc     app_timer.o
    0x000302ac   0x000302ac   0x00000030   Code   RO          785    i.uuid_list_encode  ble_advdata.o
    0x000302dc   0x000302dc   0x0000009e   Code   RO          786    i.uuid_list_sized_encode  ble_advdata.o
    0x0003037a   0x0003037a   0x0000003a   Code   RO          605    i.wakeup_button_cfg  bsp.o
    0x000303b4   0x000303b4   0x00000004   Code   RO         5392    i.wmap              nrf_fstorage_sd.o
    0x000303b8   0x000303b8   0x00000050   Code   RO         5393    i.write             nrf_fstorage_sd.o
    0x00030408   0x00030408   0x0000014c   Code   RO         1973    i.write_buf_store   peer_database.o
    0x00030554   0x00030554   0x00000034   Code   RO         1974    i.write_buffer_record_find  peer_database.o
    0x00030588   0x00030588   0x00000030   Code   RO         1975    i.write_buffer_record_find_next  peer_database.o
    0x000305b8   0x000305b8   0x0000001c   Code   RO         1976    i.write_buffer_record_invalidate  peer_database.o
    0x000305d4   0x000305d4   0x0000002c   Code   RO         1977    i.write_buffer_record_release  peer_database.o
    0x00030600   0x00030600   0x000000e8   Code   RO         4605    i.write_enqueue     fds.o
    0x000306e8   0x000306e8   0x000000f4   Code   RO         4606    i.write_execute     fds.o
    0x000307dc   0x000307dc   0x00000018   Code   RO         4607    i.write_space_free  fds.o
    0x000307f4   0x000307f4   0x0000005c   Code   RO         4608    i.write_space_reserve  fds.o
    0x00030850   0x00030850   0x00000008   Data   RO          469    .constdata          boards.o
    0x00030858   0x00030858   0x0000002c   Data   RO          610    .constdata          bsp.o
    0x00030884   0x00030884   0x00000074   Data   RO         1287    .constdata          gatt_cache_manager.o
    0x000308f8   0x000308f8   0x00000004   Data   RO         1436    .constdata          gatts_cache_manager.o
    0x000308fc   0x000308fc   0x00000010   Data   RO         1437    .constdata          gatts_cache_manager.o
    0x0003090c   0x0003090c   0x00000004   Data   RO         1438    .constdata          gatts_cache_manager.o
    0x00030910   0x00030910   0x00000008   Data   RO         1538    .constdata          id_manager.o
    0x00030918   0x00030918   0x00000016   Data   RO         1691    .constdata          nrf_ble_gatt.o
    0x0003092e   0x0003092e   0x00000002   PAD
    0x00030930   0x00030930   0x0000001c   Data   RO         1842    .constdata          peer_data_storage.o
    0x0003094c   0x0003094c   0x00000010   Data   RO         1979    .constdata          peer_database.o
    0x0003095c   0x0003095c   0x0000002c   Data   RO         2216    .constdata          peer_manager.o
    0x00030988   0x00030988   0x00000018   Data   RO         2476    .constdata          peer_manager_handler.o
    0x000309a0   0x000309a0   0x0000008c   Data   RO         2628    .constdata          security_dispatcher.o
    0x00030a2c   0x00030a2c   0x00000004   Data   RO         2768    .constdata          security_manager.o
    0x00030a30   0x00030a30   0x00000010   Data   RO         2908    .constdata          ble_dfu.o
    0x00030a40   0x00030a40   0x00000004   Data   RO         3423    .constdata          nrfx_gpiote.o
    0x00030a44   0x00030a44   0x00000004   Data   RO         3758    .constdata          nrfx_uart.o
    0x00030a48   0x00030a48   0x00000004   Data   RO         3944    .constdata          nrfx_uarte.o
    0x00030a4c   0x00030a4c   0x00000008   Data   RO         4083    .constdata          app_button.o
    0x00030a54   0x00030a54   0x0000000c   PAD
    0x00030a60   0x00030a60   0x00000006   Data   RO         4316    .constdata          app_timer.o
    0x00030a66   0x00030a66   0x00000002   PAD
    0x00030a68   0x00030a68   0x00000018   Data   RO         4611    .constdata          fds.o
    0x00030a80   0x00030a80   0x00000010   Data   RO         5256    .constdata          nrf_fprintf_format.o
    0x00030a90   0x00030a90   0x0000005e   Data   RO         5302    .constdata          nrf_fstorage.o
    0x00030aee   0x00030aee   0x00000002   PAD
    0x00030af0   0x00030af0   0x00000010   Data   RO         5396    .constdata          nrf_fstorage_sd.o
    0x00030b00   0x00030b00   0x00000020   Data   RO         5397    .constdata          nrf_fstorage_sd.o
    0x00030b20   0x00030b20   0x00000018   Data   RO         5577    .constdata          nrf_pwr_mgmt.o
    0x00030b38   0x00030b38   0x00000010   Data   RO         5578    .constdata          nrf_pwr_mgmt.o
    0x00030b48   0x00030b48   0x0000013c   Data   RO         5745    .constdata          nrf_strerror.o
    0x00030c84   0x00030c84   0x0000000c   Data   RO         5842    .constdata          nrf_log_backend_uart.o
    0x00030c90   0x00030c90   0x00000020   Data   RO         5843    .constdata          nrf_log_backend_uart.o
    0x00030cb0   0x00030cb0   0x0000000c   Data   RO         5979    .constdata          nrf_log_frontend.o
    0x00030cbc   0x00030cbc   0x00000010   Data   RO         6593    .constdata          nrf_sdh.o
    0x00030ccc   0x00030ccc   0x00000028   Data   RO         6594    .constdata          nrf_sdh.o
    0x00030cf4   0x00030cf4   0x00000010   Data   RO         6595    .constdata          nrf_sdh.o
    0x00030d04   0x00030d04   0x00000010   Data   RO         6596    .constdata          nrf_sdh.o
    0x00030d14   0x00030d14   0x00000020   Data   RO         6704    .constdata          nrf_sdh_ble.o
    0x00030d34   0x00030d34   0x00000010   Data   RO         6705    .constdata          nrf_sdh_ble.o
    0x00030d44   0x00030d44   0x00000010   Data   RO         6755    .constdata          nrf_sdh_soc.o
    0x00030d54   0x00030d54   0x0000000c   Data   RO         6756    .constdata          nrf_sdh_soc.o
    0x00030d60   0x00030d60   0x00000081   Data   RO         6842    .constdata          mc_w.l(ctype_o.o)
    0x00030de1   0x00030de1   0x00000003   PAD
    0x00030de4   0x00030de4   0x00000004   Data   RO         6843    .constdata          mc_w.l(ctype_o.o)
    0x00030de8   0x00030de8   0x00000041   Data   RO           21    .conststring        main.o
    0x00030e29   0x00030e29   0x00000003   PAD
    0x00030e2c   0x00030e2c   0x000001a4   Data   RO         1288    .conststring        gatt_cache_manager.o
    0x00030fd0   0x00030fd0   0x00000144   Data   RO         1439    .conststring        gatts_cache_manager.o
    0x00031114   0x00031114   0x000000a2   Data   RO         1692    .conststring        nrf_ble_gatt.o
    0x000311b6   0x000311b6   0x00000002   PAD
    0x000311b8   0x000311b8   0x000000e8   Data   RO         1843    .conststring        peer_data_storage.o
    0x000312a0   0x000312a0   0x00000180   Data   RO         1980    .conststring        peer_database.o
    0x00031420   0x00031420   0x00000090   Data   RO         2217    .conststring        peer_manager.o
    0x000314b0   0x000314b0   0x000002ca   Data   RO         2477    .conststring        peer_manager_handler.o
    0x0003177a   0x0003177a   0x00000002   PAD
    0x0003177c   0x0003177c   0x00000242   Data   RO         2629    .conststring        security_dispatcher.o
    0x000319be   0x000319be   0x00000002   PAD
    0x000319c0   0x000319c0   0x0000017b   Data   RO         2769    .conststring        security_manager.o
    0x00031b3b   0x00031b3b   0x00000001   PAD
    0x00031b3c   0x00031b3c   0x000000ce   Data   RO         2997    .conststring        ble_dfu_unbonded.o
    0x00031c0a   0x00031c0a   0x00000002   PAD
    0x00031c0c   0x00031c0c   0x0000004f   Data   RO         5303    .conststring        nrf_fstorage.o
    0x00031c5b   0x00031c5b   0x00000001   PAD
    0x00031c5c   0x00031c5c   0x000003eb   Data   RO         5746    .conststring        nrf_strerror.o
    0x00032047   0x00032047   0x00000001   PAD
    0x00032048   0x00032048   0x00000066   Data   RO         6140    .conststring        nrf_log_str_formatter.o
    0x000320ae   0x000320ae   0x00000002   PAD
    0x000320b0   0x000320b0   0x00000188   Data   RO         6706    .conststring        nrf_sdh_ble.o
    0x00032238   0x00032238   0x00000011   Data   RO         1289    .conststrlit        gatt_cache_manager.o
    0x00032249   0x00032249   0x00000003   PAD
    0x0003224c   0x0003224c   0x00000012   Data   RO         1440    .conststrlit        gatts_cache_manager.o
    0x0003225e   0x0003225e   0x00000002   PAD
    0x00032260   0x00032260   0x00000010   Data   RO         1540    .conststrlit        id_manager.o
    0x00032270   0x00032270   0x0000000d   Data   RO         1693    .conststrlit        nrf_ble_gatt.o
    0x0003227d   0x0003227d   0x00000003   PAD
    0x00032280   0x00032280   0x00000011   Data   RO         1844    .conststrlit        peer_data_storage.o
    0x00032291   0x00032291   0x00000003   PAD
    0x00032294   0x00032294   0x00000011   Data   RO         1981    .conststrlit        peer_database.o
    0x000322a5   0x000322a5   0x00000003   PAD
    0x000322a8   0x000322a8   0x0000000d   Data   RO         2218    .conststrlit        peer_manager.o
    0x000322b5   0x000322b5   0x00000003   PAD
    0x000322b8   0x000322b8   0x00000015   Data   RO         2479    .conststrlit        peer_manager_handler.o
    0x000322cd   0x000322cd   0x00000003   PAD
    0x000322d0   0x000322d0   0x00000011   Data   RO         2630    .conststrlit        security_dispatcher.o
    0x000322e1   0x000322e1   0x00000003   PAD
    0x000322e4   0x000322e4   0x00000010   Data   RO         2770    .conststrlit        security_manager.o
    0x000322f4   0x000322f4   0x00000006   Data   RO         3072    .conststrlit        nrf_drv_clock.o
    0x000322fa   0x000322fa   0x00000002   PAD
    0x000322fc   0x000322fc   0x00000006   Data   RO         3265    .conststrlit        nrfx_clock.o
    0x00032302   0x00032302   0x00000002   PAD
    0x00032304   0x00032304   0x00000007   Data   RO         3427    .conststrlit        nrfx_gpiote.o
    0x0003230b   0x0003230b   0x00000001   PAD
    0x0003230c   0x0003230c   0x00000004   Data   RO         3681    .conststrlit        nrfx_prs.o
    0x00032310   0x00032310   0x00000005   Data   RO         3761    .conststrlit        nrfx_uart.o
    0x00032315   0x00032315   0x00000003   PAD
    0x00032318   0x00032318   0x00000006   Data   RO         3947    .conststrlit        nrfx_uarte.o
    0x0003231e   0x0003231e   0x00000002   PAD
    0x00032320   0x00032320   0x0000000d   Data   RO         5304    .conststrlit        nrf_fstorage.o
    0x0003232d   0x0003232d   0x00000003   PAD
    0x00032330   0x00032330   0x00000009   Data   RO         5579    .conststrlit        nrf_pwr_mgmt.o
    0x00032339   0x00032339   0x00000003   PAD
    0x0003233c   0x0003233c   0x00000011   Data   RO         5914    .conststrlit        nrf_log_default_backends.o
    0x0003234d   0x0003234d   0x00000003   PAD
    0x00032350   0x00032350   0x00000004   Data   RO         5980    .conststrlit        nrf_log_frontend.o
    0x00032354   0x00032354   0x00000008   Data   RO         6597    .conststrlit        nrf_sdh.o
    0x0003235c   0x0003235c   0x0000000c   Data   RO         6707    .conststrlit        nrf_sdh_ble.o
    0x00032368   0x00032368   0x0000000c   Data   RO         6757    .conststrlit        nrf_sdh_soc.o
    0x00032374   0x00032374   0x00000020   Data   RO         6905    Region$$Table       anon$$obj.o
    0x00032394   0x00032394   0x00000010   Data   RO         5916    log_backends        nrf_log_default_backends.o
    0x000323a4   0x000323a4   0x00000008   Data   RO         1291    log_const_data      gatt_cache_manager.o
    0x000323ac   0x000323ac   0x00000008   Data   RO         1442    log_const_data      gatts_cache_manager.o
    0x000323b4   0x000323b4   0x00000008   Data   RO         1542    log_const_data      id_manager.o
    0x000323bc   0x000323bc   0x00000008   Data   RO         1694    log_const_data      nrf_ble_gatt.o
    0x000323c4   0x000323c4   0x00000008   Data   RO         1846    log_const_data      peer_data_storage.o
    0x000323cc   0x000323cc   0x00000008   Data   RO         1983    log_const_data      peer_database.o
    0x000323d4   0x000323d4   0x00000008   Data   RO         2220    log_const_data      peer_manager.o
    0x000323dc   0x000323dc   0x00000008   Data   RO         2482    log_const_data      peer_manager_handler.o
    0x000323e4   0x000323e4   0x00000008   Data   RO         2632    log_const_data      security_dispatcher.o
    0x000323ec   0x000323ec   0x00000008   Data   RO         2772    log_const_data      security_manager.o
    0x000323f4   0x000323f4   0x00000008   Data   RO         3073    log_const_data      nrf_drv_clock.o
    0x000323fc   0x000323fc   0x00000008   Data   RO         3267    log_const_data      nrfx_clock.o
    0x00032404   0x00032404   0x00000008   Data   RO         3428    log_const_data      nrfx_gpiote.o
    0x0003240c   0x0003240c   0x00000008   Data   RO         3683    log_const_data      nrfx_prs.o
    0x00032414   0x00032414   0x00000008   Data   RO         3762    log_const_data      nrfx_uart.o
    0x0003241c   0x0003241c   0x00000008   Data   RO         3948    log_const_data      nrfx_uarte.o
    0x00032424   0x00032424   0x00000008   Data   RO         5305    log_const_data      nrf_fstorage.o
    0x0003242c   0x0003242c   0x00000008   Data   RO         5581    log_const_data      nrf_pwr_mgmt.o
    0x00032434   0x00032434   0x00000008   Data   RO         5983    log_const_data      nrf_log_frontend.o
    0x0003243c   0x0003243c   0x00000008   Data   RO         6599    log_const_data      nrf_sdh.o
    0x00032444   0x00032444   0x00000008   Data   RO         6709    log_const_data      nrf_sdh_ble.o
    0x0003244c   0x0003244c   0x00000008   Data   RO         6758    log_const_data      nrf_sdh_soc.o
    0x00032454   0x00032454   0x00000014   Data   RO         5984    nrf_balloc          nrf_log_frontend.o
    0x00032468   0x00032468   0x00000004   Data   RO           23    pwr_mgmt_data0      main.o
    0x0003246c   0x0003246c   0x00000008   Data   RO         1067    sdh_ble_observers0  ble_conn_state.o
    0x00032474   0x00032474   0x00000010   Data   RO           24    sdh_ble_observers1  main.o
    0x00032484   0x00032484   0x00000008   Data   RO          713    sdh_ble_observers1  bsp_btn_ble.o
    0x0003248c   0x0003248c   0x00000008   Data   RO          983    sdh_ble_observers1  ble_conn_params.o
    0x00032494   0x00032494   0x00000008   Data   RO         2221    sdh_ble_observers1  peer_manager.o
    0x0003249c   0x0003249c   0x00000008   Data   RO           25    sdh_ble_observers2  main.o
    0x000324a4   0x000324a4   0x00000008   Data   RO         2909    sdh_ble_observers2  ble_dfu.o
    0x000324ac   0x000324ac   0x00000008   Data   RO           26    sdh_ble_observers3  main.o
    0x000324b4   0x000324b4   0x00000008   Data   RO         5399    sdh_req_observers0  nrf_fstorage_sd.o
    0x000324bc   0x000324bc   0x00000008   Data   RO         3074    sdh_soc_observers0  nrf_drv_clock.o
    0x000324c4   0x000324c4   0x00000008   Data   RO         5400    sdh_soc_observers0  nrf_fstorage_sd.o
    0x000324cc   0x000324cc   0x00000008   Data   RO           27    sdh_soc_observers1  main.o
    0x000324d4   0x000324d4   0x00000008   Data   RO         2999    sdh_soc_observers1  ble_dfu_unbonded.o
    0x000324dc   0x000324dc   0x00000008   Data   RO         6710    sdh_stack_observers0  nrf_sdh_ble.o
    0x000324e4   0x000324e4   0x00000008   Data   RO         6759    sdh_stack_observers0  nrf_sdh_soc.o
    0x000324ec   0x000324ec   0x00000008   Data   RO           28    sdh_state_observers0  main.o
    0x000324f4   0x000324f4   0x00000008   Data   RO         3075    sdh_state_observers0  nrf_drv_clock.o
    0x000324fc   0x000324fc   0x00000008   Data   RO         5401    sdh_state_observers0  nrf_fstorage_sd.o


    Execution Region RW_IRAM1 (Exec base: 0x20002228, Load base: 0x00032504, Size: 0x00003260, Max: 0x0000ddd8, ABSOLUTE, COMPRESSED[0x0000008c])

    Exec Addr    Load Addr    Size         Type   Attr      Idx    E Section Name        Object

    0x20002228   COMPRESSED   0x00000006   Data   RW           22    .data               main.o
    0x2000222e   COMPRESSED   0x00000002   PAD
    0x20002230   COMPRESSED   0x00000010   Data   RW          611    .data               bsp.o
    0x20002240   COMPRESSED   0x00000008   Data   RW          712    .data               bsp_btn_ble.o
    0x20002248   COMPRESSED   0x00000008   Data   RW          982    .data               ble_conn_params.o
    0x20002250   COMPRESSED   0x00000010   Data   RW         1290    .data               gatt_cache_manager.o
    0x20002260   COMPRESSED   0x00000006   Data   RW         1441    .data               gatts_cache_manager.o
    0x20002266   COMPRESSED   0x00000002   PAD
    0x20002268   COMPRESSED   0x0000000c   Data   RW         1845    .data               peer_data_storage.o
    0x20002274   COMPRESSED   0x00000008   Data   RW         1982    .data               peer_database.o
    0x2000227c   COMPRESSED   0x00000010   Data   RW         2219    .data               peer_manager.o
    0x2000228c   COMPRESSED   0x00000060   Data   RW         2480    .data               peer_manager_handler.o
    0x200022ec   COMPRESSED   0x00000005   Data   RW         2631    .data               security_dispatcher.o
    0x200022f1   COMPRESSED   0x00000003   PAD
    0x200022f4   COMPRESSED   0x00000015   Data   RW         2771    .data               security_manager.o
    0x20002309   COMPRESSED   0x00000003   PAD
    0x2000230c   COMPRESSED   0x00000004   Data   RW         2998    .data               ble_dfu_unbonded.o
    0x20002310   COMPRESSED   0x0000000c   Data   RW         3199    .data               nrf_drv_uart.o
    0x2000231c   COMPRESSED   0x00000008   Data   RW         3266    .data               nrfx_clock.o
    0x20002324   COMPRESSED   0x00000008   Data   RW         3682    .data               nrfx_prs.o
    0x2000232c   COMPRESSED   0x00000004   PAD
    0x20002330   COMPRESSED   0x00000020   Data   RW         4084    .data               app_button.o
    0x20002350   COMPRESSED   0x00000014   Data   RW         4317    .data               app_timer.o
    0x20002364   COMPRESSED   0x00000030   Data   RW         4612    .data               fds.o
    0x20002394   COMPRESSED   0x00000008   Data   RW         5398    .data               nrf_fstorage_sd.o
    0x2000239c   COMPRESSED   0x00000008   Data   RW         5580    .data               nrf_pwr_mgmt.o
    0x200023a4   COMPRESSED   0x00000018   Data   RW         5844    .data               nrf_log_backend_uart.o
    0x200023bc   COMPRESSED   0x00000008   Data   RW         5915    .data               nrf_log_default_backends.o
    0x200023c4   COMPRESSED   0x00000008   Data   RW         5981    .data               nrf_log_frontend.o
    0x200023cc   COMPRESSED   0x00000008   Data   RW         5982    .data               nrf_log_frontend.o
    0x200023d4   COMPRESSED   0x00000040   Data   RW         6141    .data               nrf_log_str_formatter.o
    0x20002414   COMPRESSED   0x00000003   Data   RW         6598    .data               nrf_sdh.o
    0x20002417   COMPRESSED   0x00000001   Data   RW         6708    .data               nrf_sdh_ble.o
    0x20002418   COMPRESSED   0x00000004   Data   RW         6798    .data               system_nrf52.o
    0x2000241c   COMPRESSED   0x00000014   Data   RW         4613    fs_data             fds.o
    0x20002430        -       0x00000278   Zero   RW           20    .bss                main.o
    0x200026a8        -       0x00000020   Zero   RW          606    .bss                bsp.o
    0x200026c8        -       0x00000020   Zero   RW          607    .bss                bsp.o
    0x200026e8        -       0x0000000c   Zero   RW          608    .bss                bsp.o
    0x200026f4        -       0x00000020   Zero   RW          609    .bss                bsp.o
    0x20002714        -       0x00000050   Zero   RW          981    .bss                ble_conn_params.o
    0x20002764        -       0x00000078   Zero   RW         1066    .bss                ble_conn_state.o
    0x200027dc        -       0x000000d8   Zero   RW         1537    .bss                id_manager.o
    0x200028b4        -       0x00000180   Zero   RW         1978    .bss                peer_database.o
    0x20002a34        -       0x00000040   Zero   RW         2094    .bss                peer_id.o
    0x20002a74        -       0x0000000c   Zero   RW         2215    .bss                peer_manager.o
    0x20002a80        -       0x00000040   Zero   RW         2627    .bss                security_dispatcher.o
    0x20002ac0        -       0x0000001c   Zero   RW         2907    .bss                ble_dfu.o
    0x20002adc        -       0x00000028   Zero   RW         2996    .bss                ble_dfu_unbonded.o
    0x20002b04        -       0x00000014   Zero   RW         3067    .bss                nrf_drv_clock.o
    0x20002b18        -       0x0000005c   Zero   RW         3422    .bss                nrfx_gpiote.o
    0x20002b74        -       0x0000002c   Zero   RW         3756    .bss                nrfx_uart.o
    0x20002ba0        -       0x00000024   Zero   RW         3942    .bss                nrfx_uarte.o
    0x20002bc4        -       0x00000020   Zero   RW         4082    .bss                app_button.o
    0x20002be4        -       0x0000010c   Zero   RW         4315    .bss                app_timer.o
    0x20002cf0        -       0x0000000c   Zero   RW         4468    .bss                app_util_platform.o
    0x20002cfc        -       0x00000010   Zero   RW         4609    .bss                fds.o
    0x20002d0c        -       0x000000e0   Zero   RW         4610    .bss                fds.o
    0x20002dec        -       0x00000010   Zero   RW         5394    .bss                nrf_fstorage_sd.o
    0x20002dfc        -       0x000000a0   Zero   RW         5395    .bss                nrf_fstorage_sd.o
    0x20002e9c        -       0x00000020   Zero   RW         5575    .bss                nrf_pwr_mgmt.o
    0x20002ebc        -       0x0000000c   Zero   RW         5576    .bss                nrf_pwr_mgmt.o
    0x20002ec8        -       0x00000040   Zero   RW         5841    .bss                nrf_log_backend_uart.o
    0x20002f08        -       0x000000c0   Zero   RW         5975    .bss                nrf_log_frontend.o
    0x20002fc8        -       0x00000080   Zero   RW         5976    .bss                nrf_log_frontend.o
    0x20003048        -       0x00000018   Zero   RW         5977    .bss                nrf_log_frontend.o
    0x20003060        -       0x00000424   Zero   RW         5978    .bss                nrf_log_frontend.o
    0x20003484   COMPRESSED   0x00000004   PAD
    0x20003488        -       0x00002000   Zero   RW         6786    STACK               arm_startup_nrf52.o


==============================================================================

Image component sizes


      Code (inc. data)   RO Data    RW Data    ZI Data      Debug   Object Name

       440         36          8         32         32      13298   app_button.o
        22          0          0          0          0       2509   app_error.o
       132         46          0          0          0      27505   app_error_weak.o
         0          0          0          0          0      36710   app_scheduler.o
      1510        118          6         20        268      49271   app_timer.o
       124         14          0          0         12       9822   app_util_platform.o
        36          8        512          0       8192        956   arm_startup_nrf52.o
      1324          0          0          0          0      53232   ble_advdata.o
      1102          6          0          0          0      12043   ble_advertising.o
       636         44          8          8         80       9483   ble_conn_params.o
       738         62          8          0        120      15379   ble_conn_state.o
       542         72         24          0         28      10852   ble_dfu.o
         0          0          0          0          0       4872   ble_dfu_bonded.o
       440         38        214          4         40       6729   ble_dfu_unbonded.o
       464          6          0          0          0       4223   ble_srv_common.o
       358         40          8          0          0      48451   boards.o
       998         84         44         16        108      15887   bsp.o
       252         10          8          8          0       4968   bsp_btn_ble.o
      3426        314         24         68        240      51299   fds.o
      1848        544        561         16          0      25235   gatt_cache_manager.o
       578         70        374          6          0      11323   gatts_cache_manager.o
       946         34         32          0        216      15516   id_manager.o
      1636        536        117          6        632     201574   main.o
       342          0          0          0          0       6926   nrf_atfifo.o
       170          0          0          0          0       4912   nrf_atflags.o
       332          0          0          0          0      10490   nrf_atomic.o
       164          0          0          0          0       3736   nrf_balloc.o
       922        272        205          0          0      36751   nrf_ble_gatt.o
       276          0          0          0          0       4833   nrf_ble_qwr.o
       276         34         30          0         20      38072   nrf_drv_clock.o
       200         26          0         12          0      18140   nrf_drv_uart.o
        50          0          0          0          0       3637   nrf_fprintf.o
       850          4         16          0          0       5618   nrf_fprintf_format.o
       972        432        194          0          0       8268   nrf_fstorage.o
       798         82         72          8        176      16491   nrf_fstorage_sd.o
       194          0          0          0          0      11673   nrf_log_backend_serial.o
       232         44         44         24         64      21462   nrf_log_backend_uart.o
        28          4         33          8          0       3417   nrf_log_default_backends.o
      1508        114         44         16       1404      31984   nrf_log_frontend.o
       566        108        102         64          0       5788   nrf_log_str_formatter.o
       346          0          0          0          0       9815   nrf_memobj.o
       352         52         57          8         44      38702   nrf_pwr_mgmt.o
        28          0          0          0          0       2447   nrf_ringbuf.o
       552         60        104          3          0      42228   nrf_sdh.o
       672        232        468          1          0       6025   nrf_sdh_ble.o
        60          4         56          0          0       2552   nrf_sdh_soc.o
        78          0          0          0          0       2884   nrf_section_iter.o
        76         10       1319          0          0       2851   nrf_strerror.o
       226         30         14          8          0      41778   nrfx_clock.o
      1226         92         19          0         92      59359   nrfx_gpiote.o
       112         16         12          8          0       4656   nrfx_prs.o
      1292         40         17          0         44      32001   nrfx_uart.o
      1134         44         18          0         36      24959   nrfx_uarte.o
      1152        144        285         12          0      16550   peer_data_storage.o
      1442        260        425          8        384      19954   peer_database.o
       314         38          0          0         64       9503   peer_id.o
      1774        456        217         16         12      20001   peer_manager.o
      1720        822        767         96          0      13584   peer_manager_handler.o
       234          0          0          0          0       5611   pm_buffer.o
      1912        260        743          5         64      27395   security_dispatcher.o
      1108        114        407         21          0      50274   security_manager.o
       796         70          0          4          0       3043   system_nrf52.o

    ----------------------------------------------------------------------
     42116       5946       7724        520      12376    1299507   Object Totals
         0          0         32          0          0          0   (incl. Generated)
        78          0         76         14          4          0   (incl. Padding)

    ----------------------------------------------------------------------

      Code (inc. data)   RO Data    RW Data    ZI Data      Debug   Library Member Name

        86          0          0          0          0          0   __dczerorl2.o
         8          4        133          0          0         68   ctype_o.o
         0          0          0          0          0          0   entry.o
         0          0          0          0          0          0   entry10a.o
         0          0          0          0          0          0   entry11a.o
         4          0          0          0          0          0   entry12b.o
         8          4          0          0          0          0   entry2.o
         4          0          0          0          0          0   entry5.o
         0          0          0          0          0          0   entry7b.o
         0          0          0          0          0          0   entry8b.o
         8          4          0          0          0          0   entry9a.o
        30          0          0          0          0          0   handlers.o
        36          8          0          0          0         68   init.o
        30          0          0          0          0         68   llshl.o
        32          0          0          0          0         68   llushr.o
        26          0          0          0          0         80   memcmp.o
        36          0          0          0          0         68   memcpya.o
        36          0          0          0          0        108   memseta.o
        14          0          0          0          0         68   strlen.o
        98          0          0          0          0         92   uldiv.o

    ----------------------------------------------------------------------
       460         20        136          0          0        688   Library Totals
         4          0          3          0          0          0   (incl. Padding)

    ----------------------------------------------------------------------

      Code (inc. data)   RO Data    RW Data    ZI Data      Debug   Library Name

       456         20        133          0          0        688   mc_w.l

    ----------------------------------------------------------------------
       460         20        136          0          0        688   Library Totals

    ----------------------------------------------------------------------

==============================================================================


      Code (inc. data)   RO Data    RW Data    ZI Data      Debug   

     42576       5966       7860        520      12376    1248671   Grand Totals
     42576       5966       7860        140      12376    1248671   ELF Image Totals (compressed)
     42576       5966       7860        140          0          0   ROM Totals

==============================================================================

    Total RO  Size (Code + RO Data)                50436 (  49.25kB)
    Total RW  Size (RW Data + ZI Data)             12896 (  12.59kB)
    Total ROM Size (Code + RO Data + RW Data)      50576 (  49.39kB)

==============================================================================

