Component: ARM Compiler 5.06 update 7 (build 960) Tool: armlink [4d3601]

==============================================================================

Section Cross References

    main.o(i.advertising_led) refers to sx1509.o(i.configClock) for configClock
    main.o(i.advertising_led) refers to sx1509.o(i.ext_gpio_output_digset) for ext_gpio_output_digset
    main.o(i.assert_nrf_callback) refers to app_error_handler_keil.o(.emb_text) for app_error_handler
    main.o(i.ble_dfu_evt_handler) refers to memseta.o(.text) for __aeabi_memclr4
    main.o(i.ble_dfu_evt_handler) refers to ble_advertising.o(i.ble_advertising_modes_config_set) for ble_advertising_modes_config_set
    main.o(i.ble_dfu_evt_handler) refers to ble_conn_state.o(i.ble_conn_state_for_each_connected) for ble_conn_state_for_each_connected
    main.o(i.ble_dfu_evt_handler) refers to main.o(.bss) for .bss
    main.o(i.ble_dfu_evt_handler) refers to main.o(i.disconnect) for disconnect
    main.o(i.ble_evt_handler) refers to app_error.o(i.app_error_handler_bare) for app_error_handler_bare
    main.o(i.ble_evt_handler) refers to nrf_ble_qwr.o(i.nrf_ble_qwr_conn_handle_assign) for nrf_ble_qwr_conn_handle_assign
    main.o(i.ble_evt_handler) refers to nrf_log_frontend.o(i.nrf_log_frontend_std_0) for nrf_log_frontend_std_0
    main.o(i.ble_evt_handler) refers to main.o(.data) for .data
    main.o(i.ble_evt_handler) refers to main.o(.bss) for .bss
    main.o(i.ble_evt_handler) refers to nrf_log_frontend.o(log_const_data) for m_nrf_log_app_logs_data_const
    main.o(i.bsp_event_handler) refers to main.o(i.sleep_mode_enter) for sleep_mode_enter
    main.o(i.bsp_event_handler) refers to app_error.o(i.app_error_handler_bare) for app_error_handler_bare
    main.o(i.bsp_event_handler) refers to ble_advertising.o(i.ble_advertising_restart_without_whitelist) for ble_advertising_restart_without_whitelist
    main.o(i.bsp_event_handler) refers to main.o(.data) for .data
    main.o(i.bsp_event_handler) refers to main.o(.bss) for .bss
    main.o(i.conn_led) refers to sx1509.o(i.ext_gpio_output_digset) for ext_gpio_output_digset
    main.o(i.conn_params_error_handler) refers to app_error.o(i.app_error_handler_bare) for app_error_handler_bare
    main.o(i.debug_led) refers to sx1509.o(i.ext_gpio_output_digset) for ext_gpio_output_digset
    main.o(i.gatt_evt_handler) refers to nrf_log_frontend.o(i.nrf_log_frontend_std_2) for nrf_log_frontend_std_2
    main.o(i.gatt_evt_handler) refers to main.o(.data) for .data
    main.o(i.gatt_evt_handler) refers to nrf_log_frontend.o(log_const_data) for m_nrf_log_app_logs_data_const
    main.o(i.gatt_init) refers to nrf_ble_gatt.o(i.nrf_ble_gatt_init) for nrf_ble_gatt_init
    main.o(i.gatt_init) refers to app_error.o(i.app_error_handler_bare) for app_error_handler_bare
    main.o(i.gatt_init) refers to nrf_ble_gatt.o(i.nrf_ble_gatt_att_mtu_periph_set) for nrf_ble_gatt_att_mtu_periph_set
    main.o(i.gatt_init) refers to main.o(i.gatt_evt_handler) for gatt_evt_handler
    main.o(i.gatt_init) refers to main.o(.bss) for .bss
    main.o(i.main) refers to ble_dfu_unbonded.o(i.ble_dfu_buttonless_async_svci_init) for ble_dfu_buttonless_async_svci_init
    main.o(i.main) refers to app_error.o(i.app_error_handler_bare) for app_error_handler_bare
    main.o(i.main) refers to main.o(i.nrf_delay_ms) for nrf_delay_ms
    main.o(i.main) refers to sx1509.o(i.sx1509_i2c_init) for sx1509_i2c_init
    main.o(i.main) refers to sx1509.o(i.sx1509_reset) for sx1509_reset
    main.o(i.main) refers to sx1509.o(i.ext_gpio_output_digset) for ext_gpio_output_digset
    main.o(i.main) refers to main.o(i.mpu_dmp_init) for mpu_dmp_init
    main.o(i.main) refers to memmovea.o(.text) for __aeabi_memcpy4
    main.o(i.main) refers to app_uart_fifo.o(i.app_uart_init) for app_uart_init
    main.o(i.main) refers to app_timer.o(i.app_timer_init) for app_timer_init
    main.o(i.main) refers to nrf_pwr_mgmt.o(i.nrf_pwr_mgmt_init) for nrf_pwr_mgmt_init
    main.o(i.main) refers to nrf_sdh.o(i.nrf_sdh_enable_request) for nrf_sdh_enable_request
    main.o(i.main) refers to nrf_sdh_ble.o(i.nrf_sdh_ble_default_cfg_set) for nrf_sdh_ble_default_cfg_set
    main.o(i.main) refers to nrf_sdh_ble.o(i.nrf_sdh_ble_enable) for nrf_sdh_ble_enable
    main.o(i.main) refers to main.o(i.gatt_init) for gatt_init
    main.o(i.main) refers to nrf_ble_qwr.o(i.nrf_ble_qwr_init) for nrf_ble_qwr_init
    main.o(i.main) refers to ble_nus.o(i.ble_nus_init) for ble_nus_init
    main.o(i.main) refers to ble_dfu.o(i.ble_dfu_buttonless_init) for ble_dfu_buttonless_init
    main.o(i.main) refers to memseta.o(.text) for __aeabi_memclr4
    main.o(i.main) refers to ble_advertising.o(i.ble_advertising_init) for ble_advertising_init
    main.o(i.main) refers to ble_advertising.o(i.ble_advertising_conn_cfg_tag_set) for ble_advertising_conn_cfg_tag_set
    main.o(i.main) refers to ble_conn_params.o(i.ble_conn_params_init) for ble_conn_params_init
[...]
    sdh_ble_observers1$$Limit                0x00039740   Number         0  ble_conn_params.o(sdh_ble_observers1)
    sdh_ble_observers2$$Base                 0x00039740   Number         0  main.o(sdh_ble_observers2)
    sdh_ble_observers2$$Limit                0x00039758   Number         0  ble_dfu.o(sdh_ble_observers2)
    sdh_ble_observers3$$Base                 0x00039758   Number         0  main.o(sdh_ble_observers3)
    sdh_ble_observers3$$Limit                0x00039760   Number         0  main.o(sdh_ble_observers3)
    sdh_soc_observers0$$Base                 0x00039760   Number         0  nrf_drv_clock.o(sdh_soc_observers0)
    sdh_soc_observers0$$Limit                0x00039768   Number         0  nrf_drv_clock.o(sdh_soc_observers0)
    sdh_soc_observers1$$Base                 0x00039768   Number         0  main.o(sdh_soc_observers1)
    sdh_soc_observers1$$Limit                0x00039778   Number         0  ble_dfu_unbonded.o(sdh_soc_observers1)
    sdh_stack_observers0$$Base               0x00039778   Number         0  nrf_sdh_ble.o(sdh_stack_observers0)
    sdh_stack_observers0$$Limit              0x00039788   Number         0  nrf_sdh_soc.o(sdh_stack_observers0)
    sdh_state_observers0$$Base               0x00039788   Number         0  nrf_drv_clock.o(sdh_state_observers0)
    sdh_state_observers0$$Limit              0x00039790   Number         0  nrf_drv_clock.o(sdh_state_observers0)
    Image$$RW_IRAM1$$Base                    0x20003000   Number         0  anon$$obj.o ABSOLUTE
    ble_send_len                             0x2000300e   Data           2  main.o(.data)
    sys                                      0x20003010   Data           3  main.o(.data)
    gyro_pdata                               0x20003034   Data           9  main.o(.data)
    mpl_key                                  0x20003040   Data           4  main.o(.data)
    nrf_drv_uart_use_easy_dma                0x20003058   Data           1  nrf_drv_uart.o(.data)
    REG_I_ON                                 0x20003124   Data          16  sx1509.o(.data)
    REG_T_ON                                 0x20003134   Data          16  sx1509.o(.data)
    REG_OFF                                  0x20003144   Data          16  sx1509.o(.data)
    REG_T_RISE                               0x20003154   Data          16  sx1509.o(.data)
    REG_T_FALL                               0x20003164   Data          16  sx1509.o(.data)
    mp_dfu                                   0x200031b0   Data           4  ble_dfu_unbonded.o(.data)
    SystemCoreClock                          0x200031b4   Data           4  system_nrf52.o(.data)
    __microlib_freelist                      0x200031c8   Data           4  mvars.o(.data)
    __microlib_freelist_initialised          0x200031cc   Data           4  mvars.o(.data)
    ble_send_data                            0x200031d4   Data          60  main.o(.bss)
    nrf_nvic_state                           0x20003a78   Data          12  app_util_platform.o(.bss)
    _SEGGER_RTT                              0x20003fb4   Data         120  segger_rtt.o(.bss)
    cb                                       0x200048e0   Data         232  compass_vec_cal.o(.bss)
    cb_test                                  0x200049c8   Data         232  compass_vec_cal.o(.bss)
    cb_sim                                   0x20004ab0   Data         232  compass_vec_cal.o(.bss)
    vc                                       0x20004b98   Data         424  compass_vec_cal.o(.bss)
    fnm                                      0x20004d40   Data         608  fast_no_motion.o(.bss)
    s9axis                                   0x20004fe0   Data         312  fusion_9axis.o(.bss)
    mag_disturb                              0x200052dc   Data         184  mag_disturb.o(.bss)
    __heap_base                              0x200058b8   Data           0  arm_startup_nrf52.o(HEAP)
    __heap_limit                             0x200078b8   Data           0  arm_startup_nrf52.o(HEAP)
    __initial_sp                             0x200098b8   Data           0  arm_startup_nrf52.o(STACK)



==============================================================================

Memory Map of the image

  Image Entry point : 0x00026201

  Load Region LR_IROM1 (Base: 0x00026000, Size: 0x00013964, Max: 0x0005a000, ABSOLUTE, COMPRESSED[0x00013850])

    Execution Region ER_IROM1 (Exec base: 0x00026000, Load base: 0x00026000, Size: 0x00013790, Max: 0x0005a000, ABSOLUTE)

    Exec Addr    Load Addr    Size         Type   Attr      Idx    E Section Name        Object

    0x00026000   0x00026000   0x00000200   Data   RO         7649    RESET               arm_startup_nrf52.o
    0x00026200   0x00026200   0x00000000   Code   RO         8130  * .ARM.Collect$$$$00000000  mc_w.l(entry.o)
    0x00026200   0x00026200   0x00000004   Code   RO         8552    .ARM.Collect$$$$00000001  mc_w.l(entry2.o)
    0x00026204   0x00026204   0x00000004   Code   RO         8555    .ARM.Collect$$$$00000004  mc_w.l(entry5.o)
    0x00026208   0x00026208   0x00000000   Code   RO         8557    .ARM.Collect$$$$00000008  mc_w.l(entry7b.o)
    0x00026208   0x00026208   0x00000000   Code   RO         8559    .ARM.Collect$$$$0000000A  mc_w.l(entry8b.o)
    0x00026208   0x00026208   0x00000008   Code   RO         8560    .ARM.Collect$$$$0000000B  mc_w.l(entry9a.o)
    0x00026210   0x00026210   0x00000004   Code   RO         8567    .ARM.Collect$$$$0000000E  mc_w.l(entry12b.o)
    0x00026214   0x00026214   0x00000000   Code   RO         8562    .ARM.Collect$$$$0000000F  mc_w.l(entry10a.o)
    0x00026214   0x00026214   0x00000000   Code   RO         8564    .ARM.Collect$$$$00000011  mc_w.l(entry11a.o)
    0x00026214   0x00026214   0x00000004   Code   RO         8553    .ARM.Collect$$$$00002712  mc_w.l(entry2.o)
    0x00026218   0x00026218   0x000000e2   Code   RO         3918    .emb_text           nrf_atomic.o
    0x000262fa   0x000262fa   0x00000002   PAD
    0x000262fc   0x000262fc   0x00000024   Code   RO         7650    .text               arm_startup_nrf52.o
    0x00026320   0x00026320   0x000024f0   Code   RO         7690    .text               libmpllib.lib(compass_vec_cal.o)
    0x00028810   0x00028810   0x00000a18   Code   RO         7780    .text               libmpllib.lib(fast_no_motion.o)
    0x00029228   0x00029228   0x000006b0   Code   RO         7813    .text               libmpllib.lib(fusion_9axis.o)
    0x000298d8   0x000298d8   0x000004c4   Code   RO         7835    .text               libmpllib.lib(gyro_tc.o)
    0x00029d9c   0x00029d9c   0x000005c0   Code   RO         7853    .text               libmpllib.lib(mag_disturb.o)
    0x0002a35c   0x0002a35c   0x00000994   Code   RO         7875    .text               libmpllib.lib(quaternion_supervisor.o)
    0x0002acf0   0x0002acf0   0x00000c44   Code   RO         7893    .text               libmpllib.lib(accel_auto_cal.o)
    0x0002b934   0x0002b934   0x00000062   Code   RO         8133    .text               mc_w.l(uldiv.o)
    0x0002b996   0x0002b996   0x00000062   Code   RO         8135    .text               mc_w.l(ldiv.o)
    0x0002b9f8   0x0002b9f8   0x0000001e   Code   RO         8137    .text               mc_w.l(llshl.o)
    0x0002ba16   0x0002ba16   0x00000024   Code   RO         8139    .text               mc_w.l(llsshr.o)
    0x0002ba3a   0x0002ba3a   0x00000002   PAD
    0x0002ba3c   0x0002ba3c   0x00000008   Code   RO         8141    .text               mc_w.l(ctype_o.o)
    0x0002ba44   0x0002ba44   0x00000040   Code   RO         8171    .text               mc_w.l(memmovea.o)
    0x0002ba84   0x0002ba84   0x00000024   Code   RO         8173    .text               mc_w.l(memseta.o)
    0x0002baa8   0x0002baa8   0x0000000e   Code   RO         8175    .text               mc_w.l(strlen.o)
    0x0002bab6   0x0002bab6   0x0000001a   Code   RO         8177    .text               mc_w.l(memcmp.o)
    0x0002bad0   0x0002bad0   0x0000014e   Code   RO         8474    .text               mf_w.l(dadd.o)
    0x0002bc1e   0x0002bc1e   0x000000e4   Code   RO         8476    .text               mf_w.l(dmul.o)
    0x0002bd02   0x0002bd02   0x000000de   Code   RO         8478    .text               mf_w.l(ddiv.o)
    0x0002bde0   0x0002bde0   0x0000002c   Code   RO         8480    .text               mf_w.l(ffltl.o)
    0x0002be0c   0x0002be0c   0x00000022   Code   RO         8482    .text               mf_w.l(dflti.o)
    0x0002be2e   0x0002be2e   0x0000001a   Code   RO         8484    .text               mf_w.l(dfltui.o)
    0x0002be48   0x0002be48   0x00000042   Code   RO         8486    .text               mf_w.l(ffixl.o)
    0x0002be8a   0x0002be8a   0x0000003e   Code   RO         8488    .text               mf_w.l(dfixi.o)
    0x0002bec8   0x0002bec8   0x00000026   Code   RO         8492    .text               mf_w.l(f2d.o)
    0x0002beee   0x0002beee   0x00000002   PAD
    0x0002bef0   0x0002bef0   0x00000030   Code   RO         8494    .text               mf_w.l(cdcmple.o)
    0x0002bf20   0x0002bf20   0x00000030   Code   RO         8496    .text               mf_w.l(cdrcmple.o)
    0x0002bf50   0x0002bf50   0x00000038   Code   RO         8498    .text               mf_w.l(d2f.o)
    0x0002bf88   0x0002bf88   0x0000002c   Code   RO         8571    .text               mc_w.l(uidiv.o)
    0x0002bfb4   0x0002bfb4   0x00000020   Code   RO         8573    .text               mc_w.l(llushr.o)
    0x0002bfd4   0x0002bfd4   0x00000000   Code   RO         8584    .text               mc_w.l(iusefp.o)
    0x0002bfd4   0x0002bfd4   0x0000006e   Code   RO         8585    .text               mf_w.l(fepilogue.o)
    0x0002c042   0x0002c042   0x000000ba   Code   RO         8587    .text               mf_w.l(depilogue.o)
    0x0002c0fc   0x0002c0fc   0x000000a2   Code   RO         8593    .text               mf_w.l(dsqrt.o)
    0x0002c19e   0x0002c19e   0x00000030   Code   RO         8595    .text               mf_w.l(dfixul.o)
    0x0002c1ce   0x0002c1ce   0x00000002   PAD
    0x0002c1d0   0x0002c1d0   0x00000024   Code   RO         8597    .text               mc_w.l(init.o)
    0x0002c1f4   0x0002c1f4   0x00000056   Code   RO         8609    .text               mc_w.l(__dczerorl2.o)
    0x0002c24a   0x0002c24a   0x00000002   PAD
    0x0002c24c   0x0002c24c   0x00000164   Code   RO         2139    i.GPIOTE_IRQHandler  nrfx_gpiote.o
    0x0002c3b0   0x0002c3b0   0x00000016   Code   RO         3413    i.NVIC_ClearPendingIRQ  app_timer.o
    0x0002c3c6   0x0002c3c6   0x00000016   Code   RO         3414    i.NVIC_EnableIRQ    app_timer.o
    0x0002c3dc   0x0002c3dc   0x00000016   Code   RO         3415    i.NVIC_SetPendingIRQ  app_timer.o
    0x0002c3f2   0x0002c3f2   0x00000020   Code   RO         3416    i.NVIC_SetPriority  app_timer.o
    0x0002c412   0x0002c412   0x00000002   PAD
    0x0002c414   0x0002c414   0x00000058   Code   RO         2004    i.POWER_CLOCK_IRQHandler  nrfx_clock.o
    0x0002c46c   0x0002c46c   0x00000024   Code   RO         3417    i.RTC1_IRQHandler   app_timer.o
    0x0002c490   0x0002c490   0x0000005c   Code   RO         4868    i.SEGGER_RTT_WriteNoLock  segger_rtt.o
    0x0002c4ec   0x0002c4ec   0x00000010   Code   RO         2841    i.SPIM1_SPIS1_TWIM1_TWIS1_SPI1_TWI1_IRQHandler  nrfx_twi.o
    0x0002c4fc   0x0002c4fc   0x00000004   Code   RO         3418    i.SWI0_EGU0_IRQHandler  app_timer.o
    0x0002c500   0x0002c500   0x00000004   Code   RO         5105    i.SWI2_EGU2_IRQHandler  nrf_sdh.o
    0x0002c504   0x0002c504   0x0000031c   Code   RO         7658    i.SystemInit        system_nrf52.o
    0x0002c820   0x0002c820   0x0000000c   Code   RO         2441    i.UARTE0_UART0_IRQHandler  nrfx_prs.o
    0x0002c82c   0x0002c82c   0x00000016   Code   RO         4873    i._GetAvailWriteSpace  segger_rtt.o
    0x0002c842   0x0002c842   0x0000005a   Code   RO         4875    i._WriteBlocking    segger_rtt.o
    0x0002c89c   0x0002c89c   0x00000042   Code   RO         4876    i._WriteNoCheck     segger_rtt.o
    0x0002c8de   0x0002c8de   0x00000002   PAD
    0x0002c8e0   0x0002c8e0   0x00000028   Code   RO         8420    i.__0sprintf        mc_w.l(printfa.o)
    0x0002c908   0x0002c908   0x00000030   Code   RO         8517    i.__ARM_fpclassify  m_wm.l(fpclassify.o)
    0x0002c938   0x0002c938   0x00000026   Code   RO         8519    i.__ARM_fpclassifyf  m_wm.l(fpclassifyf.o)
    0x0002c95e   0x0002c95e   0x00000002   PAD
    0x0002c960   0x0002c960   0x00000118   Code   RO         7936    i.__hardfp_acosf    m_wm.l(acosf.o)
    0x0002ca78   0x0002ca78   0x000002ac   Code   RO         8000    i.__hardfp_atan2f   m_wm.l(atan2f.o)
    0x0002cd24   0x0002cd24   0x00000004   PAD
    0x0002cd28   0x0002cd28   0x000000c8   Code   RO         8018    i.__hardfp_cos      m_wm.l(cos.o)
    0x0002cdf0   0x0002cdf0   0x00000150   Code   RO         8030    i.__hardfp_cosf     m_wm.l(cosf.o)
    0x0002cf40   0x0002cf40   0x00000014   Code   RO         8042    i.__hardfp_fabs     m_wm.l(fabs.o)
    0x0002cf54   0x0002cf54   0x00000004   PAD
    0x0002cf58   0x0002cf58   0x000003c4   Code   RO         8054    i.__hardfp_log      m_wm.l(log.o)
    0x0002d31c   0x0002d31c   0x00000190   Code   RO         8094    i.__hardfp_sinf     m_wm.l(sinf.o)
    0x0002d4ac   0x0002d4ac   0x0000007a   Code   RO         8106    i.__hardfp_sqrt     m_wm.l(sqrt.o)
    0x0002d526   0x0002d526   0x0000003a   Code   RO         8118    i.__hardfp_sqrtf    m_wm.l(sqrtf.o)
    0x0002d560   0x0002d560   0x00000438   Code   RO         8538    i.__ieee754_rem_pio2  m_wm.l(rred.o)
    0x0002d998   0x0002d998   0x00000170   Code   RO         8500    i.__kernel_cos      m_wm.l(cos_i.o)
    0x0002db08   0x0002db08   0x000000f8   Code   RO         8535    i.__kernel_poly     m_wm.l(poly.o)
    0x0002dc00   0x0002dc00   0x00000130   Code   RO         8546    i.__kernel_sin      m_wm.l(sin_i.o)
    0x0002dd30   0x0002dd30   0x00000030   Code   RO         8503    i.__mathlib_dbl_divzero  m_wm.l(dunder.o)
    0x0002dd60   0x0002dd60   0x00000014   Code   RO         8504    i.__mathlib_dbl_infnan  m_wm.l(dunder.o)
    0x0002dd74   0x0002dd74   0x00000004   PAD
    0x0002dd78   0x0002dd78   0x00000020   Code   RO         8506    i.__mathlib_dbl_invalid  m_wm.l(dunder.o)
    0x0002dd98   0x0002dd98   0x00000020   Code   RO         8509    i.__mathlib_dbl_underflow  m_wm.l(dunder.o)
    0x0002ddb8   0x0002ddb8   0x00000006   Code   RO         8522    i.__mathlib_flt_infnan  m_wm.l(funder.o)
    0x0002ddbe   0x0002ddbe   0x00000006   Code   RO         8523    i.__mathlib_flt_infnan2  m_wm.l(funder.o)
    0x0002ddc4   0x0002ddc4   0x00000010   Code   RO         8524    i.__mathlib_flt_invalid  m_wm.l(funder.o)
    0x0002ddd4   0x0002ddd4   0x00000010   Code   RO         8527    i.__mathlib_flt_underflow  m_wm.l(funder.o)
    0x0002dde4   0x0002dde4   0x00000154   Code   RO         8543    i.__mathlib_rredf2  m_wm.l(rredf.o)
    0x0002df38   0x0002df38   0x0000000e   Code   RO         8603    i.__scatterload_copy  mc_w.l(handlers.o)
    0x0002df46   0x0002df46   0x00000002   Code   RO         8604    i.__scatterload_null  mc_w.l(handlers.o)
    0x0002df48   0x0002df48   0x0000000e   Code   RO         8605    i.__scatterload_zeroinit  mc_w.l(handlers.o)
    0x0002df56   0x0002df56   0x00000002   PAD
    0x0002df58   0x0002df58   0x00000024   Code   RO         5106    i.__sd_nvic_app_accessible_irq  nrf_sdh.o
    0x0002df7c   0x0002df7c   0x0000000c   Code   RO         8579    i.__set_errno       mc_w.l(errno.o)
    0x0002df88   0x0002df88   0x00000184   Code   RO         8425    i._fp_digits        mc_w.l(printfa.o)
    0x0002e10c   0x0002e10c   0x000006b4   Code   RO         8426    i._printf_core      mc_w.l(printfa.o)
    0x0002e7c0   0x0002e7c0   0x00000024   Code   RO         8427    i._printf_post_padding  mc_w.l(printfa.o)
    0x0002e7e4   0x0002e7e4   0x0000002e   Code   RO         8428    i._printf_pre_padding  mc_w.l(printfa.o)
    0x0002e812   0x0002e812   0x0000000a   Code   RO         8430    i._sputc            mc_w.l(printfa.o)
    0x0002e81c   0x0002e81c   0x00000198   Code   RO         5555    i.accel_6500_self_test  inv_mpu.o
    0x0002e9b4   0x0002e9b4   0x00000036   Code   RO          879    i.advertising_buttons_configure  bsp_btn_ble.o
    0x0002e9ea   0x0002e9ea   0x00000024   Code   RO            4    i.advertising_led   main.o
    0x0002ea0e   0x0002ea0e   0x00000002   PAD
    0x0002ea10   0x0002ea10   0x00000084   Code   RO         3233    i.app_error_fault_handler  app_error_weak.o
    0x0002ea94   0x0002ea94   0x00000016   Code   RO         3173    i.app_error_handler_bare  app_error.o
    0x0002eaaa   0x0002eaaa   0x00000016   Code   RO         3290    i.app_fifo_get      app_fifo.o
    0x0002eac0   0x0002eac0   0x00000020   Code   RO         3291    i.app_fifo_init     app_fifo.o
    0x0002eae0   0x0002eae0   0x0000001a   Code   RO         3293    i.app_fifo_put      app_fifo.o
    0x0002eafa   0x0002eafa   0x00000002   PAD
    0x0002eafc   0x0002eafc   0x0000000c   Code   RO         3420    i.app_timer_cnt_get  app_timer.o
    0x0002eb08   0x0002eb08   0x00000028   Code   RO         3421    i.app_timer_create  app_timer.o
    0x0002eb30   0x0002eb30   0x00000054   Code   RO         3422    i.app_timer_init    app_timer.o
    0x0002eb84   0x0002eb84   0x00000088   Code   RO         3425    i.app_timer_start   app_timer.o
    0x0002ec0c   0x0002ec0c   0x00000020   Code   RO         3426    i.app_timer_stop    app_timer.o
    0x0002ec2c   0x0002ec2c   0x00000034   Code   RO         3582    i.app_uart_get      app_uart_fifo.o
    0x0002ec60   0x0002ec60   0x000000a4   Code   RO         3583    i.app_uart_init     app_uart_fifo.o
    0x0002ed04   0x0002ed04   0x00000054   Code   RO         3584    i.app_uart_put      app_uart_fifo.o
    0x0002ed58   0x0002ed58   0x00000048   Code   RO         3666    i.app_util_critical_region_enter  app_util_platform.o
    0x0002eda0   0x0002eda0   0x00000034   Code   RO         3667    i.app_util_critical_region_exit  app_util_platform.o
    0x0002edd4   0x0002edd4   0x00000088   Code   RO         2495    i.apply_config      nrfx_uart.o
    0x0002ee5c   0x0002ee5c   0x00000088   Code   RO         2686    i.apply_config      nrfx_uarte.o
    0x0002eee4   0x0002eee4   0x00000048   Code   RO         1507    i.blcm_link_ctx_get  ble_link_ctx_manager.o
    0x0002ef2c   0x0002ef2c   0x00000182   Code   RO         1033    i.ble_advdata_encode  ble_advdata.o
    0x0002f0ae   0x0002f0ae   0x00000020   Code   RO         1035    i.ble_advdata_parse  ble_advdata.o
    0x0002f0ce   0x0002f0ce   0x00000038   Code   RO         1036    i.ble_advdata_search  ble_advdata.o
    0x0002f106   0x0002f106   0x00000006   Code   RO         1143    i.ble_advertising_conn_cfg_tag_set  ble_advertising.o
    0x0002f10c   0x0002f10c   0x0000011c   Code   RO         1144    i.ble_advertising_init  ble_advertising.o
    0x0002f228   0x0002f228   0x00000008   Code   RO         1145    i.ble_advertising_modes_config_set  ble_advertising.o
    0x0002f230   0x0002f230   0x0000006a   Code   RO         1146    i.ble_advertising_on_ble_evt  ble_advertising.o
    0x0002f29a   0x0002f29a   0x00000002   Code   RO         1147    i.ble_advertising_on_sys_evt  ble_advertising.o
    0x0002f29c   0x0002f29c   0x0000022c   Code   RO         1150    i.ble_advertising_start  ble_advertising.o
    0x0002f4c8   0x0002f4c8   0x00000068   Code   RO         1262    i.ble_conn_params_init  ble_conn_params.o
    0x0002f530   0x0002f530   0x00000012   Code   RO         1350    i.ble_conn_state_conn_idx  ble_conn_state.o
    0x0002f542   0x0002f542   0x00000002   PAD
    0x0002f544   0x0002f544   0x00000014   Code   RO         1352    i.ble_conn_state_for_each_connected  ble_conn_state.o
    0x0002f558   0x0002f558   0x00000014   Code   RO         1363    i.ble_conn_state_valid  ble_conn_state.o
    0x0002f56c   0x0002f56c   0x00000060   Code   RO         1039    i.ble_device_addr_encode  ble_advdata.o
    0x0002f5cc   0x0002f5cc   0x00000024   Code   RO         7560    i.ble_dfu_buttonless_async_svci_init  ble_dfu_unbonded.o
    0x0002f5f0   0x0002f5f0   0x00000014   Code   RO         7561    i.ble_dfu_buttonless_backend_init  ble_dfu_unbonded.o
    0x0002f604   0x0002f604   0x0000002c   Code   RO         7447    i.ble_dfu_buttonless_bootloader_start_finalize  ble_dfu.o
    0x0002f630   0x0002f630   0x00000018   Code   RO         7562    i.ble_dfu_buttonless_bootloader_start_prepare  ble_dfu_unbonded.o
    0x0002f648   0x0002f648   0x00000050   Code   RO         7563    i.ble_dfu_buttonless_char_add  ble_dfu_unbonded.o
    0x0002f698   0x0002f698   0x00000070   Code   RO         7448    i.ble_dfu_buttonless_init  ble_dfu.o
    0x0002f708   0x0002f708   0x000000bc   Code   RO         7449    i.ble_dfu_buttonless_on_ble_evt  ble_dfu.o
    0x0002f7c4   0x0002f7c4   0x000000dc   Code   RO         7564    i.ble_dfu_buttonless_on_ctrl_pt_write  ble_dfu_unbonded.o
    0x0002f8a0   0x0002f8a0   0x00000060   Code   RO         7565    i.ble_dfu_buttonless_on_sys_evt  ble_dfu_unbonded.o
    0x0002f900   0x0002f900   0x00000054   Code   RO         7450    i.ble_dfu_buttonless_resp_send  ble_dfu.o
    0x0002f954   0x0002f954   0x00000040   Code   RO            6    i.ble_dfu_evt_handler  main.o
    0x0002f994   0x0002f994   0x000000bc   Code   RO            7    i.ble_evt_handler   main.o
    0x0002fa50   0x0002fa50   0x00000070   Code   RO          880    i.ble_evt_handler   bsp_btn_ble.o
    0x0002fac0   0x0002fac0   0x000000fc   Code   RO         1264    i.ble_evt_handler   ble_conn_params.o
    0x0002fbbc   0x0002fbbc   0x00000104   Code   RO         1364    i.ble_evt_handler   ble_conn_state.o
    0x0002fcc0   0x0002fcc0   0x00000066   Code   RO         1742    i.ble_nus_data_send  ble_nus.o
    0x0002fd26   0x0002fd26   0x00000002   PAD
    0x0002fd28   0x0002fd28   0x000000d4   Code   RO         1743    i.ble_nus_init      ble_nus.o
    0x0002fdfc   0x0002fdfc   0x00000072   Code   RO         1744    i.ble_nus_on_ble_evt  ble_nus.o
    0x0002fe6e   0x0002fe6e   0x00000008   Code   RO         1535    i.ble_srv_is_indication_enabled  ble_srv_common.o
    0x0002fe76   0x0002fe76   0x00000008   Code   RO         1536    i.ble_srv_is_notification_enabled  ble_srv_common.o
    0x0002fe7e   0x0002fe7e   0x00000002   PAD
    0x0002fe80   0x0002fe80   0x00000044   Code   RO          761    i.bsp_event_to_button_action_assign  bsp.o
    0x0002fec4   0x0002fec4   0x00000090   Code   RO         4609    i.buf_prealloc      nrf_log_frontend.o
    0x0002ff54   0x0002ff54   0x0000001e   Code   RO         4127    i.buffer_add        nrf_fprintf_format.o
    0x0002ff72   0x0002ff72   0x00000002   PAD
    0x0002ff74   0x0002ff74   0x00000014   Code   RO         4610    i.buffer_is_empty   nrf_log_frontend.o
    0x0002ff88   0x0002ff88   0x00000010   Code   RO         2142    i.channel_port_get  nrfx_gpiote.o
    0x0002ff98   0x0002ff98   0x00000190   Code   RO         1538    i.characteristic_add  ble_srv_common.o
    0x00030128   0x00030128   0x00000028   Code   RO         1803    i.clock_clk_started_notify  nrf_drv_clock.o
    0x00030150   0x00030150   0x0000001c   Code   RO         1804    i.clock_irq_handler  nrf_drv_clock.o
    0x0003016c   0x0003016c   0x000000ac   Code   RO         3428    i.compare_reg_update  app_timer.o
    0x00030218   0x00030218   0x00000118   Code   RO         5556    i.compass_self_test  inv_mpu.o
    0x00030330   0x00030330   0x00000078   Code   RO         5319    i.configClock       sx1509.o
    0x000303a8   0x000303a8   0x0000003e   Code   RO         1365    i.conn_handle_list_get  ble_conn_state.o
    0x000303e6   0x000303e6   0x00000088   Code   RO         1040    i.conn_int_encode   ble_advdata.o
    0x0003046e   0x0003046e   0x0000001e   Code   RO            9    i.conn_led          main.o
    0x0003048c   0x0003048c   0x00000004   Code   RO           10    i.conn_params_error_handler  main.o
    0x00030490   0x00030490   0x00000048   Code   RO         1265    i.conn_params_negotiation  ble_conn_params.o
    0x000304d8   0x000304d8   0x0000000e   Code   RO         5320    i.constrain         sx1509.o
    0x000304e6   0x000304e6   0x00000002   PAD
    0x000304e8   0x000304e8   0x000000c0   Code   RO         1596    i.data_length_update  nrf_ble_gatt.o
    0x000305a8   0x000305a8   0x00000006   Code   RO           12    i.disconnect        main.o
    0x000305ae   0x000305ae   0x0000003a   Code   RO         5916    i.dmp_enable_6x_lp_quat  inv_mpu_dmp_motion_driver.o
    0x000305e8   0x000305e8   0x000001d8   Code   RO         5917    i.dmp_enable_feature  inv_mpu_dmp_motion_driver.o
    0x000307c0   0x000307c0   0x0000003c   Code   RO         5918    i.dmp_enable_gyro_cal  inv_mpu_dmp_motion_driver.o
    0x000307fc   0x000307fc   0x0000003a   Code   RO         5919    i.dmp_enable_lp_quat  inv_mpu_dmp_motion_driver.o
    0x00030836   0x00030836   0x00000002   PAD
    0x00030838   0x00030838   0x00000014   Code   RO         5924    i.dmp_load_motion_driver_firmware  inv_mpu_dmp_motion_driver.o
    0x0003084c   0x0003084c   0x00000174   Code   RO         5925    i.dmp_read_fifo     inv_mpu_dmp_motion_driver.o
    0x000309c0   0x000309c0   0x00000064   Code   RO         5929    i.dmp_set_fifo_rate  inv_mpu_dmp_motion_driver.o
    0x00030a24   0x00030a24   0x0000010c   Code   RO         5932    i.dmp_set_orientation  inv_mpu_dmp_motion_driver.o
    0x00030b30   0x00030b30   0x00000030   Code   RO         5935    i.dmp_set_shake_reject_thresh  inv_mpu_dmp_motion_driver.o
    0x00030b60   0x00030b60   0x00000020   Code   RO         5936    i.dmp_set_shake_reject_time  inv_mpu_dmp_motion_driver.o
    0x00030b80   0x00030b80   0x00000020   Code   RO         5937    i.dmp_set_shake_reject_timeout  inv_mpu_dmp_motion_driver.o
    0x00030ba0   0x00030ba0   0x00000040   Code   RO         5938    i.dmp_set_tap_axes  inv_mpu_dmp_motion_driver.o
    0x00030be0   0x00030be0   0x00000022   Code   RO         5939    i.dmp_set_tap_count  inv_mpu_dmp_motion_driver.o
    0x00030c02   0x00030c02   0x00000002   PAD
    0x00030c04   0x00030c04   0x00000160   Code   RO         5940    i.dmp_set_tap_thresh  inv_mpu_dmp_motion_driver.o
    0x00030d64   0x00030d64   0x00000020   Code   RO         5941    i.dmp_set_tap_time  inv_mpu_dmp_motion_driver.o
    0x00030d84   0x00030d84   0x00000020   Code   RO         5942    i.dmp_set_tap_time_multi  inv_mpu_dmp_motion_driver.o
    0x00030da4   0x00030da4   0x00000014   Code   RO         4611    i.dropped_sat16_get  nrf_log_frontend.o
    0x00030db8   0x00030db8   0x00000018   Code   RO         5482    i.drv_mpu9250_int_register  drv_mpu9250.o
    0x00030dd0   0x00030dd0   0x00000016   Code   RO         5483    i.drv_mpu9250_ms_get  drv_mpu9250.o
    0x00030de6   0x00030de6   0x0000000a   Code   RO         5484    i.drv_mpu9250_read  drv_mpu9250.o
    0x00030df0   0x00030df0   0x00000010   Code   RO         5485    i.drv_mpu9250_write  drv_mpu9250.o
    0x00030e00   0x00030e00   0x00000002   Code   RO         7451    i.dummy_evt_handler  ble_dfu.o
    0x00030e02   0x00030e02   0x00000002   PAD
    0x00030e04   0x00030e04   0x00000040   Code   RO         3429    i.elapsed_ticks_acquire  app_timer.o
    0x00030e44   0x00030e44   0x0000003e   Code   RO         5322    i.ext_gpio_output_digset  sx1509.o
    0x00030e82   0x00030e82   0x00000018   Code   RO         8044    i.fabs              m_wm.l(fabs.o)
    0x00030e9a   0x00030e9a   0x00000014   Code   RO         3296    i.fifo_get          app_fifo.o
    0x00030eae   0x00030eae   0x00000012   Code   RO         3297    i.fifo_put          app_fifo.o
    0x00030ec0   0x00030ec0   0x00000028   Code   RO         1152    i.flags_set         ble_advertising.o
    0x00030ee8   0x00030ee8   0x00000030   Code   RO         1366    i.for_each_set_flag  ble_conn_state.o
    0x00030f18   0x00030f18   0x00000050   Code   RO         8446    i.free              mc_w.l(malloc.o)
    0x00030f68   0x00030f68   0x0000005c   Code   RO           13    i.gatt_evt_handler  main.o
    0x00030fc4   0x00030fc4   0x00000030   Code   RO           14    i.gatt_init         main.o
    0x00030ff4   0x00030ff4   0x0000036c   Code   RO         5557    i.get_st_6500_biases  inv_mpu.o
    0x00031360   0x00031360   0x00000178   Code   RO         5559    i.gyro_6500_self_test  inv_mpu.o
    0x000314d8   0x000314d8   0x00000014   Code   RO         1266    i.instance_get      ble_conn_params.o
    0x000314ec   0x000314ec   0x000000a6   Code   RO         4128    i.int_print         nrf_fprintf_format.o
    0x00031592   0x00031592   0x00000002   PAD
    0x00031594   0x00031594   0x00000080   Code   RO         2687    i.interrupts_enable  nrfx_uarte.o
    0x00031614   0x00031614   0x0000006a   Code   RO         6183    i.inv_apply_calibration  data_builder.o
    0x0003167e   0x0003167e   0x00000002   PAD
    0x00031680   0x00031680   0x00000068   Code   RO         6184    i.inv_build_accel   data_builder.o
    0x000316e8   0x000316e8   0x00000084   Code   RO         6185    i.inv_build_compass  data_builder.o
    0x0003176c   0x0003176c   0x00000030   Code   RO         6186    i.inv_build_gyro    data_builder.o
    0x0003179c   0x0003179c   0x0000002c   Code   RO         6187    i.inv_build_quat    data_builder.o
    0x000317c8   0x000317c8   0x0000001c   Code   RO         6188    i.inv_build_temp    data_builder.o
    0x000317e4   0x000317e4   0x000000ac   Code   RO         7166    i.inv_compass_angle  ml_math_func.o
    0x00031890   0x00031890   0x0000005c   Code   RO         7168    i.inv_convert_to_body_with_scale  ml_math_func.o
    0x000318ec   0x000318ec   0x0000003c   Code   RO         6190    i.inv_db_load_func  data_builder.o
    0x00031928   0x00031928   0x00000014   Code   RO         6191    i.inv_db_save_func  data_builder.o
    0x0003193c   0x0003193c   0x0000001c   Code   RO         6099    i.inv_enable_eMPL_outputs  empl_outputs.o
    0x00031958   0x00031958   0x0000001c   Code   RO         6820    i.inv_enable_results_holder  results_holder.o
    0x00031974   0x00031974   0x0000002c   Code   RO         6788    i.inv_execute_mpl_start_notification  start_manager.o
    0x000319a0   0x000319a0   0x00000080   Code   RO         6194    i.inv_execute_on_data  data_builder.o
    0x00031a20   0x00031a20   0x000000a4   Code   RO         6100    i.inv_generate_eMPL_outputs  empl_outputs.o
    0x00031ac4   0x00031ac4   0x00000010   Code   RO         6821    i.inv_generate_results  results_holder.o
    0x00031ad4   0x00031ad4   0x00000014   Code   RO         6822    i.inv_get_6axis_quaternion  results_holder.o
    0x00031ae8   0x00031ae8   0x0000000c   Code   RO         6823    i.inv_get_acc_state  results_holder.o
    0x00031af4   0x00031af4   0x0000000c   Code   RO         6195    i.inv_get_accel_accuracy  data_builder.o
    0x00031b00   0x00031b00   0x00000010   Code   RO         6197    i.inv_get_accel_on  data_builder.o
    0x00031b10   0x00031b10   0x00000028   Code   RO         6201    i.inv_get_accel_set  data_builder.o
    0x00031b38   0x00031b38   0x00000014   Code   RO         6202    i.inv_get_compass_bias  data_builder.o
    0x00031b4c   0x00031b4c   0x00000018   Code   RO         6827    i.inv_get_compass_correction  results_holder.o
    0x00031b64   0x00031b64   0x00000010   Code   RO         6204    i.inv_get_compass_on  data_builder.o
    0x00031b74   0x00031b74   0x0000001c   Code   RO         6211    i.inv_get_compass_soft_iron_output_data  data_builder.o
    0x00031b90   0x00031b90   0x0000000c   Code   RO         6828    i.inv_get_compass_state  results_holder.o
    0x00031b9c   0x00031b9c   0x00000054   Code   RO         6829    i.inv_get_gravity   results_holder.o
    0x00031bf0   0x00031bf0   0x00000010   Code   RO         6212    i.inv_get_gyro      data_builder.o
    0x00031c00   0x00031c00   0x0000000c   Code   RO         6213    i.inv_get_gyro_accuracy  data_builder.o
    0x00031c0c   0x00031c0c   0x00000024   Code   RO         6214    i.inv_get_gyro_bias  data_builder.o
    0x00031c30   0x00031c30   0x00000018   Code   RO         6215    i.inv_get_gyro_bias_tc_set  data_builder.o
    0x00031c48   0x00031c48   0x00000010   Code   RO         6216    i.inv_get_gyro_on   data_builder.o
    0x00031c58   0x00031c58   0x0000001a   Code   RO         7172    i.inv_get_gyro_sum_of_sqr  ml_math_func.o
    0x00031c72   0x00031c72   0x00000002   PAD
    0x00031c74   0x00031c74   0x0000000c   Code   RO         6832    i.inv_get_large_mag_field  results_holder.o
    0x00031c80   0x00031c80   0x00000048   Code   RO         6222    i.inv_get_last_timestamp  data_builder.o
    0x00031cc8   0x00031cc8   0x0000003a   Code   RO         6833    i.inv_get_linear_accel  results_holder.o
    0x00031d02   0x00031d02   0x00000002   PAD
    0x00031d04   0x00031d04   0x00000044   Code   RO         6834    i.inv_get_linear_accel_float  results_holder.o
    0x00031d48   0x00031d48   0x00000010   Code   RO         6835    i.inv_get_local_field  results_holder.o
    0x00031d58   0x00031d58   0x0000001c   Code   RO         6223    i.inv_get_mag_accuracy  data_builder.o
    0x00031d74   0x00031d74   0x00000010   Code   RO         6837    i.inv_get_motion_state  results_holder.o
    0x00031d84   0x00031d84   0x00000034   Code   RO         6838    i.inv_get_quaternion  results_holder.o
    0x00031db8   0x00031db8   0x00000038   Code   RO         6840    i.inv_get_quaternion_set  results_holder.o
    0x00031df0   0x00031df0   0x000001bc   Code   RO         6103    i.inv_get_sensor_type_euler  empl_outputs.o
    0x00031fac   0x00031fac   0x00000060   Code   RO         6629    i.inv_get_sensor_type_gravity  hal_outputs.o
    0x0003200c   0x0003200c   0x0000000c   Code   RO         6842    i.inv_got_compass_bias  results_holder.o
    0x00032018   0x00032018   0x0000003c   Code   RO         6226    i.inv_init_data_builder  data_builder.o
    0x00032054   0x00032054   0x00000040   Code   RO         7056    i.inv_init_mpl      mpl.o
    0x00032094   0x00032094   0x00000030   Code   RO         6843    i.inv_init_results_holder  results_holder.o
    0x000320c4   0x000320c4   0x00000014   Code   RO         6789    i.inv_init_start_manager  start_manager.o
    0x000320d8   0x000320d8   0x00000018   Code   RO         6751    i.inv_init_storage_manager  storage_manager.o
    0x000320f0   0x000320f0   0x00000022   Code   RO         7181    i.inv_orientation_matrix_to_scalar  ml_math_func.o
    0x00032112   0x00032112   0x0000000c   Code   RO         7182    i.inv_q29_mult      ml_math_func.o
    0x0003211e   0x0003211e   0x0000000c   Code   RO         7184    i.inv_q30_mult      ml_math_func.o
    0x0003212a   0x0003212a   0x00000024   Code   RO         7186    i.inv_q_add         ml_math_func.o
    0x0003214e   0x0003214e   0x00000042   Code   RO         7187    i.inv_q_addf        ml_math_func.o
    0x00032190   0x00032190   0x00000018   Code   RO         7188    i.inv_q_invert      ml_math_func.o
    0x000321a8   0x000321a8   0x0000002e   Code   RO         7189    i.inv_q_invertf     ml_math_func.o
    0x000321d6   0x000321d6   0x000000b0   Code   RO         7190    i.inv_q_mult        ml_math_func.o
    0x00032286   0x00032286   0x000000d2   Code   RO         7191    i.inv_q_multf       ml_math_func.o
    0x00032358   0x00032358   0x00000084   Code   RO         7192    i.inv_q_norm4       ml_math_func.o
    0x000323dc   0x000323dc   0x000000b0   Code   RO         7194    i.inv_q_normalizef  ml_math_func.o
    0x0003248c   0x0003248c   0x0000003e   Code   RO         7195    i.inv_q_rotate      ml_math_func.o
    0x000324ca   0x000324ca   0x000000da   Code   RO         7197    i.inv_quaternion_to_rotation  ml_math_func.o
    0x000325a4   0x000325a4   0x00000090   Code   RO         6229    i.inv_register_data_cb  data_builder.o
    0x00032634   0x00032634   0x0000006c   Code   RO         6753    i.inv_register_load_store  storage_manager.o
    0x000326a0   0x000326a0   0x00000020   Code   RO         6790    i.inv_register_mpl_start_notification  start_manager.o
    0x000326c0   0x000326c0   0x00000054   Code   RO         6230    i.inv_reset_compass_soft_iron_matrix  data_builder.o
    0x00032714   0x00032714   0x00000048   Code   RO         7199    i.inv_row_2_scale   ml_math_func.o
    0x0003275c   0x0003275c   0x0000001c   Code   RO         6231    i.inv_set_accel_accuracy  data_builder.o
    0x00032778   0x00032778   0x00000048   Code   RO         6233    i.inv_set_accel_bias  data_builder.o
    0x000327c0   0x000327c0   0x0000000c   Code   RO         6846    i.inv_set_accel_bias_found  results_holder.o
    0x000327cc   0x000327cc   0x00000050   Code   RO         6234    i.inv_set_accel_bias_mask  data_builder.o
    0x0003281c   0x0003281c   0x0000000c   Code   RO         6235    i.inv_set_accel_orientation_and_scale  data_builder.o
    0x00032828   0x00032828   0x0000002c   Code   RO         6236    i.inv_set_accel_sample_rate  data_builder.o
    0x00032854   0x00032854   0x00000048   Code   RO         6238    i.inv_set_compass_bias  data_builder.o
    0x0003289c   0x0003289c   0x00000010   Code   RO         6847    i.inv_set_compass_bias_error  results_holder.o
    0x000328ac   0x000328ac   0x0000000c   Code   RO         6848    i.inv_set_compass_bias_found  results_holder.o
    0x000328b8   0x000328b8   0x00000020   Code   RO         6849    i.inv_set_compass_correction  results_holder.o
    0x000328d8   0x000328d8   0x0000000c   Code   RO         6239    i.inv_set_compass_disturbance  data_builder.o
    0x000328e4   0x000328e4   0x00000010   Code   RO         6240    i.inv_set_compass_orientation_and_scale  data_builder.o
    0x000328f4   0x000328f4   0x0000002c   Code   RO         6241    i.inv_set_compass_sample_rate  data_builder.o
    0x00032920   0x00032920   0x00000050   Code   RO         6242    i.inv_set_compass_soft_iron_input_data  data_builder.o
    0x00032970   0x00032970   0x0000000c   Code   RO         6850    i.inv_set_compass_state  results_holder.o
    0x0003297c   0x0003297c   0x00000080   Code   RO         6245    i.inv_set_contiguous  data_builder.o
    0x000329fc   0x000329fc   0x0000005c   Code   RO         6247    i.inv_set_gyro_bias  data_builder.o
    0x00032a58   0x00032a58   0x0000000c   Code   RO         6248    i.inv_set_gyro_orientation_and_scale  data_builder.o
    0x00032a64   0x00032a64   0x00000028   Code   RO         6249    i.inv_set_gyro_sample_rate  data_builder.o
    0x00032a8c   0x00032a8c   0x00000014   Code   RO         6731    i.inv_set_message   message_layer.o
    0x00032aa0   0x00032aa0   0x00000034   Code   RO         6855    i.inv_set_motion_state  results_holder.o
    0x00032ad4   0x00032ad4   0x00000010   Code   RO         6108    i.inv_start_eMPL_outputs  empl_outputs.o
    0x00032ae4   0x00032ae4   0x00000018   Code   RO         7057    i.inv_start_mpl     mpl.o
    0x00032afc   0x00032afc   0x00000018   Code   RO         6856    i.inv_start_results_holder  results_holder.o
    0x00032b14   0x00032b14   0x00000020   Code   RO         6857    i.inv_store_gaming_quaternion  results_holder.o
    0x00032b34   0x00032b34   0x0000004c   Code   RO         6252    i.inv_unregister_data_cb  data_builder.o
    0x00032b80   0x00032b80   0x00000048   Code   RO         6791    i.inv_unregister_mpl_start_notification  start_manager.o
    0x00032bc8   0x00032bc8   0x00000034   Code   RO         4612    i.invalid_packets_omit  nrf_log_frontend.o
    0x00032bfc   0x00032bfc   0x00000044   Code   RO         1267    i.is_conn_params_ok  ble_conn_params.o
    0x00032c40   0x00032c40   0x00000018   Code   RO         1597    i.link_init         nrf_ble_gatt.o
    0x00032c58   0x00032c58   0x000000f8   Code   RO         3430    i.list_insertions_handler  app_timer.o
    0x00032d50   0x00032d50   0x0000009c   Code   RO         4613    i.log_skip          nrf_log_frontend.o
    0x00032dec   0x00032dec   0x0000025c   Code   RO           15    i.main              main.o
    0x00033048   0x00033048   0x0000006c   Code   RO         8447    i.malloc            mc_w.l(malloc.o)
    0x000330b4   0x000330b4   0x00000064   Code   RO         1041    i.manuf_specific_data_encode  ble_advdata.o
    0x00033118   0x00033118   0x0000007e   Code   RO         4167    i.memobj_op         nrf_memobj.o
    0x00033196   0x00033196   0x00000032   Code   RO         7204    i.mlMatrixVectorMult  ml_math_func.o
    0x000331c8   0x000331c8   0x00000030   Code   RO         4614    i.module_idx_get    nrf_log_frontend.o
    0x000331f8   0x000331f8   0x00000054   Code   RO         5560    i.mpu_configure_fifo  inv_mpu.o
    0x0003324c   0x0003324c   0x00000158   Code   RO           16    i.mpu_dmp_init      main.o
    0x000333a4   0x000333a4   0x0000003c   Code   RO         5561    i.mpu_get_accel_fsr  inv_mpu.o
    0x000333e0   0x000333e0   0x00000044   Code   RO         5563    i.mpu_get_accel_sens  inv_mpu.o
    0x00033424   0x00033424   0x00000010   Code   RO         5564    i.mpu_get_compass_fsr  inv_mpu.o
    0x00033434   0x00033434   0x0000008c   Code   RO         5565    i.mpu_get_compass_reg  inv_mpu.o
    0x000334c0   0x000334c0   0x00000034   Code   RO         5569    i.mpu_get_gyro_fsr  inv_mpu.o
    0x000334f4   0x000334f4   0x0000004c   Code   RO         5571    i.mpu_get_gyro_sens  inv_mpu.o
    0x00033540   0x00033540   0x00000038   Code   RO         5573    i.mpu_get_lpf       inv_mpu.o
    0x00033578   0x00033578   0x0000001c   Code   RO         5575    i.mpu_get_sample_rate  inv_mpu.o
    0x00033594   0x00033594   0x00000088   Code   RO         5576    i.mpu_get_temperature  inv_mpu.o
    0x0003361c   0x0003361c   0x000000e8   Code   RO         5577    i.mpu_init          inv_mpu.o
    0x00033704   0x00033704   0x000000a0   Code   RO         5578    i.mpu_load_firmware  inv_mpu.o
    0x000337a4   0x000337a4   0x000000ec   Code   RO         5579    i.mpu_lp_accel_mode  inv_mpu.o
    0x00033890   0x00033890   0x000001dc   Code   RO           17    i.mpu_mpl_get_data  main.o
    0x00033a6c   0x00033a6c   0x00000090   Code   RO         5585    i.mpu_read_fifo_stream  inv_mpu.o
    0x00033afc   0x00033afc   0x00000054   Code   RO         5586    i.mpu_read_mem      inv_mpu.o
    0x00033b50   0x00033b50   0x00000160   Code   RO         5589    i.mpu_reset_fifo    inv_mpu.o
    0x00033cb0   0x00033cb0   0x00000108   Code   RO         5590    i.mpu_run_6500_self_test  inv_mpu.o
    0x00033db8   0x00033db8   0x00000068   Code   RO         5594    i.mpu_set_accel_fsr  inv_mpu.o
    0x00033e20   0x00033e20   0x000000dc   Code   RO         5595    i.mpu_set_bypass    inv_mpu.o
    0x00033efc   0x00033efc   0x0000004c   Code   RO         5596    i.mpu_set_compass_sample_rate  inv_mpu.o
    0x00033f48   0x00033f48   0x00000078   Code   RO         5597    i.mpu_set_dmp_state  inv_mpu.o
    0x00033fc0   0x00033fc0   0x0000006c   Code   RO         5599    i.mpu_set_gyro_fsr  inv_mpu.o
    0x0003402c   0x0003402c   0x00000064   Code   RO         5600    i.mpu_set_int_latched  inv_mpu.o
    0x00034090   0x00034090   0x00000088   Code   RO         5602    i.mpu_set_lpf       inv_mpu.o
    0x00034118   0x00034118   0x00000090   Code   RO         5603    i.mpu_set_sample_rate  inv_mpu.o
    0x000341a8   0x000341a8   0x00000134   Code   RO         5604    i.mpu_set_sensors   inv_mpu.o
    0x000342dc   0x000342dc   0x00000054   Code   RO         5605    i.mpu_write_mem     inv_mpu.o
    0x00034330   0x00034330   0x000000a6   Code   RO         1042    i.name_encode       ble_advdata.o
    0x000343d6   0x000343d6   0x00000016   Code   RO         3852    i.nrf_atflags_clear  nrf_atflags.o
    0x000343ec   0x000343ec   0x00000016   Code   RO         3857    i.nrf_atflags_get   nrf_atflags.o
    0x00034402   0x00034402   0x00000014   Code   RO         3859    i.nrf_atflags_set   nrf_atflags.o
    0x00034416   0x00034416   0x00000006   Code   RO         3920    i.nrf_atomic_flag_clear_fetch  nrf_atomic.o
    0x0003441c   0x0003441c   0x00000006   Code   RO         3921    i.nrf_atomic_flag_set  nrf_atomic.o
    0x00034422   0x00034422   0x0000000c   Code   RO         3923    i.nrf_atomic_u32_add  nrf_atomic.o
    0x0003442e   0x0003442e   0x0000000c   Code   RO         3924    i.nrf_atomic_u32_and  nrf_atomic.o
    0x0003443a   0x0003443a   0x0000000a   Code   RO         3927    i.nrf_atomic_u32_fetch_and  nrf_atomic.o
    0x00034444   0x00034444   0x0000000a   Code   RO         3929    i.nrf_atomic_u32_fetch_store  nrf_atomic.o
    0x0003444e   0x0003444e   0x0000000c   Code   RO         3933    i.nrf_atomic_u32_or  nrf_atomic.o
    0x0003445a   0x0003445a   0x0000000c   Code   RO         3935    i.nrf_atomic_u32_sub  nrf_atomic.o
    0x00034466   0x00034466   0x00000044   Code   RO         4054    i.nrf_balloc_alloc  nrf_balloc.o
    0x000344aa   0x000344aa   0x00000030   Code   RO         4055    i.nrf_balloc_free   nrf_balloc.o
    0x000344da   0x000344da   0x00000010   Code   RO         2143    i.nrf_bitmask_bit_is_set  nrfx_gpiote.o
    0x000344ea   0x000344ea   0x00000014   Code   RO         2144    i.nrf_bitmask_bit_set  nrfx_gpiote.o
    0x000344fe   0x000344fe   0x00000018   Code   RO         1599    i.nrf_ble_gatt_att_mtu_periph_set  nrf_ble_gatt.o
    0x00034516   0x00034516   0x00000022   Code   RO         1603    i.nrf_ble_gatt_init  nrf_ble_gatt.o
    0x00034538   0x00034538   0x00000150   Code   RO         1604    i.nrf_ble_gatt_on_ble_evt  nrf_ble_gatt.o
    0x00034688   0x00034688   0x00000016   Code   RO         1698    i.nrf_ble_qwr_conn_handle_assign  nrf_ble_qwr.o
    0x0003469e   0x0003469e   0x00000024   Code   RO         1699    i.nrf_ble_qwr_init  nrf_ble_qwr.o
    0x000346c2   0x000346c2   0x000000b6   Code   RO         1700    i.nrf_ble_qwr_on_ble_evt  nrf_ble_qwr.o
    0x00034778   0x00034778   0x0000000e   Code   RO         2005    i.nrf_clock_event_check  nrfx_clock.o
    0x00034786   0x00034786   0x00000010   Code   RO         2006    i.nrf_clock_event_clear  nrfx_clock.o
    0x00034796   0x00034796   0x00000002   PAD
    0x00034798   0x00034798   0x00000020   Code   RO           18    i.nrf_delay_ms      main.o
    0x000347b8   0x000347b8   0x00000020   Code   RO         5606    i.nrf_delay_ms      inv_mpu.o
    0x000347d8   0x000347d8   0x000000cc   Code   RO         7620    i.nrf_dfu_svci_vector_table_set  nrf_dfu_svci.o
    0x000348a4   0x000348a4   0x000000a0   Code   RO         7621    i.nrf_dfu_svci_vector_table_unset  nrf_dfu_svci.o
    0x00034944   0x00034944   0x00000038   Code   RO         1811    i.nrf_drv_clock_init  nrf_drv_clock.o
    0x0003497c   0x0003497c   0x00000030   Code   RO         1815    i.nrf_drv_clock_lfclk_release  nrf_drv_clock.o
    0x000349ac   0x000349ac   0x00000040   Code   RO         3037    i.nrf_drv_twi_init  nrf_drv_twi.o
    0x000349ec   0x000349ec   0x00000006   Code   RO         5324    i.nrf_drv_twi_rx    sx1509.o
    0x000349f2   0x000349f2   0x0000000e   Code   RO         5325    i.nrf_drv_twi_tx    sx1509.o
    0x00034a00   0x00034a00   0x00000068   Code   RO         1952    i.nrf_drv_uart_init  nrf_drv_uart.o
    0x00034a68   0x00034a68   0x00000020   Code   RO         3585    i.nrf_drv_uart_rx   app_uart_fifo.o
    0x00034a88   0x00034a88   0x00000020   Code   RO         3586    i.nrf_drv_uart_tx   app_uart_fifo.o
    0x00034aa8   0x00034aa8   0x0000001a   Code   RO         4091    i.nrf_fprintf       nrf_fprintf.o
    0x00034ac2   0x00034ac2   0x00000018   Code   RO         4092    i.nrf_fprintf_buffer_flush  nrf_fprintf.o
    0x00034ada   0x00034ada   0x000001da   Code   RO         4129    i.nrf_fprintf_fmt   nrf_fprintf_format.o
    0x00034cb4   0x00034cb4   0x00000024   Code   RO         2496    i.nrf_gpio_cfg      nrfx_uart.o
    0x00034cd8   0x00034cd8   0x00000024   Code   RO         2688    i.nrf_gpio_cfg      nrfx_uarte.o
    0x00034cfc   0x00034cfc   0x00000024   Code   RO         2842    i.nrf_gpio_cfg      nrfx_twi.o
    0x00034d20   0x00034d20   0x00000012   Code   RO         2498    i.nrf_gpio_cfg_input  nrfx_uart.o
    0x00034d32   0x00034d32   0x00000012   Code   RO         2690    i.nrf_gpio_cfg_input  nrfx_uarte.o
    0x00034d44   0x00034d44   0x00000014   Code   RO         2499    i.nrf_gpio_cfg_output  nrfx_uart.o
    0x00034d58   0x00034d58   0x00000014   Code   RO         2691    i.nrf_gpio_cfg_output  nrfx_uarte.o
    0x00034d6c   0x00034d6c   0x00000022   Code   RO         2147    i.nrf_gpio_cfg_sense_set  nrfx_gpiote.o
    0x00034d8e   0x00034d8e   0x0000000e   Code   RO         3038    i.nrf_gpio_pin_set  nrf_drv_twi.o
    0x00034d9c   0x00034d9c   0x00000028   Code   RO         2148    i.nrf_gpio_ports_read  nrfx_gpiote.o
    0x00034dc4   0x00034dc4   0x00000014   Code   RO         2149    i.nrf_gpiote_event_clear  nrfx_gpiote.o
    0x00034dd8   0x00034dd8   0x00000010   Code   RO         2150    i.nrf_gpiote_event_is_set  nrfx_gpiote.o
    0x00034de8   0x00034de8   0x00000002   Code   RO         4470    i.nrf_log_backend_rtt_flush  nrf_log_backend_rtt.o
    0x00034dea   0x00034dea   0x00000002   Code   RO         4472    i.nrf_log_backend_rtt_panic_set  nrf_log_backend_rtt.o
    0x00034dec   0x00034dec   0x00000018   Code   RO         4473    i.nrf_log_backend_rtt_put  nrf_log_backend_rtt.o
    0x00034e04   0x00034e04   0x000000c2   Code   RO         4539    i.nrf_log_backend_serial_put  nrf_log_backend_serial.o
    0x00034ec6   0x00034ec6   0x00000002   PAD
    0x00034ec8   0x00034ec8   0x00000030   Code   RO         4617    i.nrf_log_color_id_get  nrf_log_frontend.o
    0x00034ef8   0x00034ef8   0x00000230   Code   RO         4618    i.nrf_log_frontend_dequeue  nrf_log_frontend.o
    0x00035128   0x00035128   0x00000008   Code   RO         4620    i.nrf_log_frontend_std_0  nrf_log_frontend.o
    0x00035130   0x00035130   0x0000000e   Code   RO         4621    i.nrf_log_frontend_std_1  nrf_log_frontend.o
    0x0003513e   0x0003513e   0x00000010   Code   RO         4622    i.nrf_log_frontend_std_2  nrf_log_frontend.o
    0x0003514e   0x0003514e   0x00000002   PAD
    0x00035150   0x00035150   0x000000ac   Code   RO         4795    i.nrf_log_hexdump_entry_process  nrf_log_str_formatter.o
    0x000351fc   0x000351fc   0x00000014   Code   RO         4628    i.nrf_log_module_cnt_get  nrf_log_frontend.o
    0x00035210   0x00035210   0x0000001c   Code   RO         4631    i.nrf_log_module_name_get  nrf_log_frontend.o
    0x0003522c   0x0003522c   0x0000002c   Code   RO         4632    i.nrf_log_panic     nrf_log_frontend.o
    0x00035258   0x00035258   0x000000b6   Code   RO         4796    i.nrf_log_std_entry_process  nrf_log_str_formatter.o
    0x0003530e   0x0003530e   0x00000060   Code   RO         4168    i.nrf_memobj_alloc  nrf_memobj.o
    0x0003536e   0x0003536e   0x00000032   Code   RO         4169    i.nrf_memobj_free   nrf_memobj.o
    0x000353a0   0x000353a0   0x00000008   Code   RO         4170    i.nrf_memobj_get    nrf_memobj.o
    0x000353a8   0x000353a8   0x0000001e   Code   RO         4172    i.nrf_memobj_put    nrf_memobj.o
    0x000353c6   0x000353c6   0x00000010   Code   RO         4173    i.nrf_memobj_read   nrf_memobj.o
    0x000353d6   0x000353d6   0x00000010   Code   RO         4174    i.nrf_memobj_write  nrf_memobj.o
    0x000353e6   0x000353e6   0x00000002   PAD
    0x000353e8   0x000353e8   0x00000028   Code   RO         4246    i.nrf_pwr_mgmt_init  nrf_pwr_mgmt.o
    0x00035410   0x00035410   0x0000003c   Code   RO         4248    i.nrf_pwr_mgmt_shutdown  nrf_pwr_mgmt.o
    0x0003544c   0x0003544c   0x00000004   Code   RO           19    i.nrf_qwr_error_handler  main.o
    0x00035450   0x00035450   0x00000014   Code   RO         5226    i.nrf_sdh_ble_app_ram_start_get  nrf_sdh_ble.o
    0x00035464   0x00035464   0x00000134   Code   RO         5227    i.nrf_sdh_ble_default_cfg_set  nrf_sdh_ble.o
    0x00035598   0x00035598   0x00000130   Code   RO         5228    i.nrf_sdh_ble_enable  nrf_sdh_ble.o
    0x000356c8   0x000356c8   0x00000060   Code   RO         5229    i.nrf_sdh_ble_evts_poll  nrf_sdh_ble.o
    0x00035728   0x00035728   0x00000074   Code   RO         5108    i.nrf_sdh_enable_request  nrf_sdh.o
    0x0003579c   0x0003579c   0x00000024   Code   RO         5109    i.nrf_sdh_evts_poll  nrf_sdh.o
    0x000357c0   0x000357c0   0x0000000c   Code   RO         5110    i.nrf_sdh_is_enabled  nrf_sdh.o
    0x000357cc   0x000357cc   0x0000003c   Code   RO         5280    i.nrf_sdh_soc_evts_poll  nrf_sdh_soc.o
    0x00035808   0x00035808   0x0000000a   Code   RO         4384    i.nrf_section_iter_init  nrf_section_iter.o
    0x00035812   0x00035812   0x00000024   Code   RO         4385    i.nrf_section_iter_item_set  nrf_section_iter.o
    0x00035836   0x00035836   0x00000020   Code   RO         4386    i.nrf_section_iter_next  nrf_section_iter.o
    0x00035856   0x00035856   0x00000002   PAD
    0x00035858   0x00035858   0x00000038   Code   RO         4419    i.nrf_strerror_find  nrf_strerror.o
    0x00035890   0x00035890   0x00000014   Code   RO         4420    i.nrf_strerror_get  nrf_strerror.o
    0x000358a4   0x000358a4   0x0000000a   Code   RO         2844    i.nrf_twi_event_check  nrfx_twi.o
    0x000358ae   0x000358ae   0x0000000c   Code   RO         2845    i.nrf_twi_event_clear  nrfx_twi.o
    0x000358ba   0x000358ba   0x0000000a   Code   RO         2500    i.nrf_uart_event_check  nrfx_uart.o
    0x000358c4   0x000358c4   0x0000000c   Code   RO         2501    i.nrf_uart_event_clear  nrfx_uart.o
    0x000358d0   0x000358d0   0x0000000c   Code   RO         2502    i.nrf_uart_int_enable_check  nrfx_uart.o
    0x000358dc   0x000358dc   0x0000000a   Code   RO         2692    i.nrf_uarte_event_check  nrfx_uarte.o
    0x000358e6   0x000358e6   0x0000000c   Code   RO         2693    i.nrf_uarte_event_clear  nrfx_uarte.o
    0x000358f2   0x000358f2   0x00000002   PAD
    0x000358f4   0x000358f4   0x00000030   Code   RO         2011    i.nrfx_clock_enable  nrfx_clock.o
    0x00035924   0x00035924   0x00000020   Code   RO         2014    i.nrfx_clock_init   nrfx_clock.o
    0x00035944   0x00035944   0x0000001c   Code   RO         2017    i.nrfx_clock_lfclk_stop  nrfx_clock.o
    0x00035960   0x00035960   0x00000010   Code   RO         3039    i.nrfx_coredep_delay_us  nrf_drv_twi.o
    0x00035970   0x00035970   0x00000010   Code   RO         3431    i.nrfx_coredep_delay_us  app_timer.o
    0x00035980   0x00035980   0x00000010   Code   RO         2694    i.nrfx_is_in_ram    nrfx_uarte.o
    0x00035990   0x00035990   0x0000003a   Code   RO         2442    i.nrfx_prs_acquire  nrfx_prs.o
    0x000359ca   0x000359ca   0x00000002   PAD
    0x000359cc   0x000359cc   0x00000020   Code   RO         2848    i.nrfx_twi_enable   nrfx_twi.o
    0x000359ec   0x000359ec   0x000000e0   Code   RO         2849    i.nrfx_twi_init     nrfx_twi.o
    0x00035acc   0x00035acc   0x00000030   Code   RO         2851    i.nrfx_twi_rx       nrfx_twi.o
    0x00035afc   0x00035afc   0x00000036   Code   RO         2853    i.nrfx_twi_tx       nrfx_twi.o
    0x00035b32   0x00035b32   0x00000002   PAD
    0x00035b34   0x00035b34   0x00000024   Code   RO         2855    i.nrfx_twi_xfer     nrfx_twi.o
    0x00035b58   0x00035b58   0x00000010   Code   RO         2503    i.nrfx_uart_0_irq_handler  nrfx_uart.o
    0x00035b68   0x00035b68   0x000000d4   Code   RO         2505    i.nrfx_uart_init    nrfx_uart.o
    0x00035c3c   0x00035c3c   0x000000ec   Code   RO         2506    i.nrfx_uart_rx      nrfx_uart.o
    0x00035d28   0x00035d28   0x000000a4   Code   RO         2511    i.nrfx_uart_tx      nrfx_uart.o
    0x00035dcc   0x00035dcc   0x00000020   Code   RO         2513    i.nrfx_uart_tx_in_progress  nrfx_uart.o
    0x00035dec   0x00035dec   0x00000010   Code   RO         2695    i.nrfx_uarte_0_irq_handler  nrfx_uarte.o
    0x00035dfc   0x00035dfc   0x0000006c   Code   RO         2697    i.nrfx_uarte_init   nrfx_uarte.o
    0x00035e68   0x00035e68   0x00000104   Code   RO         2698    i.nrfx_uarte_rx     nrfx_uarte.o
    0x00035f6c   0x00035f6c   0x00000090   Code   RO         2701    i.nrfx_uarte_tx     nrfx_uarte.o
    0x00035ffc   0x00035ffc   0x0000001c   Code   RO         2703    i.nrfx_uarte_tx_in_progress  nrfx_uarte.o
    0x00036018   0x00036018   0x00000098   Code   RO           20    i.nus_data_handler  main.o
    0x000360b0   0x000360b0   0x00000018   Code   RO           21    i.on_adv_evt        main.o
    0x000360c8   0x000360c8   0x0000001c   Code   RO           22    i.on_conn_params_evt  main.o
    0x000360e4   0x000360e4   0x0000006a   Code   RO         1745    i.on_connect        ble_nus.o
    0x0003614e   0x0003614e   0x00000002   PAD
    0x00036150   0x00036150   0x000000a8   Code   RO         1605    i.on_connected_evt  nrf_ble_gatt.o
    0x000361f8   0x000361f8   0x000000ac   Code   RO         1606    i.on_exchange_mtu_request_evt  nrf_ble_gatt.o
    0x000362a4   0x000362a4   0x00000070   Code   RO         7452    i.on_rw_authorize_req  ble_dfu.o
    0x00036314   0x00036314   0x00000084   Code   RO         1746    i.on_write          ble_nus.o
    0x00036398   0x00036398   0x00000012   Code   RO         1153    i.phy_is_valid      ble_advertising.o
    0x000363aa   0x000363aa   0x00000002   PAD
    0x000363ac   0x000363ac   0x0000003c   Code   RO         4798    i.postfix_process   nrf_log_str_formatter.o
    0x000363e8   0x000363e8   0x00000098   Code   RO         4799    i.prefix_process    nrf_log_str_formatter.o
    0x00036480   0x00036480   0x00000018   Code   RO         2444    i.prs_box_get       nrfx_prs.o
    0x00036498   0x00036498   0x0000003c   Code   RO         3432    i.rtc1_stop         app_timer.o
    0x000364d4   0x000364d4   0x00000088   Code   RO           23    i.run_self_test     main.o
    0x0003655c   0x0003655c   0x00000032   Code   RO         2515    i.rx_byte           nrfx_uart.o
    0x0003658e   0x0003658e   0x00000016   Code   RO         2516    i.rx_done_event     nrfx_uart.o
    0x000365a4   0x000365a4   0x00000018   Code   RO         2705    i.rx_done_event     nrfx_uarte.o
    0x000365bc   0x000365bc   0x00000020   Code   RO         2517    i.rx_enable         nrfx_uart.o
    0x000365dc   0x000365dc   0x00000050   Code   RO         1818    i.sd_state_evt_handler  nrf_drv_clock.o
    0x0003662c   0x0003662c   0x00000030   Code   RO         5115    i.sdh_request_observer_notify  nrf_sdh.o
    0x0003665c   0x0003665c   0x0000002c   Code   RO         5116    i.sdh_state_observer_notify  nrf_sdh.o
    0x00036688   0x00036688   0x00000010   Code   RO         1268    i.send_error_evt    ble_conn_params.o
    0x00036698   0x00036698   0x00000050   Code   RO         4474    i.serial_tx         nrf_log_backend_rtt.o
    0x000366e8   0x000366e8   0x00000088   Code   RO         1043    i.service_data_encode  ble_advdata.o
    0x00036770   0x00036770   0x00000058   Code   RO         5607    i.set_int_enable    inv_mpu.o
    0x000367c8   0x000367c8   0x00000030   Code   RO         1540    i.set_security_req  ble_srv_common.o
    0x000367f8   0x000367f8   0x000001bc   Code   RO         5608    i.setup_compass     inv_mpu.o
    0x000369b4   0x000369b4   0x0000007c   Code   RO         4249    i.shutdown_process  nrf_pwr_mgmt.o
    0x00036a30   0x00036a30   0x0000000c   Code   RO           24    i.sleep_mode_enter  main.o
    0x00036a3c   0x00036a3c   0x00000018   Code   RO         1819    i.soc_evt_handler   nrf_drv_clock.o
    0x00036a54   0x00036a54   0x00000058   Code   RO         5118    i.softdevices_evt_irq_enable  nrf_sdh.o
    0x00036aac   0x00036aac   0x0000003e   Code   RO         8120    i.sqrtf             m_wm.l(sqrtf.o)
    0x00036aea   0x00036aea   0x00000002   PAD
    0x00036aec   0x00036aec   0x0000008c   Code   RO         4634    i.std_n             nrf_log_frontend.o
    0x00036b78   0x00036b78   0x00000054   Code   RO         5327    i.sx1509_data_read_bytes  sx1509.o
    0x00036bcc   0x00036bcc   0x00000034   Code   RO         5328    i.sx1509_i2c_init   sx1509.o
    0x00036c00   0x00036c00   0x00000008   Code   RO         5329    i.sx1509_read_reg   sx1509.o
    0x00036c08   0x00036c08   0x0000005c   Code   RO         5330    i.sx1509_read_word  sx1509.o
    0x00036c64   0x00036c64   0x0000001a   Code   RO         5331    i.sx1509_reset      sx1509.o
    0x00036c7e   0x00036c7e   0x00000002   PAD
    0x00036c80   0x00036c80   0x00000014   Code   RO         5332    i.sx1509_twi_handler  sx1509.o
    0x00036c94   0x00036c94   0x00000060   Code   RO         5333    i.sx1509_write_bytes  sx1509.o
    0x00036cf4   0x00036cf4   0x00000048   Code   RO         5334    i.sx1509_write_reg  sx1509.o
    0x00036d3c   0x00036d3c   0x0000004c   Code   RO         5335    i.sx1509_write_word  sx1509.o
    0x00036d88   0x00036d88   0x00000080   Code   RO         3433    i.timer_list_handler  app_timer.o
    0x00036e08   0x00036e08   0x0000003c   Code   RO         3434    i.timer_list_insert  app_timer.o
    0x00036e44   0x00036e44   0x00000060   Code   RO         3435    i.timer_list_remove  app_timer.o
    0x00036ea4   0x00036ea4   0x00000048   Code   RO         3436    i.timer_stop_op_schedule  app_timer.o
    0x00036eec   0x00036eec   0x00000074   Code   RO         3437    i.timer_timeouts_check  app_timer.o
    0x00036f60   0x00036f60   0x000000aa   Code   RO         3040    i.twi_clear_bus     nrf_drv_twi.o
    0x0003700a   0x0003700a   0x00000002   PAD
    0x0003700c   0x0003700c   0x00000040   Code   RO         3041    i.twi_evt_handler   nrf_drv_twi.o
    0x0003704c   0x0003704c   0x000000ba   Code   RO         2856    i.twi_irq_handler   nrfx_twi.o
    0x00037106   0x00037106   0x0000001e   Code   RO         2857    i.twi_process_error  nrfx_twi.o
    0x00037124   0x00037124   0x000000c8   Code   RO         2858    i.twi_rx_start_transfer  nrfx_twi.o
    0x000371ec   0x000371ec   0x00000028   Code   RO         2859    i.twi_send_byte     nrfx_twi.o
    0x00037214   0x00037214   0x00000104   Code   RO         2860    i.twi_transfer      nrfx_twi.o
    0x00037318   0x00037318   0x000000d0   Code   RO         2861    i.twi_tx_start_transfer  nrfx_twi.o
    0x000373e8   0x000373e8   0x00000094   Code   RO         2862    i.twi_xfer          nrfx_twi.o
    0x0003747c   0x0003747c   0x00000020   Code   RO         2518    i.tx_byte           nrfx_uart.o
    0x0003749c   0x0003749c   0x0000001a   Code   RO         2519    i.tx_done_event     nrfx_uart.o
    0x000374b6   0x000374b6   0x00000002   PAD
    0x000374b8   0x000374b8   0x00000078   Code   RO           25    i.uart_event_handle  main.o
    0x00037530   0x00037530   0x000000a0   Code   RO         3587    i.uart_event_handler  app_uart_fifo.o
    0x000375d0   0x000375d0   0x00000030   Code   RO         1953    i.uart_evt_handler  nrf_drv_uart.o
    0x00037600   0x00037600   0x00000128   Code   RO         2520    i.uart_irq_handler  nrfx_uart.o
    0x00037728   0x00037728   0x00000030   Code   RO         1954    i.uarte_evt_handler  nrf_drv_uart.o
    0x00037758   0x00037758   0x000000f4   Code   RO         2706    i.uarte_irq_handler  nrfx_uarte.o
    0x0003784c   0x0003784c   0x0000000a   Code   RO         1044    i.uint16_encode     ble_advdata.o
    0x00037856   0x00037856   0x00000002   PAD
    0x00037858   0x00037858   0x000000b4   Code   RO         4130    i.unsigned_print    nrf_fprintf_format.o
    0x0003790c   0x0003790c   0x00000068   Code   RO         1269    i.update_timeout_handler  ble_conn_params.o
    0x00037974   0x00037974   0x00000018   Code   RO         1154    i.use_whitelist     ble_advertising.o
    0x0003798c   0x0003798c   0x00000024   Code   RO         1701    i.user_mem_reply    nrf_ble_qwr.o
    0x000379b0   0x000379b0   0x00000030   Code   RO         3438    i.user_op_alloc     app_timer.o
    0x000379e0   0x000379e0   0x00000030   Code   RO         1045    i.uuid_list_encode  ble_advdata.o
    0x00037a10   0x00037a10   0x0000009e   Code   RO         1046    i.uuid_list_sized_encode  ble_advdata.o
    0x00037aae   0x00037aae   0x00000002   PAD
    0x00037ab0   0x00037ab0   0x00000020   Data   RO           28    .constdata          main.o
    0x00037ad0   0x00037ad0   0x00000016   Data   RO         1607    .constdata          nrf_ble_gatt.o
    0x00037ae6   0x00037ae6   0x00000002   PAD
    0x00037ae8   0x00037ae8   0x00000010   Data   RO         1747    .constdata          ble_nus.o
    0x00037af8   0x00037af8   0x00000004   Data   RO         2179    .constdata          nrfx_gpiote.o
    0x00037afc   0x00037afc   0x00000004   Data   RO         2523    .constdata          nrfx_uart.o
    0x00037b00   0x00037b00   0x00000004   Data   RO         2709    .constdata          nrfx_uarte.o
    0x00037b04   0x00037b04   0x00000018   Data   RO         2865    .constdata          nrfx_twi.o
    0x00037b1c   0x00037b1c   0x00000004   PAD
    0x00037b20   0x00037b20   0x00000006   Data   RO         3042    .constdata          nrf_drv_twi.o
    0x00037b26   0x00037b26   0x0000000a   PAD
    0x00037b30   0x00037b30   0x00000006   Data   RO         3440    .constdata          app_timer.o
    0x00037b36   0x00037b36   0x00000002   PAD
    0x00037b38   0x00037b38   0x00000020   Data   RO         3589    .constdata          app_uart_fifo.o
    0x00037b58   0x00037b58   0x00000010   Data   RO         4131    .constdata          nrf_fprintf_format.o
    0x00037b68   0x00037b68   0x00000018   Data   RO         4251    .constdata          nrf_pwr_mgmt.o
    0x00037b80   0x00037b80   0x0000000c   Data   RO         4252    .constdata          nrf_pwr_mgmt.o
    0x00037b8c   0x00037b8c   0x0000013c   Data   RO         4421    .constdata          nrf_strerror.o
    0x00037cc8   0x00037cc8   0x0000000c   Data   RO         4476    .constdata          nrf_log_backend_rtt.o
    0x00037cd4   0x00037cd4   0x0000000c   PAD
    0x00037ce0   0x00037ce0   0x00000006   Data   RO         4477    .constdata          nrf_log_backend_rtt.o
    0x00037ce6   0x00037ce6   0x00000002   PAD
    0x00037ce8   0x00037ce8   0x00000010   Data   RO         5119    .constdata          nrf_sdh.o
    0x00037cf8   0x00037cf8   0x00000028   Data   RO         5120    .constdata          nrf_sdh.o
    0x00037d20   0x00037d20   0x00000010   Data   RO         5121    .constdata          nrf_sdh.o
    0x00037d30   0x00037d30   0x00000010   Data   RO         5122    .constdata          nrf_sdh.o
    0x00037d40   0x00037d40   0x00000020   Data   RO         5230    .constdata          nrf_sdh_ble.o
    0x00037d60   0x00037d60   0x00000010   Data   RO         5231    .constdata          nrf_sdh_ble.o
    0x00037d70   0x00037d70   0x00000010   Data   RO         5281    .constdata          nrf_sdh_soc.o
    0x00037d80   0x00037d80   0x0000000c   Data   RO         5282    .constdata          nrf_sdh_soc.o
    0x00037d8c   0x00037d8c   0x00000004   PAD
    0x00037d90   0x00037d90   0x00000028   Data   RO         5336    .constdata          sx1509.o
    0x00037db8   0x00037db8   0x0000002a   Data   RO         5609    .constdata          inv_mpu.o
    0x00037de2   0x00037de2   0x0000000e   Data   RO         5610    .constdata          inv_mpu.o
    0x00037df0   0x00037df0   0x00000030   Data   RO         5611    .constdata          inv_mpu.o
    0x00037e20   0x00037e20   0x00000206   Data   RO         5612    .constdata          inv_mpu.o
    0x00038026   0x00038026   0x00000bf6   Data   RO         5944    .constdata          inv_mpu_dmp_motion_driver.o
    0x00038c1c   0x00038c1c   0x00000010   Data   RO         7454    .constdata          ble_dfu.o
    0x00038c2c   0x00038c2c   0x00000004   PAD
    0x00038c30   0x00038c30   0x00000038   Data   RO         8057    .constdata          m_wm.l(log.o)
    0x00038c68   0x00038c68   0x00000081   Data   RO         8142    .constdata          mc_w.l(ctype_o.o)
    0x00038ce9   0x00038ce9   0x00000003   PAD
    0x00038cec   0x00038cec   0x00000004   Data   RO         8143    .constdata          mc_w.l(ctype_o.o)
    0x00038cf0   0x00038cf0   0x00000030   Data   RO         8501    .constdata          m_wm.l(cos_i.o)
    0x00038d20   0x00038d20   0x00000008   Data   RO         8537    .constdata          m_wm.l(qnan.o)
    0x00038d28   0x00038d28   0x000000c8   Data   RO         8540    .constdata          m_wm.l(rred.o)
    0x00038df0   0x00038df0   0x00000020   Data   RO         8544    .constdata          m_wm.l(rredf.o)
    0x00038e10   0x00038e10   0x00000028   Data   RO         8547    .constdata          m_wm.l(sin_i.o)
    0x00038e38   0x00038e38   0x00000009   Data   RO           29    .conststring        main.o
    0x00038e41   0x00038e41   0x00000003   PAD
    0x00038e44   0x00038e44   0x000000a2   Data   RO         1608    .conststring        nrf_ble_gatt.o
    0x00038ee6   0x00038ee6   0x00000002   PAD
    0x00038ee8   0x00038ee8   0x000003eb   Data   RO         4422    .conststring        nrf_strerror.o
    0x000392d3   0x000392d3   0x00000001   PAD
    0x000392d4   0x000392d4   0x00000066   Data   RO         4800    .conststring        nrf_log_str_formatter.o
    0x0003933a   0x0003933a   0x00000002   PAD
    0x0003933c   0x0003933c   0x000001cf   Data   RO         5232    .conststring        nrf_sdh_ble.o
    0x0003950b   0x0003950b   0x00000001   PAD
    0x0003950c   0x0003950c   0x000000ce   Data   RO         7567    .conststring        ble_dfu_unbonded.o
    0x000395da   0x000395da   0x00000002   PAD
    0x000395dc   0x000395dc   0x0000000d   Data   RO         1609    .conststrlit        nrf_ble_gatt.o
    0x000395e9   0x000395e9   0x00000003   PAD
    0x000395ec   0x000395ec   0x00000008   Data   RO         1748    .conststrlit        ble_nus.o
    0x000395f4   0x000395f4   0x00000006   Data   RO         1825    .conststrlit        nrf_drv_clock.o
    0x000395fa   0x000395fa   0x00000002   PAD
    0x000395fc   0x000395fc   0x00000006   Data   RO         2021    .conststrlit        nrfx_clock.o
    0x00039602   0x00039602   0x00000002   PAD
    0x00039604   0x00039604   0x00000007   Data   RO         2183    .conststrlit        nrfx_gpiote.o
    0x0003960b   0x0003960b   0x00000001   PAD
    0x0003960c   0x0003960c   0x00000004   Data   RO         2446    .conststrlit        nrfx_prs.o
    0x00039610   0x00039610   0x00000005   Data   RO         2526    .conststrlit        nrfx_uart.o
    0x00039615   0x00039615   0x00000003   PAD
    0x00039618   0x00039618   0x00000006   Data   RO         2712    .conststrlit        nrfx_uarte.o
    0x0003961e   0x0003961e   0x00000002   PAD
    0x00039620   0x00039620   0x00000004   Data   RO         2868    .conststrlit        nrfx_twi.o
    0x00039624   0x00039624   0x00000009   Data   RO         4253    .conststrlit        nrf_pwr_mgmt.o
    0x0003962d   0x0003962d   0x00000003   PAD
    0x00039630   0x00039630   0x00000010   Data   RO         4574    .conststrlit        nrf_log_default_backends.o
    0x00039640   0x00039640   0x00000004   Data   RO         4640    .conststrlit        nrf_log_frontend.o
    0x00039644   0x00039644   0x00000008   Data   RO         5123    .conststrlit        nrf_sdh.o
    0x0003964c   0x0003964c   0x0000000c   Data   RO         5233    .conststrlit        nrf_sdh_ble.o
    0x00039658   0x00039658   0x0000000c   Data   RO         5283    .conststrlit        nrf_sdh_soc.o
    0x00039664   0x00039664   0x00000020   Data   RO         8601    Region$$Table       anon$$obj.o
    0x00039684   0x00039684   0x00000010   Data   RO         4576    log_backends        nrf_log_default_backends.o
    0x00039694   0x00039694   0x00000008   Data   RO         1610    log_const_data      nrf_ble_gatt.o
    0x0003969c   0x0003969c   0x00000008   Data   RO         1749    log_const_data      ble_nus.o
    0x000396a4   0x000396a4   0x00000008   Data   RO         1826    log_const_data      nrf_drv_clock.o
    0x000396ac   0x000396ac   0x00000008   Data   RO         2023    log_const_data      nrfx_clock.o
    0x000396b4   0x000396b4   0x00000008   Data   RO         2184    log_const_data      nrfx_gpiote.o
    0x000396bc   0x000396bc   0x00000008   Data   RO         2448    log_const_data      nrfx_prs.o
    0x000396c4   0x000396c4   0x00000008   Data   RO         2527    log_const_data      nrfx_uart.o
    0x000396cc   0x000396cc   0x00000008   Data   RO         2713    log_const_data      nrfx_uarte.o
    0x000396d4   0x000396d4   0x00000008   Data   RO         2869    log_const_data      nrfx_twi.o
    0x000396dc   0x000396dc   0x00000008   Data   RO         4255    log_const_data      nrf_pwr_mgmt.o
    0x000396e4   0x000396e4   0x00000008   Data   RO         4643    log_const_data      nrf_log_frontend.o
    0x000396ec   0x000396ec   0x00000008   Data   RO         5125    log_const_data      nrf_sdh.o
    0x000396f4   0x000396f4   0x00000008   Data   RO         5235    log_const_data      nrf_sdh_ble.o
    0x000396fc   0x000396fc   0x00000008   Data   RO         5284    log_const_data      nrf_sdh_soc.o
    0x00039704   0x00039704   0x00000014   Data   RO         4644    nrf_balloc          nrf_log_frontend.o
    0x00039718   0x00039718   0x00000008   Data   RO         1369    sdh_ble_observers0  ble_conn_state.o
    0x00039720   0x00039720   0x00000010   Data   RO           34    sdh_ble_observers1  main.o
    0x00039730   0x00039730   0x00000008   Data   RO          884    sdh_ble_observers1  bsp_btn_ble.o
    0x00039738   0x00039738   0x00000008   Data   RO         1272    sdh_ble_observers1  ble_conn_params.o
    0x00039740   0x00039740   0x00000010   Data   RO           35    sdh_ble_observers2  main.o
    0x00039750   0x00039750   0x00000008   Data   RO         7455    sdh_ble_observers2  ble_dfu.o
    0x00039758   0x00039758   0x00000008   Data   RO           36    sdh_ble_observers3  main.o
    0x00039760   0x00039760   0x00000008   Data   RO         1827    sdh_soc_observers0  nrf_drv_clock.o
    0x00039768   0x00039768   0x00000008   Data   RO           37    sdh_soc_observers1  main.o
    0x00039770   0x00039770   0x00000008   Data   RO         7569    sdh_soc_observers1  ble_dfu_unbonded.o
    0x00039778   0x00039778   0x00000008   Data   RO         5236    sdh_stack_observers0  nrf_sdh_ble.o
    0x00039780   0x00039780   0x00000008   Data   RO         5285    sdh_stack_observers0  nrf_sdh_soc.o
    0x00039788   0x00039788   0x00000008   Data   RO         1828    sdh_state_observers0  nrf_drv_clock.o


    Execution Region RW_IRAM1 (Exec base: 0x20003000, Load base: 0x00039790, Size: 0x000068b8, Max: 0x0000d000, ABSOLUTE, COMPRESSED[0x000000c0])

    Exec Addr    Load Addr    Size         Type   Attr      Idx    E Section Name        Object

    0x20003000   COMPRESSED   0x00000008   Data   RW           30    .data               main.o
    0x20003008   COMPRESSED   0x00000035   Data   RW           31    .data               main.o
    0x2000303d   COMPRESSED   0x00000003   PAD
    0x20003040   COMPRESSED   0x00000004   Data   RW           32    .data               main.o
    0x20003044   COMPRESSED   0x00000004   Data   RW           33    .data               main.o
    0x20003048   COMPRESSED   0x00000008   Data   RW          883    .data               bsp_btn_ble.o
    0x20003050   COMPRESSED   0x00000008   Data   RW         1271    .data               ble_conn_params.o
    0x20003058   COMPRESSED   0x0000000c   Data   RW         1955    .data               nrf_drv_uart.o
    0x20003064   COMPRESSED   0x00000008   Data   RW         2022    .data               nrfx_clock.o
    0x2000306c   COMPRESSED   0x00000008   Data   RW         2447    .data               nrfx_prs.o
    0x20003074   COMPRESSED   0x00000010   Data   RW         3043    .data               nrf_drv_twi.o
    0x20003084   COMPRESSED   0x00000014   Data   RW         3441    .data               app_timer.o
    0x20003098   COMPRESSED   0x0000001c   Data   RW         3590    .data               app_uart_fifo.o
    0x200030b4   COMPRESSED   0x00000008   Data   RW         4254    .data               nrf_pwr_mgmt.o
    0x200030bc   COMPRESSED   0x00000001   Data   RW         4478    .data               nrf_log_backend_rtt.o
    0x200030bd   COMPRESSED   0x00000003   PAD
    0x200030c0   COMPRESSED   0x00000008   Data   RW         4575    .data               nrf_log_default_backends.o
    0x200030c8   COMPRESSED   0x00000008   Data   RW         4641    .data               nrf_log_frontend.o
    0x200030d0   COMPRESSED   0x00000008   Data   RW         4642    .data               nrf_log_frontend.o
    0x200030d8   COMPRESSED   0x00000040   Data   RW         4801    .data               nrf_log_str_formatter.o
    0x20003118   COMPRESSED   0x00000003   Data   RW         5124    .data               nrf_sdh.o
    0x2000311b   COMPRESSED   0x00000001   Data   RW         5234    .data               nrf_sdh_ble.o
    0x2000311c   COMPRESSED   0x00000058   Data   RW         5337    .data               sx1509.o
    0x20003174   COMPRESSED   0x00000038   Data   RW         5613    .data               inv_mpu.o
    0x200031ac   COMPRESSED   0x00000004   Data   RW         6732    .data               message_layer.o
    0x200031b0   COMPRESSED   0x00000004   Data   RW         7568    .data               ble_dfu_unbonded.o
    0x200031b4   COMPRESSED   0x00000004   Data   RW         7659    .data               system_nrf52.o
    0x200031b8   COMPRESSED   0x00000010   Data   RW         7692    .data               libmpllib.lib(compass_vec_cal.o)
    0x200031c8   COMPRESSED   0x00000004   Data   RW         8575    .data               mc_w.l(mvars.o)
    0x200031cc   COMPRESSED   0x00000004   Data   RW         8576    .data               mc_w.l(mvars.o)
    0x200031d0   COMPRESSED   0x00000004   Data   RW         8580    .data               mc_w.l(errno.o)
    0x200031d4        -       0x000005a8   Zero   RW           26    .bss                main.o
    0x2000377c        -       0x0000000c   Zero   RW          773    .bss                bsp.o
    0x20003788        -       0x00000050   Zero   RW         1270    .bss                ble_conn_params.o
    0x200037d8        -       0x00000078   Zero   RW         1368    .bss                ble_conn_state.o
    0x20003850        -       0x00000014   Zero   RW         1820    .bss                nrf_drv_clock.o
    0x20003864        -       0x0000005c   Zero   RW         2178    .bss                nrfx_gpiote.o
    0x200038c0        -       0x0000002c   Zero   RW         2521    .bss                nrfx_uart.o
    0x200038ec        -       0x00000024   Zero   RW         2707    .bss                nrfx_uarte.o
    0x20003910        -       0x0000003c   Zero   RW         2863    .bss                nrfx_twi.o
    0x2000394c        -       0x0000010c   Zero   RW         3439    .bss                app_timer.o
    0x20003a58        -       0x00000020   Zero   RW         3588    .bss                app_uart_fifo.o
    0x20003a78        -       0x0000000c   Zero   RW         3672    .bss                app_util_platform.o
    0x20003a84        -       0x0000000c   Zero   RW         4250    .bss                nrf_pwr_mgmt.o
    0x20003a90        -       0x00000040   Zero   RW         4475    .bss                nrf_log_backend_rtt.o
    0x20003ad0        -       0x000000c0   Zero   RW         4635    .bss                nrf_log_frontend.o
    0x20003b90        -       0x00000424   Zero   RW         4638    .bss                nrf_log_frontend.o
    0x20003fb4        -       0x00000288   Zero   RW         4877    .bss                segger_rtt.o
    0x2000423c        -       0x00000014   Zero   RW         5487    .bss                drv_mpu9250.o
    0x20004250        -       0x00000010   Zero   RW         5943    .bss                inv_mpu_dmp_motion_driver.o
    0x20004260        -       0x00000028   Zero   RW         6109    .bss                empl_outputs.o
    0x20004288        -       0x000002d8   Zero   RW         6254    .bss                data_builder.o
    0x20004560        -       0x000000c4   Zero   RW         6639    .bss                hal_outputs.o
    0x20004624        -       0x00000198   Zero   RW         6755    .bss                storage_manager.o
    0x200047bc        -       0x00000054   Zero   RW         6792    .bss                start_manager.o
    0x20004810        -       0x00000088   Zero   RW         6858    .bss                results_holder.o
    0x20004898        -       0x0000001c   Zero   RW         7453    .bss                ble_dfu.o
    0x200048b4        -       0x00000028   Zero   RW         7566    .bss                ble_dfu_unbonded.o
    0x200048dc   COMPRESSED   0x00000004   PAD
    0x200048e0        -       0x00000460   Zero   RW         7691    .bss                libmpllib.lib(compass_vec_cal.o)
    0x20004d40        -       0x000002a0   Zero   RW         7781    .bss                libmpllib.lib(fast_no_motion.o)
    0x20004fe0        -       0x00000138   Zero   RW         7814    .bss                libmpllib.lib(fusion_9axis.o)
    0x20005118        -       0x000001c4   Zero   RW         7836    .bss                libmpllib.lib(gyro_tc.o)
    0x200052dc        -       0x000000b8   Zero   RW         7854    .bss                libmpllib.lib(mag_disturb.o)
    0x20005394        -       0x0000006c   Zero   RW         7876    .bss                libmpllib.lib(quaternion_supervisor.o)
    0x20005400        -       0x000004b8   Zero   RW         7894    .bss                libmpllib.lib(accel_auto_cal.o)
    0x200058b8        -       0x00002000   Zero   RW         7648    HEAP                arm_startup_nrf52.o
    0x200078b8        -       0x00002000   Zero   RW         7647    STACK               arm_startup_nrf52.o


==============================================================================

Image component sizes


      Code (inc. data)   RO Data    RW Data    ZI Data      Debug   Object Name

        22          0          0          0          0       3733   app_error.o
       132         46          0          0          0      39214   app_error_weak.o
       118          0          0          0          0       5194   app_fifo.o
      1522        124          6         20        268      49287   app_timer.o
       524         60         32         28         32      23422   app_uart_fifo.o
       124         14          0          0         12       9822   app_util_platform.o
        36          8        512          0      16384        952   arm_startup_nrf52.o
      1324          0          0          0          0      60360   ble_advdata.o
      1044          6          0          0          0      20831   ble_advertising.o
       636         44          8          8         80      12971   ble_conn_params.o
       428         16          8          0        120       8843   ble_conn_state.o
       542         72         24          0         28       9396   ble_dfu.o
         0          0          0          0          0       4872   ble_dfu_bonded.o
       476         42        214          4         40       7646   ble_dfu_unbonded.o
        72          0          0          0          0       2892   ble_link_ctx_manager.o
       666          6         32          0          0       9112   ble_nus.o
       464          6          0          0          0       4223   ble_srv_common.o
         0          0          0          0          0      75318   boards.o
        68          4          0          0         12      11332   bsp.o
       166          6          8          8          0      77552   bsp_btn_ble.o
      2102        248          0          0        728      31066   data_builder.o
        72          6          0          0         20       9447   drv_mpu9250.o
       652         52          0          0         40      11962   empl_outputs.o
        96          8          0          0        196       2569   hal_outputs.o
      6092        258        622         56          0      38878   inv_mpu.o
      2034        122       3062          0         16      20693   inv_mpu_dmp_motion_driver.o
      2400        296         89         69       1448     191317   main.o
        20          4          0          4          0       1482   message_layer.o
      1616         22          0          0          0      16293   ml_math_func.o
        88          0          0          0          0       1447   mpl.o
        64          0          0          0          0       3068   nrf_atflags.o
       306          0          0          0          0       8279   nrf_atomic.o
       116          0          0          0          0       2914   nrf_balloc.o
       950        272        205          0          0      37585   nrf_ble_gatt.o
       276          0          0          0          0       6365   nrf_ble_qwr.o
       364        236          0          0          0       1698   nrf_dfu_svci.o
       276         34         30          0         20      40348   nrf_drv_clock.o
       328         16          6         16          0      25227   nrf_drv_twi.o
       200         26          0         12          0      18124   nrf_drv_uart.o
        50          0          0          0          0       3073   nrf_fprintf.o
       850          4         16          0          0       5610   nrf_fprintf_format.o
       108         18         18          1         64       5706   nrf_log_backend_rtt.o
       194          0          0          0          0      10957   nrf_log_backend_serial.o
         0          0         32          8          0       2569   nrf_log_default_backends.o
      1318         94         32         16       1252      28081   nrf_log_frontend.o
       566        108        102         64          0       5780   nrf_log_str_formatter.o
       342          0          0          0          0       9108   nrf_memobj.o
       224         38         53          8         12       7756   nrf_pwr_mgmt.o
         0          0          0          0          0       1116   nrf_ringbuf.o
       384         46        104          3          0      39607   nrf_sdh.o
       728        234        539          1          0       6081   nrf_sdh_ble.o
        60          4         56          0          0       2548   nrf_sdh_soc.o
        78          0          0          0          0       2884   nrf_section_iter.o
        76         10       1319          0          0       2847   nrf_strerror.o
       226         30         14          8          0      41758   nrfx_clock.o
       518         30         19          0         92      19987   nrfx_gpiote.o
        94         16         12          8          0       3897   nrfx_prs.o
      1540         44         36          0         60      28034   nrfx_twi.o
      1362         36         17          0         44      31981   nrfx_uart.o
      1200         38         18          0         36      24363   nrfx_uarte.o
       726        118          0          0        136      18277   results_holder.o
       270          6          0          0        648       7975   segger_rtt.o
       168         20          0          0         84       3968   start_manager.o
       132         10          0          0        408       2909   storage_manager.o
       742         72         40         88          0      25019   sx1509.o
       796         70          0          4          0       3043   system_nrf52.o

    ----------------------------------------------------------------------
     39232       3100       7384        440      22284    1250668   Object Totals
         0          0         32          0          0          0   (incl. Generated)
        64          0         67          6          4          0   (incl. Padding)

    ----------------------------------------------------------------------

      Code (inc. data)   RO Data    RW Data    ZI Data      Debug   Library Member Name

      3140        190          0          0       1208       9672   accel_auto_cal.o
      9456        298          0         16       1120      19892   compass_vec_cal.o
      2584         42          0          0        672      13744   fast_no_motion.o
      1712         72          0          0        312       5636   fusion_9axis.o
      1220         32          0          0        452       5735   gyro_tc.o
      1472         48          0          0        184       7614   mag_disturb.o
      2452        130          0          0        108       5637   quaternion_supervisor.o
       280         46          0          0          0        176   acosf.o
       684         90          0          0          0        208   atan2f.o
       200         20          0          0          0        164   cos.o
       368         46         48          0          0        200   cos_i.o
       336         56          0          0          0        136   cosf.o
       132         36          0          0          0        496   dunder.o
        44          0          0          0          0        248   fabs.o
        48          0          0          0          0        124   fpclassify.o
        38          0          0          0          0        116   fpclassifyf.o
        44         12          0          0          0        464   funder.o
       964         92         56          0          0        316   log.o
       248          0          0          0          0        152   poly.o
         0          0          8          0          0          0   qnan.o
      1080        142        200          0          0        188   rred.o
       340         24         32          0          0        160   rredf.o
       304         24         40          0          0        208   sin_i.o
       400         56          0          0          0        212   sinf.o
       122          0          0          0          0        148   sqrt.o
       120          0          0          0          0        272   sqrtf.o
        86          0          0          0          0          0   __dczerorl2.o
         8          4        133          0          0         68   ctype_o.o
         0          0          0          0          0          0   entry.o
         0          0          0          0          0          0   entry10a.o
         0          0          0          0          0          0   entry11a.o
         4          0          0          0          0          0   entry12b.o
         8          4          0          0          0          0   entry2.o
         4          0          0          0          0          0   entry5.o
         0          0          0          0          0          0   entry7b.o
         0          0          0          0          0          0   entry8b.o
         8          4          0          0          0          0   entry9a.o
        12          6          0          4          0         68   errno.o
        30          0          0          0          0          0   handlers.o
        36          8          0          0          0         68   init.o
         0          0          0          0          0          0   iusefp.o
        98          0          0          0          0         84   ldiv.o
        30          0          0          0          0         68   llshl.o
        36          0          0          0          0         68   llsshr.o
        32          0          0          0          0         68   llushr.o
       188         20          0          0          0        160   malloc.o
        26          0          0          0          0         80   memcmp.o
        64          0          0          0          0         76   memmovea.o
        36          0          0          0          0        108   memseta.o
         0          0          0          8          0          0   mvars.o
      2236         86          0          0          0        532   printfa.o
        14          0          0          0          0         68   strlen.o
        44          0          0          0          0         80   uidiv.o
        98          0          0          0          0         92   uldiv.o
        48          0          0          0          0         68   cdcmple.o
        48          0          0          0          0         68   cdrcmple.o
        56          0          0          0          0         88   d2f.o
       334          0          0          0          0        148   dadd.o
       222          0          0          0          0        100   ddiv.o
       186          0          0          0          0        176   depilogue.o
        62          0          0          0          0         80   dfixi.o
        48          0          0          0          0         68   dfixul.o
        34          0          0          0          0         76   dflti.o
        26          0          0          0          0         76   dfltui.o
       228          0          0          0          0         96   dmul.o
       162          0          0          0          0        100   dsqrt.o
        38          0          0          0          0         68   f2d.o
       110          0          0          0          0        168   fepilogue.o
        66          0          0          0          0         76   ffixl.o
        44          0          0          0          0         92   ffltl.o

    ----------------------------------------------------------------------
     32624       1592        520         28       4056      75154   Library Totals
        26          4          3          0          0          0   (incl. Padding)

    ----------------------------------------------------------------------

      Code (inc. data)   RO Data    RW Data    ZI Data      Debug   Library Name

     22036        812          0         16       4056      67930   libmpllib.lib
      5752        644        384          0          0       3988   m_wm.l
      3098        132        133         12          0       1688   mc_w.l
      1712          0          0          0          0       1548   mf_w.l

    ----------------------------------------------------------------------
     32624       1592        520         28       4056      75154   Library Totals

    ----------------------------------------------------------------------

==============================================================================


      Code (inc. data)   RO Data    RW Data    ZI Data      Debug   

     71856       4692       7904        468      26340    1275590   Grand Totals
     71856       4692       7904        192      26340    1275590   ELF Image Totals (compressed)
     71856       4692       7904        192          0          0   ROM Totals

==============================================================================

    Total RO  Size (Code + RO Data)                79760 (  77.89kB)
    Total RW  Size (RW Data + ZI Data)             26808 (  26.18kB)
    Total ROM Size (Code + RO Data + RW Data)      79952 (  78.08kB)

==============================================================================

