Component: ARM Compiler 5.06 update 7 (build 960) Tool: armlink [4d3601]

==============================================================================

Section Cross References

    main.o(i.advertising_led) refers to sx1509.o(i.configClock) for configClock
    main.o(i.advertising_led) refers to sx1509.o(i.ext_gpio_output_digset) for ext_gpio_output_digset
    main.o(i.assert_nrf_callback) refers to app_error_handler_keil.o(.emb_text) for app_error_handler
    main.o(i.ble_dfu_evt_handler) refers to memseta.o(.text) for __aeabi_memclr4
    main.o(i.ble_dfu_evt_handler) refers to ble_advertising.o(i.ble_advertising_modes_config_set) for ble_advertising_modes_config_set
    main.o(i.ble_dfu_evt_handler) refers to ble_conn_state.o(i.ble_conn_state_for_each_connected) for ble_conn_state_for_each_connected
    main.o(i.ble_dfu_evt_handler) refers to main.o(.bss) for .bss
    main.o(i.ble_dfu_evt_handler) refers to main.o(i.disconnect) for disconnect
    main.o(i.ble_evt_handler) refers to app_error.o(i.app_error_handler_bare) for app_error_handler_bare
    main.o(i.ble_evt_handler) refers to nrf_ble_qwr.o(i.nrf_ble_qwr_conn_handle_assign) for nrf_ble_qwr_conn_handle_assign
    main.o(i.ble_evt_handler) refers to nrf_log_frontend.o(i.nrf_log_frontend_std_0) for nrf_log_frontend_std_0
    main.o(i.ble_evt_handler) refers to main.o(.data) for .data
    main.o(i.ble_evt_handler) refers to main.o(.bss) for .bss
    main.o(i.ble_evt_handler) refers to nrf_log_frontend.o(log_const_data) for m_nrf_log_app_logs_data_const
    main.o(i.bsp_event_handler) refers to main.o(i.sleep_mode_enter) for sleep_mode_enter
    main.o(i.bsp_event_handler) refers to app_error.o(i.app_error_handler_bare) for app_error_handler_bare
    main.o(i.bsp_event_handler) refers to ble_advertising.o(i.ble_advertising_restart_without_whitelist) for ble_advertising_restart_without_whitelist
    main.o(i.bsp_event_handler) refers to main.o(.data) for .data
    main.o(i.bsp_event_handler) refers to main.o(.bss) for .bss
    main.o(i.conn_led) refers to sx1509.o(i.ext_gpio_output_digset) for ext_gpio_output_digset
    main.o(i.conn_params_error_handler) refers to app_error.o(i.app_error_handler_bare) for app_error_handler_bare
    main.o(i.debug_led) refers to sx1509.o(i.ext_gpio_output_digset) for ext_gpio_output_digset
    main.o(i.gatt_evt_handler) refers to nrf_log_frontend.o(i.nrf_log_frontend_std_2) for nrf_log_frontend_std_2
    main.o(i.gatt_evt_handler) refers to main.o(.data) for .data
    main.o(i.gatt_evt_handler) refers to nrf_log_frontend.o(log_const_data) for m_nrf_log_app_logs_data_const
    main.o(i.gatt_init) refers to nrf_ble_gatt.o(i.nrf_ble_gatt_init) for nrf_ble_gatt_init
    main.o(i.gatt_init) refers to app_error.o(i.app_error_handler_bare) for app_error_handler_bare
    main.o(i.gatt_init) refers to nrf_ble_gatt.o(i.nrf_ble_gatt_att_mtu_periph_set) for nrf_ble_gatt_att_mtu_periph_set
    main.o(i.gatt_init) refers to main.o(i.gatt_evt_handler) for gatt_evt_handler
    main.o(i.gatt_init) refers to main.o(.bss) for .bss
    main.o(i.main) refers to ble_dfu_unbonded.o(i.ble_dfu_buttonless_async_svci_init) for ble_dfu_buttonless_async_svci_init
    main.o(i.main) refers to app_error.o(i.app_error_handler_bare) for app_error_handler_bare
    main.o(i.main) refers to main.o(i.nrf_delay_ms) for nrf_delay_ms
    main.o(i.main) refers to sx1509.o(i.sx1509_i2c_init) for sx1509_i2c_init
    main.o(i.main) refers to sx1509.o(i.sx1509_reset) for sx1509_reset
    main.o(i.main) refers to sx1509.o(i.ext_gpio_output_digset) for ext_gpio_output_digset
    main.o(i.main) refers to memmovea.o(.text) for __aeabi_memcpy4
    main.o(i.main) refers to app_uart_fifo.o(i.app_uart_init) for app_uart_init
    main.o(i.main) refers to app_timer.o(i.app_timer_init) for app_timer_init
    main.o(i.main) refers to nrf_pwr_mgmt.o(i.nrf_pwr_mgmt_init) for nrf_pwr_mgmt_init
    main.o(i.main) refers to nrf_sdh.o(i.nrf_sdh_enable_request) for nrf_sdh_enable_request
    main.o(i.main) refers to nrf_sdh_ble.o(i.nrf_sdh_ble_default_cfg_set) for nrf_sdh_ble_default_cfg_set
    main.o(i.main) refers to nrf_sdh_ble.o(i.nrf_sdh_ble_enable) for nrf_sdh_ble_enable
    main.o(i.main) refers to main.o(i.gatt_init) for gatt_init
    main.o(i.main) refers to nrf_ble_qwr.o(i.nrf_ble_qwr_init) for nrf_ble_qwr_init
    main.o(i.main) refers to ble_nus.o(i.ble_nus_init) for ble_nus_init
    main.o(i.main) refers to ble_dfu.o(i.ble_dfu_buttonless_init) for ble_dfu_buttonless_init
    main.o(i.main) refers to memseta.o(.text) for __aeabi_memclr4
    main.o(i.main) refers to ble_advertising.o(i.ble_advertising_init) for ble_advertising_init
    main.o(i.main) refers to ble_advertising.o(i.ble_advertising_conn_cfg_tag_set) for ble_advertising_conn_cfg_tag_set
    main.o(i.main) refers to ble_conn_params.o(i.ble_conn_params_init) for ble_conn_params_init
    main.o(i.main) refers to ble_advertising.o(i.ble_advertising_start) for ble_advertising_start
[...]
    mp_dfu                                   0x200031c8   Data           4  ble_dfu_unbonded.o(.data)
    SystemCoreClock                          0x200031cc   Data           4  system_nrf52.o(.data)
    __microlib_freelist                      0x200031e0   Data           4  mvars.o(.data)
    __microlib_freelist_initialised          0x200031e4   Data           4  mvars.o(.data)
    ble_send_data                            0x200031ec   Data          60  main.o(.bss)
    hal                                      0x20003228   Data          32  main.o(.bss)
    nrf_nvic_state                           0x20003b10   Data          12  app_util_platform.o(.bss)
    _SEGGER_RTT                              0x2000404c   Data         120  segger_rtt.o(.bss)
    cb                                       0x20004978   Data         232  compass_vec_cal.o(.bss)
    cb_test                                  0x20004a60   Data         232  compass_vec_cal.o(.bss)
    cb_sim                                   0x20004b48   Data         232  compass_vec_cal.o(.bss)
    vc                                       0x20004c30   Data         424  compass_vec_cal.o(.bss)
    fnm                                      0x20004dd8   Data         608  fast_no_motion.o(.bss)
    s9axis                                   0x20005078   Data         312  fusion_9axis.o(.bss)
    mag_disturb                              0x20005374   Data         184  mag_disturb.o(.bss)
    __heap_base                              0x20005950   Data           0  arm_startup_nrf52.o(HEAP)
    __heap_limit                             0x20007950   Data           0  arm_startup_nrf52.o(HEAP)
    __initial_sp                             0x20009950   Data           0  arm_startup_nrf52.o(STACK)



==============================================================================

Memory Map of the image

  Image Entry point : 0x00026201

  Load Region LR_IROM1 (Base: 0x00026000, Size: 0x00013d8c, Max: 0x0005a000, ABSOLUTE, COMPRESSED[0x00013c64])

    Execution Region ER_IROM1 (Exec base: 0x00026000, Load base: 0x00026000, Size: 0x00013ba0, Max: 0x0005a000, ABSOLUTE)

    Exec Addr    Load Addr    Size         Type   Attr      Idx    E Section Name        Object

    0x00026000   0x00026000   0x00000200   Data   RO         7666    RESET               arm_startup_nrf52.o
    0x00026200   0x00026200   0x00000000   Code   RO         8147  * .ARM.Collect$$$$00000000  mc_w.l(entry.o)
    0x00026200   0x00026200   0x00000004   Code   RO         8569    .ARM.Collect$$$$00000001  mc_w.l(entry2.o)
    0x00026204   0x00026204   0x00000004   Code   RO         8572    .ARM.Collect$$$$00000004  mc_w.l(entry5.o)
    0x00026208   0x00026208   0x00000000   Code   RO         8574    .ARM.Collect$$$$00000008  mc_w.l(entry7b.o)
    0x00026208   0x00026208   0x00000000   Code   RO         8576    .ARM.Collect$$$$0000000A  mc_w.l(entry8b.o)
    0x00026208   0x00026208   0x00000008   Code   RO         8577    .ARM.Collect$$$$0000000B  mc_w.l(entry9a.o)
    0x00026210   0x00026210   0x00000004   Code   RO         8584    .ARM.Collect$$$$0000000E  mc_w.l(entry12b.o)
    0x00026214   0x00026214   0x00000000   Code   RO         8579    .ARM.Collect$$$$0000000F  mc_w.l(entry10a.o)
    0x00026214   0x00026214   0x00000000   Code   RO         8581    .ARM.Collect$$$$00000011  mc_w.l(entry11a.o)
    0x00026214   0x00026214   0x00000004   Code   RO         8570    .ARM.Collect$$$$00002712  mc_w.l(entry2.o)
    0x00026218   0x00026218   0x000000e2   Code   RO         3941    .emb_text           nrf_atomic.o
    0x000262fa   0x000262fa   0x00000002   PAD
    0x000262fc   0x000262fc   0x00000024   Code   RO         7667    .text               arm_startup_nrf52.o
    0x00026320   0x00026320   0x000024f0   Code   RO         7707    .text               libmpllib.lib(compass_vec_cal.o)
    0x00028810   0x00028810   0x00000a18   Code   RO         7797    .text               libmpllib.lib(fast_no_motion.o)
    0x00029228   0x00029228   0x000006b0   Code   RO         7830    .text               libmpllib.lib(fusion_9axis.o)
    0x000298d8   0x000298d8   0x000004c4   Code   RO         7852    .text               libmpllib.lib(gyro_tc.o)
    0x00029d9c   0x00029d9c   0x000005c0   Code   RO         7870    .text               libmpllib.lib(mag_disturb.o)
    0x0002a35c   0x0002a35c   0x00000994   Code   RO         7892    .text               libmpllib.lib(quaternion_supervisor.o)
    0x0002acf0   0x0002acf0   0x00000c44   Code   RO         7910    .text               libmpllib.lib(accel_auto_cal.o)
    0x0002b934   0x0002b934   0x00000062   Code   RO         8150    .text               mc_w.l(uldiv.o)
    0x0002b996   0x0002b996   0x00000062   Code   RO         8152    .text               mc_w.l(ldiv.o)
    0x0002b9f8   0x0002b9f8   0x0000001e   Code   RO         8154    .text               mc_w.l(llshl.o)
    0x0002ba16   0x0002ba16   0x00000024   Code   RO         8156    .text               mc_w.l(llsshr.o)
    0x0002ba3a   0x0002ba3a   0x00000002   PAD
    0x0002ba3c   0x0002ba3c   0x00000008   Code   RO         8158    .text               mc_w.l(ctype_o.o)
    0x0002ba44   0x0002ba44   0x00000040   Code   RO         8188    .text               mc_w.l(memmovea.o)
    0x0002ba84   0x0002ba84   0x00000024   Code   RO         8190    .text               mc_w.l(memseta.o)
    0x0002baa8   0x0002baa8   0x0000000e   Code   RO         8192    .text               mc_w.l(strlen.o)
    0x0002bab6   0x0002bab6   0x0000001a   Code   RO         8194    .text               mc_w.l(memcmp.o)
    0x0002bad0   0x0002bad0   0x0000014e   Code   RO         8491    .text               mf_w.l(dadd.o)
    0x0002bc1e   0x0002bc1e   0x000000e4   Code   RO         8493    .text               mf_w.l(dmul.o)
    0x0002bd02   0x0002bd02   0x000000de   Code   RO         8495    .text               mf_w.l(ddiv.o)
    0x0002bde0   0x0002bde0   0x0000002c   Code   RO         8497    .text               mf_w.l(ffltl.o)
    0x0002be0c   0x0002be0c   0x00000022   Code   RO         8499    .text               mf_w.l(dflti.o)
    0x0002be2e   0x0002be2e   0x0000001a   Code   RO         8501    .text               mf_w.l(dfltui.o)
    0x0002be48   0x0002be48   0x00000042   Code   RO         8503    .text               mf_w.l(ffixl.o)
    0x0002be8a   0x0002be8a   0x0000003e   Code   RO         8505    .text               mf_w.l(dfixi.o)
    0x0002bec8   0x0002bec8   0x00000026   Code   RO         8509    .text               mf_w.l(f2d.o)
    0x0002beee   0x0002beee   0x00000002   PAD
    0x0002bef0   0x0002bef0   0x00000030   Code   RO         8511    .text               mf_w.l(cdcmple.o)
    0x0002bf20   0x0002bf20   0x00000030   Code   RO         8513    .text               mf_w.l(cdrcmple.o)
    0x0002bf50   0x0002bf50   0x00000038   Code   RO         8515    .text               mf_w.l(d2f.o)
    0x0002bf88   0x0002bf88   0x0000002c   Code   RO         8588    .text               mc_w.l(uidiv.o)
    0x0002bfb4   0x0002bfb4   0x00000020   Code   RO         8590    .text               mc_w.l(llushr.o)
    0x0002bfd4   0x0002bfd4   0x00000000   Code   RO         8601    .text               mc_w.l(iusefp.o)
    0x0002bfd4   0x0002bfd4   0x0000006e   Code   RO         8602    .text               mf_w.l(fepilogue.o)
    0x0002c042   0x0002c042   0x000000ba   Code   RO         8604    .text               mf_w.l(depilogue.o)
    0x0002c0fc   0x0002c0fc   0x000000a2   Code   RO         8610    .text               mf_w.l(dsqrt.o)
    0x0002c19e   0x0002c19e   0x00000030   Code   RO         8612    .text               mf_w.l(dfixul.o)
    0x0002c1ce   0x0002c1ce   0x00000002   PAD
    0x0002c1d0   0x0002c1d0   0x00000024   Code   RO         8614    .text               mc_w.l(init.o)
    0x0002c1f4   0x0002c1f4   0x00000056   Code   RO         8626    .text               mc_w.l(__dczerorl2.o)
    0x0002c24a   0x0002c24a   0x00000002   PAD
    0x0002c24c   0x0002c24c   0x00000164   Code   RO         2162    i.GPIOTE_IRQHandler  nrfx_gpiote.o
    0x0002c3b0   0x0002c3b0   0x00000016   Code   RO         3436    i.NVIC_ClearPendingIRQ  app_timer.o
    0x0002c3c6   0x0002c3c6   0x00000016   Code   RO         3437    i.NVIC_EnableIRQ    app_timer.o
    0x0002c3dc   0x0002c3dc   0x00000016   Code   RO         3438    i.NVIC_SetPendingIRQ  app_timer.o
    0x0002c3f2   0x0002c3f2   0x00000020   Code   RO         3439    i.NVIC_SetPriority  app_timer.o
    0x0002c412   0x0002c412   0x00000002   PAD
    0x0002c414   0x0002c414   0x00000058   Code   RO         2027    i.POWER_CLOCK_IRQHandler  nrfx_clock.o
    0x0002c46c   0x0002c46c   0x00000024   Code   RO         3440    i.RTC1_IRQHandler   app_timer.o
    0x0002c490   0x0002c490   0x0000005c   Code   RO         4891    i.SEGGER_RTT_WriteNoLock  segger_rtt.o
    0x0002c4ec   0x0002c4ec   0x00000010   Code   RO         2864    i.SPIM1_SPIS1_TWIM1_TWIS1_SPI1_TWI1_IRQHandler  nrfx_twi.o
    0x0002c4fc   0x0002c4fc   0x00000004   Code   RO         3441    i.SWI0_EGU0_IRQHandler  app_timer.o
    0x0002c500   0x0002c500   0x00000004   Code   RO         5128    i.SWI2_EGU2_IRQHandler  nrf_sdh.o
    0x0002c504   0x0002c504   0x0000031c   Code   RO         7675    i.SystemInit        system_nrf52.o
    0x0002c820   0x0002c820   0x0000000c   Code   RO         2464    i.UARTE0_UART0_IRQHandler  nrfx_prs.o
    0x0002c82c   0x0002c82c   0x00000016   Code   RO         4896    i._GetAvailWriteSpace  segger_rtt.o
    0x0002c842   0x0002c842   0x0000005a   Code   RO         4898    i._WriteBlocking    segger_rtt.o
    0x0002c89c   0x0002c89c   0x00000042   Code   RO         4899    i._WriteNoCheck     segger_rtt.o
    0x0002c8de   0x0002c8de   0x00000002   PAD
    0x0002c8e0   0x0002c8e0   0x00000028   Code   RO         8437    i.__0sprintf        mc_w.l(printfa.o)
    0x0002c908   0x0002c908   0x00000030   Code   RO         8534    i.__ARM_fpclassify  m_wm.l(fpclassify.o)
    0x0002c938   0x0002c938   0x00000026   Code   RO         8536    i.__ARM_fpclassifyf  m_wm.l(fpclassifyf.o)
    0x0002c95e   0x0002c95e   0x00000002   PAD
    0x0002c960   0x0002c960   0x00000118   Code   RO         7953    i.__hardfp_acosf    m_wm.l(acosf.o)
    0x0002ca78   0x0002ca78   0x000002ac   Code   RO         8017    i.__hardfp_atan2f   m_wm.l(atan2f.o)
    0x0002cd24   0x0002cd24   0x00000004   PAD
    0x0002cd28   0x0002cd28   0x000000c8   Code   RO         8035    i.__hardfp_cos      m_wm.l(cos.o)
    0x0002cdf0   0x0002cdf0   0x00000150   Code   RO         8047    i.__hardfp_cosf     m_wm.l(cosf.o)
    0x0002cf40   0x0002cf40   0x00000014   Code   RO         8059    i.__hardfp_fabs     m_wm.l(fabs.o)
    0x0002cf54   0x0002cf54   0x00000004   PAD
    0x0002cf58   0x0002cf58   0x000003c4   Code   RO         8071    i.__hardfp_log      m_wm.l(log.o)
    0x0002d31c   0x0002d31c   0x00000190   Code   RO         8111    i.__hardfp_sinf     m_wm.l(sinf.o)
    0x0002d4ac   0x0002d4ac   0x0000007a   Code   RO         8123    i.__hardfp_sqrt     m_wm.l(sqrt.o)
    0x0002d526   0x0002d526   0x0000003a   Code   RO         8135    i.__hardfp_sqrtf    m_wm.l(sqrtf.o)
    0x0002d560   0x0002d560   0x00000438   Code   RO         8555    i.__ieee754_rem_pio2  m_wm.l(rred.o)
    0x0002d998   0x0002d998   0x00000170   Code   RO         8517    i.__kernel_cos      m_wm.l(cos_i.o)
    0x0002db08   0x0002db08   0x000000f8   Code   RO         8552    i.__kernel_poly     m_wm.l(poly.o)
    0x0002dc00   0x0002dc00   0x00000130   Code   RO         8563    i.__kernel_sin      m_wm.l(sin_i.o)
    0x0002dd30   0x0002dd30   0x00000030   Code   RO         8520    i.__mathlib_dbl_divzero  m_wm.l(dunder.o)
    0x0002dd60   0x0002dd60   0x00000014   Code   RO         8521    i.__mathlib_dbl_infnan  m_wm.l(dunder.o)
    0x0002dd74   0x0002dd74   0x00000004   PAD
    0x0002dd78   0x0002dd78   0x00000020   Code   RO         8523    i.__mathlib_dbl_invalid  m_wm.l(dunder.o)
    0x0002dd98   0x0002dd98   0x00000020   Code   RO         8526    i.__mathlib_dbl_underflow  m_wm.l(dunder.o)
    0x0002ddb8   0x0002ddb8   0x00000006   Code   RO         8539    i.__mathlib_flt_infnan  m_wm.l(funder.o)
    0x0002ddbe   0x0002ddbe   0x00000006   Code   RO         8540    i.__mathlib_flt_infnan2  m_wm.l(funder.o)
    0x0002ddc4   0x0002ddc4   0x00000010   Code   RO         8541    i.__mathlib_flt_invalid  m_wm.l(funder.o)
    0x0002ddd4   0x0002ddd4   0x00000010   Code   RO         8544    i.__mathlib_flt_underflow  m_wm.l(funder.o)
    0x0002dde4   0x0002dde4   0x00000154   Code   RO         8560    i.__mathlib_rredf2  m_wm.l(rredf.o)
    0x0002df38   0x0002df38   0x0000000e   Code   RO         8620    i.__scatterload_copy  mc_w.l(handlers.o)
    0x0002df46   0x0002df46   0x00000002   Code   RO         8621    i.__scatterload_null  mc_w.l(handlers.o)
    0x0002df48   0x0002df48   0x0000000e   Code   RO         8622    i.__scatterload_zeroinit  mc_w.l(handlers.o)
    0x0002df56   0x0002df56   0x00000002   PAD
    0x0002df58   0x0002df58   0x00000024   Code   RO         5129    i.__sd_nvic_app_accessible_irq  nrf_sdh.o
    0x0002df7c   0x0002df7c   0x0000000c   Code   RO         8596    i.__set_errno       mc_w.l(errno.o)
    0x0002df88   0x0002df88   0x00000184   Code   RO         8442    i._fp_digits        mc_w.l(printfa.o)
    0x0002e10c   0x0002e10c   0x000006b4   Code   RO         8443    i._printf_core      mc_w.l(printfa.o)
    0x0002e7c0   0x0002e7c0   0x00000024   Code   RO         8444    i._printf_post_padding  mc_w.l(printfa.o)
    0x0002e7e4   0x0002e7e4   0x0000002e   Code   RO         8445    i._printf_pre_padding  mc_w.l(printfa.o)
    0x0002e812   0x0002e812   0x0000000a   Code   RO         8447    i._sputc            mc_w.l(printfa.o)
    0x0002e81c   0x0002e81c   0x00000198   Code   RO         5572    i.accel_6500_self_test  inv_mpu.o
    0x0002e9b4   0x0002e9b4   0x00000036   Code   RO          902    i.advertising_buttons_configure  bsp_btn_ble.o
    0x0002e9ea   0x0002e9ea   0x00000024   Code   RO            4    i.advertising_led   main.o
    0x0002ea0e   0x0002ea0e   0x00000002   PAD
    0x0002ea10   0x0002ea10   0x00000084   Code   RO         3256    i.app_error_fault_handler  app_error_weak.o
    0x0002ea94   0x0002ea94   0x00000016   Code   RO         3196    i.app_error_handler_bare  app_error.o
    0x0002eaaa   0x0002eaaa   0x00000016   Code   RO         3313    i.app_fifo_get      app_fifo.o
    0x0002eac0   0x0002eac0   0x00000020   Code   RO         3314    i.app_fifo_init     app_fifo.o
    0x0002eae0   0x0002eae0   0x0000001a   Code   RO         3316    i.app_fifo_put      app_fifo.o
    0x0002eafa   0x0002eafa   0x00000002   PAD
    0x0002eafc   0x0002eafc   0x0000000c   Code   RO         3443    i.app_timer_cnt_get  app_timer.o
    0x0002eb08   0x0002eb08   0x00000028   Code   RO         3444    i.app_timer_create  app_timer.o
    0x0002eb30   0x0002eb30   0x00000054   Code   RO         3445    i.app_timer_init    app_timer.o
    0x0002eb84   0x0002eb84   0x00000088   Code   RO         3448    i.app_timer_start   app_timer.o
    0x0002ec0c   0x0002ec0c   0x00000020   Code   RO         3449    i.app_timer_stop    app_timer.o
    0x0002ec2c   0x0002ec2c   0x00000034   Code   RO         3605    i.app_uart_get      app_uart_fifo.o
    0x0002ec60   0x0002ec60   0x000000a4   Code   RO         3606    i.app_uart_init     app_uart_fifo.o
    0x0002ed04   0x0002ed04   0x00000054   Code   RO         3607    i.app_uart_put      app_uart_fifo.o
    0x0002ed58   0x0002ed58   0x00000048   Code   RO         3689    i.app_util_critical_region_enter  app_util_platform.o
    0x0002eda0   0x0002eda0   0x00000034   Code   RO         3690    i.app_util_critical_region_exit  app_util_platform.o
    0x0002edd4   0x0002edd4   0x00000088   Code   RO         2518    i.apply_config      nrfx_uart.o
    0x0002ee5c   0x0002ee5c   0x00000088   Code   RO         2709    i.apply_config      nrfx_uarte.o
    0x0002eee4   0x0002eee4   0x00000048   Code   RO         1530    i.blcm_link_ctx_get  ble_link_ctx_manager.o
    0x0002ef2c   0x0002ef2c   0x00000182   Code   RO         1056    i.ble_advdata_encode  ble_advdata.o
    0x0002f0ae   0x0002f0ae   0x00000020   Code   RO         1058    i.ble_advdata_parse  ble_advdata.o
    0x0002f0ce   0x0002f0ce   0x00000038   Code   RO         1059    i.ble_advdata_search  ble_advdata.o
    0x0002f106   0x0002f106   0x00000006   Code   RO         1166    i.ble_advertising_conn_cfg_tag_set  ble_advertising.o
    0x0002f10c   0x0002f10c   0x0000011c   Code   RO         1167    i.ble_advertising_init  ble_advertising.o
    0x0002f228   0x0002f228   0x00000008   Code   RO         1168    i.ble_advertising_modes_config_set  ble_advertising.o
    0x0002f230   0x0002f230   0x0000006a   Code   RO         1169    i.ble_advertising_on_ble_evt  ble_advertising.o
    0x0002f29a   0x0002f29a   0x00000002   Code   RO         1170    i.ble_advertising_on_sys_evt  ble_advertising.o
    0x0002f29c   0x0002f29c   0x0000022c   Code   RO         1173    i.ble_advertising_start  ble_advertising.o
    0x0002f4c8   0x0002f4c8   0x00000068   Code   RO         1285    i.ble_conn_params_init  ble_conn_params.o
    0x0002f530   0x0002f530   0x00000012   Code   RO         1373    i.ble_conn_state_conn_idx  ble_conn_state.o
    0x0002f542   0x0002f542   0x00000002   PAD
    0x0002f544   0x0002f544   0x00000014   Code   RO         1375    i.ble_conn_state_for_each_connected  ble_conn_state.o
    0x0002f558   0x0002f558   0x00000014   Code   RO         1386    i.ble_conn_state_valid  ble_conn_state.o
    0x0002f56c   0x0002f56c   0x00000060   Code   RO         1062    i.ble_device_addr_encode  ble_advdata.o
    0x0002f5cc   0x0002f5cc   0x00000024   Code   RO         7577    i.ble_dfu_buttonless_async_svci_init  ble_dfu_unbonded.o
    0x0002f5f0   0x0002f5f0   0x00000014   Code   RO         7578    i.ble_dfu_buttonless_backend_init  ble_dfu_unbonded.o
    0x0002f604   0x0002f604   0x0000002c   Code   RO         7464    i.ble_dfu_buttonless_bootloader_start_finalize  ble_dfu.o
    0x0002f630   0x0002f630   0x00000018   Code   RO         7579    i.ble_dfu_buttonless_bootloader_start_prepare  ble_dfu_unbonded.o
    0x0002f648   0x0002f648   0x00000050   Code   RO         7580    i.ble_dfu_buttonless_char_add  ble_dfu_unbonded.o
    0x0002f698   0x0002f698   0x00000070   Code   RO         7465    i.ble_dfu_buttonless_init  ble_dfu.o
    0x0002f708   0x0002f708   0x000000bc   Code   RO         7466    i.ble_dfu_buttonless_on_ble_evt  ble_dfu.o
    0x0002f7c4   0x0002f7c4   0x000000dc   Code   RO         7581    i.ble_dfu_buttonless_on_ctrl_pt_write  ble_dfu_unbonded.o
    0x0002f8a0   0x0002f8a0   0x00000060   Code   RO         7582    i.ble_dfu_buttonless_on_sys_evt  ble_dfu_unbonded.o
    0x0002f900   0x0002f900   0x00000054   Code   RO         7467    i.ble_dfu_buttonless_resp_send  ble_dfu.o
    0x0002f954   0x0002f954   0x00000040   Code   RO            6    i.ble_dfu_evt_handler  main.o
    0x0002f994   0x0002f994   0x000000b8   Code   RO            7    i.ble_evt_handler   main.o
    0x0002fa4c   0x0002fa4c   0x00000070   Code   RO          903    i.ble_evt_handler   bsp_btn_ble.o
    0x0002fabc   0x0002fabc   0x000000fc   Code   RO         1287    i.ble_evt_handler   ble_conn_params.o
    0x0002fbb8   0x0002fbb8   0x00000104   Code   RO         1387    i.ble_evt_handler   ble_conn_state.o
    0x0002fcbc   0x0002fcbc   0x00000066   Code   RO         1765    i.ble_nus_data_send  ble_nus.o
    0x0002fd22   0x0002fd22   0x00000002   PAD
    0x0002fd24   0x0002fd24   0x000000d4   Code   RO         1766    i.ble_nus_init      ble_nus.o
    0x0002fdf8   0x0002fdf8   0x00000072   Code   RO         1767    i.ble_nus_on_ble_evt  ble_nus.o
    0x0002fe6a   0x0002fe6a   0x00000008   Code   RO         1558    i.ble_srv_is_indication_enabled  ble_srv_common.o
    0x0002fe72   0x0002fe72   0x00000008   Code   RO         1559    i.ble_srv_is_notification_enabled  ble_srv_common.o
    0x0002fe7a   0x0002fe7a   0x00000002   PAD
    0x0002fe7c   0x0002fe7c   0x0000000c   Code   RO          627    i.bsp_board_button_idx_to_pin  boards.o
    0x0002fe88   0x0002fe88   0x00000024   Code   RO          631    i.bsp_board_led_invert  boards.o
    0x0002feac   0x0002feac   0x00000010   Code   RO          632    i.bsp_board_led_off  boards.o
    0x0002febc   0x0002febc   0x00000010   Code   RO          633    i.bsp_board_led_on  boards.o
    0x0002fecc   0x0002fecc   0x00000020   Code   RO          634    i.bsp_board_led_state_get  boards.o
    0x0002feec   0x0002feec   0x00000012   Code   RO          635    i.bsp_board_leds_off  boards.o
    0x0002fefe   0x0002fefe   0x00000012   Code   RO          636    i.bsp_board_leds_on  boards.o
    0x0002ff10   0x0002ff10   0x00000024   Code   RO          637    i.bsp_board_pin_to_button_idx  boards.o
    0x0002ff34   0x0002ff34   0x0000001e   Code   RO          905    i.bsp_btn_ble_sleep_mode_prepare  bsp_btn_ble.o
    0x0002ff52   0x0002ff52   0x00000002   PAD
    0x0002ff54   0x0002ff54   0x00000090   Code   RO          780    i.bsp_button_event_handler  bsp.o
    0x0002ffe4   0x0002ffe4   0x00000044   Code   RO          784    i.bsp_event_to_button_action_assign  bsp.o
    0x00030028   0x00030028   0x00000018   Code   RO          785    i.bsp_indication_set  bsp.o
    0x00030040   0x00030040   0x000001c8   Code   RO          787    i.bsp_led_indication  bsp.o
    0x00030208   0x00030208   0x00000006   Code   RO          789    i.bsp_wakeup_button_enable  bsp.o
    0x0003020e   0x0003020e   0x00000002   PAD
    0x00030210   0x00030210   0x00000090   Code   RO         4632    i.buf_prealloc      nrf_log_frontend.o
    0x000302a0   0x000302a0   0x0000001e   Code   RO         4150    i.buffer_add        nrf_fprintf_format.o
    0x000302be   0x000302be   0x00000002   PAD
    0x000302c0   0x000302c0   0x00000014   Code   RO         4633    i.buffer_is_empty   nrf_log_frontend.o
    0x000302d4   0x000302d4   0x00000010   Code   RO         2165    i.channel_port_get  nrfx_gpiote.o
    0x000302e4   0x000302e4   0x00000190   Code   RO         1561    i.characteristic_add  ble_srv_common.o
    0x00030474   0x00030474   0x00000028   Code   RO         1826    i.clock_clk_started_notify  nrf_drv_clock.o
    0x0003049c   0x0003049c   0x0000001c   Code   RO         1827    i.clock_irq_handler  nrf_drv_clock.o
    0x000304b8   0x000304b8   0x000000ac   Code   RO         3451    i.compare_reg_update  app_timer.o
    0x00030564   0x00030564   0x00000118   Code   RO         5573    i.compass_self_test  inv_mpu.o
    0x0003067c   0x0003067c   0x00000078   Code   RO         5342    i.configClock       sx1509.o
    0x000306f4   0x000306f4   0x0000003e   Code   RO         1388    i.conn_handle_list_get  ble_conn_state.o
    0x00030732   0x00030732   0x00000088   Code   RO         1063    i.conn_int_encode   ble_advdata.o
    0x000307ba   0x000307ba   0x0000001e   Code   RO            9    i.conn_led          main.o
    0x000307d8   0x000307d8   0x00000004   Code   RO           10    i.conn_params_error_handler  main.o
    0x000307dc   0x000307dc   0x00000048   Code   RO         1288    i.conn_params_negotiation  ble_conn_params.o
    0x00030824   0x00030824   0x0000000e   Code   RO         5343    i.constrain         sx1509.o
    0x00030832   0x00030832   0x00000002   PAD
    0x00030834   0x00030834   0x000000c0   Code   RO         1619    i.data_length_update  nrf_ble_gatt.o
    0x000308f4   0x000308f4   0x00000006   Code   RO           12    i.disconnect        main.o
    0x000308fa   0x000308fa   0x0000003a   Code   RO         5933    i.dmp_enable_6x_lp_quat  inv_mpu_dmp_motion_driver.o
    0x00030934   0x00030934   0x000001d8   Code   RO         5934    i.dmp_enable_feature  inv_mpu_dmp_motion_driver.o
    0x00030b0c   0x00030b0c   0x0000003c   Code   RO         5935    i.dmp_enable_gyro_cal  inv_mpu_dmp_motion_driver.o
    0x00030b48   0x00030b48   0x0000003a   Code   RO         5936    i.dmp_enable_lp_quat  inv_mpu_dmp_motion_driver.o
    0x00030b82   0x00030b82   0x00000002   PAD
    0x00030b84   0x00030b84   0x00000014   Code   RO         5941    i.dmp_load_motion_driver_firmware  inv_mpu_dmp_motion_driver.o
    0x00030b98   0x00030b98   0x00000174   Code   RO         5942    i.dmp_read_fifo     inv_mpu_dmp_motion_driver.o
    0x00030d0c   0x00030d0c   0x00000064   Code   RO         5946    i.dmp_set_fifo_rate  inv_mpu_dmp_motion_driver.o
    0x00030d70   0x00030d70   0x0000010c   Code   RO         5949    i.dmp_set_orientation  inv_mpu_dmp_motion_driver.o
    0x00030e7c   0x00030e7c   0x00000030   Code   RO         5952    i.dmp_set_shake_reject_thresh  inv_mpu_dmp_motion_driver.o
    0x00030eac   0x00030eac   0x00000020   Code   RO         5953    i.dmp_set_shake_reject_time  inv_mpu_dmp_motion_driver.o
    0x00030ecc   0x00030ecc   0x00000020   Code   RO         5954    i.dmp_set_shake_reject_timeout  inv_mpu_dmp_motion_driver.o
    0x00030eec   0x00030eec   0x00000040   Code   RO         5955    i.dmp_set_tap_axes  inv_mpu_dmp_motion_driver.o
    0x00030f2c   0x00030f2c   0x00000022   Code   RO         5956    i.dmp_set_tap_count  inv_mpu_dmp_motion_driver.o
    0x00030f4e   0x00030f4e   0x00000002   PAD
    0x00030f50   0x00030f50   0x00000160   Code   RO         5957    i.dmp_set_tap_thresh  inv_mpu_dmp_motion_driver.o
    0x000310b0   0x000310b0   0x00000020   Code   RO         5958    i.dmp_set_tap_time  inv_mpu_dmp_motion_driver.o
    0x000310d0   0x000310d0   0x00000020   Code   RO         5959    i.dmp_set_tap_time_multi  inv_mpu_dmp_motion_driver.o
    0x000310f0   0x000310f0   0x00000014   Code   RO         4634    i.dropped_sat16_get  nrf_log_frontend.o
    0x00031104   0x00031104   0x00000018   Code   RO         5505    i.drv_mpu9250_int_register  drv_mpu9250.o
    0x0003111c   0x0003111c   0x00000016   Code   RO         5506    i.drv_mpu9250_ms_get  drv_mpu9250.o
    0x00031132   0x00031132   0x0000000a   Code   RO         5507    i.drv_mpu9250_read  drv_mpu9250.o
    0x0003113c   0x0003113c   0x00000010   Code   RO         5508    i.drv_mpu9250_write  drv_mpu9250.o
    0x0003114c   0x0003114c   0x00000002   Code   RO         7468    i.dummy_evt_handler  ble_dfu.o
    0x0003114e   0x0003114e   0x00000002   PAD
    0x00031150   0x00031150   0x00000040   Code   RO         3452    i.elapsed_ticks_acquire  app_timer.o
    0x00031190   0x00031190   0x0000003e   Code   RO         5345    i.ext_gpio_output_digset  sx1509.o
    0x000311ce   0x000311ce   0x00000018   Code   RO         8061    i.fabs              m_wm.l(fabs.o)
    0x000311e6   0x000311e6   0x00000014   Code   RO         3319    i.fifo_get          app_fifo.o
    0x000311fa   0x000311fa   0x00000012   Code   RO         3320    i.fifo_put          app_fifo.o
    0x0003120c   0x0003120c   0x00000028   Code   RO         1175    i.flags_set         ble_advertising.o
    0x00031234   0x00031234   0x00000030   Code   RO         1389    i.for_each_set_flag  ble_conn_state.o
    0x00031264   0x00031264   0x00000050   Code   RO         8463    i.free              mc_w.l(malloc.o)
    0x000312b4   0x000312b4   0x0000005c   Code   RO           13    i.gatt_evt_handler  main.o
    0x00031310   0x00031310   0x00000030   Code   RO           14    i.gatt_init         main.o
    0x00031340   0x00031340   0x0000036c   Code   RO         5574    i.get_st_6500_biases  inv_mpu.o
    0x000316ac   0x000316ac   0x00000178   Code   RO         5576    i.gyro_6500_self_test  inv_mpu.o
    0x00031824   0x00031824   0x00000014   Code   RO         1289    i.instance_get      ble_conn_params.o
    0x00031838   0x00031838   0x000000a6   Code   RO         4151    i.int_print         nrf_fprintf_format.o
    0x000318de   0x000318de   0x00000002   PAD
    0x000318e0   0x000318e0   0x00000080   Code   RO         2710    i.interrupts_enable  nrfx_uarte.o
    0x00031960   0x00031960   0x0000006a   Code   RO         6200    i.inv_apply_calibration  data_builder.o
    0x000319ca   0x000319ca   0x00000002   PAD
    0x000319cc   0x000319cc   0x00000068   Code   RO         6201    i.inv_build_accel   data_builder.o
    0x00031a34   0x00031a34   0x00000084   Code   RO         6202    i.inv_build_compass  data_builder.o
    0x00031ab8   0x00031ab8   0x00000030   Code   RO         6203    i.inv_build_gyro    data_builder.o
    0x00031ae8   0x00031ae8   0x0000002c   Code   RO         6204    i.inv_build_quat    data_builder.o
    0x00031b14   0x00031b14   0x0000001c   Code   RO         6205    i.inv_build_temp    data_builder.o
    0x00031b30   0x00031b30   0x000000ac   Code   RO         7183    i.inv_compass_angle  ml_math_func.o
    0x00031bdc   0x00031bdc   0x0000005c   Code   RO         7185    i.inv_convert_to_body_with_scale  ml_math_func.o
    0x00031c38   0x00031c38   0x0000003c   Code   RO         6207    i.inv_db_load_func  data_builder.o
    0x00031c74   0x00031c74   0x00000014   Code   RO         6208    i.inv_db_save_func  data_builder.o
    0x00031c88   0x00031c88   0x0000001c   Code   RO         6116    i.inv_enable_eMPL_outputs  empl_outputs.o
    0x00031ca4   0x00031ca4   0x0000001c   Code   RO         6837    i.inv_enable_results_holder  results_holder.o
    0x00031cc0   0x00031cc0   0x0000002c   Code   RO         6805    i.inv_execute_mpl_start_notification  start_manager.o
    0x00031cec   0x00031cec   0x00000080   Code   RO         6211    i.inv_execute_on_data  data_builder.o
    0x00031d6c   0x00031d6c   0x000000a4   Code   RO         6117    i.inv_generate_eMPL_outputs  empl_outputs.o
    0x00031e10   0x00031e10   0x00000010   Code   RO         6838    i.inv_generate_results  results_holder.o
    0x00031e20   0x00031e20   0x00000014   Code   RO         6839    i.inv_get_6axis_quaternion  results_holder.o
    0x00031e34   0x00031e34   0x0000000c   Code   RO         6840    i.inv_get_acc_state  results_holder.o
    0x00031e40   0x00031e40   0x0000000c   Code   RO         6212    i.inv_get_accel_accuracy  data_builder.o
    0x00031e4c   0x00031e4c   0x00000010   Code   RO         6214    i.inv_get_accel_on  data_builder.o
    0x00031e5c   0x00031e5c   0x00000028   Code   RO         6218    i.inv_get_accel_set  data_builder.o
    0x00031e84   0x00031e84   0x00000014   Code   RO         6219    i.inv_get_compass_bias  data_builder.o
    0x00031e98   0x00031e98   0x00000018   Code   RO         6844    i.inv_get_compass_correction  results_holder.o
    0x00031eb0   0x00031eb0   0x00000010   Code   RO         6221    i.inv_get_compass_on  data_builder.o
    0x00031ec0   0x00031ec0   0x0000001c   Code   RO         6228    i.inv_get_compass_soft_iron_output_data  data_builder.o
    0x00031edc   0x00031edc   0x0000000c   Code   RO         6845    i.inv_get_compass_state  results_holder.o
    0x00031ee8   0x00031ee8   0x00000054   Code   RO         6846    i.inv_get_gravity   results_holder.o
    0x00031f3c   0x00031f3c   0x00000010   Code   RO         6229    i.inv_get_gyro      data_builder.o
    0x00031f4c   0x00031f4c   0x0000000c   Code   RO         6230    i.inv_get_gyro_accuracy  data_builder.o
    0x00031f58   0x00031f58   0x00000024   Code   RO         6231    i.inv_get_gyro_bias  data_builder.o
    0x00031f7c   0x00031f7c   0x00000018   Code   RO         6232    i.inv_get_gyro_bias_tc_set  data_builder.o
    0x00031f94   0x00031f94   0x00000010   Code   RO         6233    i.inv_get_gyro_on   data_builder.o
    0x00031fa4   0x00031fa4   0x0000001a   Code   RO         7189    i.inv_get_gyro_sum_of_sqr  ml_math_func.o
    0x00031fbe   0x00031fbe   0x00000002   PAD
    0x00031fc0   0x00031fc0   0x0000000c   Code   RO         6849    i.inv_get_large_mag_field  results_holder.o
    0x00031fcc   0x00031fcc   0x00000048   Code   RO         6239    i.inv_get_last_timestamp  data_builder.o
    0x00032014   0x00032014   0x0000003a   Code   RO         6850    i.inv_get_linear_accel  results_holder.o
    0x0003204e   0x0003204e   0x00000002   PAD
    0x00032050   0x00032050   0x00000044   Code   RO         6851    i.inv_get_linear_accel_float  results_holder.o
    0x00032094   0x00032094   0x00000010   Code   RO         6852    i.inv_get_local_field  results_holder.o
    0x000320a4   0x000320a4   0x0000001c   Code   RO         6240    i.inv_get_mag_accuracy  data_builder.o
    0x000320c0   0x000320c0   0x00000010   Code   RO         6854    i.inv_get_motion_state  results_holder.o
    0x000320d0   0x000320d0   0x00000034   Code   RO         6855    i.inv_get_quaternion  results_holder.o
    0x00032104   0x00032104   0x00000038   Code   RO         6857    i.inv_get_quaternion_set  results_holder.o
    0x0003213c   0x0003213c   0x000001bc   Code   RO         6120    i.inv_get_sensor_type_euler  empl_outputs.o
    0x000322f8   0x000322f8   0x00000060   Code   RO         6646    i.inv_get_sensor_type_gravity  hal_outputs.o
    0x00032358   0x00032358   0x0000000c   Code   RO         6859    i.inv_got_compass_bias  results_holder.o
    0x00032364   0x00032364   0x0000003c   Code   RO         6243    i.inv_init_data_builder  data_builder.o
    0x000323a0   0x000323a0   0x00000040   Code   RO         7073    i.inv_init_mpl      mpl.o
    0x000323e0   0x000323e0   0x00000030   Code   RO         6860    i.inv_init_results_holder  results_holder.o
    0x00032410   0x00032410   0x00000014   Code   RO         6806    i.inv_init_start_manager  start_manager.o
    0x00032424   0x00032424   0x00000018   Code   RO         6768    i.inv_init_storage_manager  storage_manager.o
    0x0003243c   0x0003243c   0x00000022   Code   RO         7198    i.inv_orientation_matrix_to_scalar  ml_math_func.o
    0x0003245e   0x0003245e   0x0000000c   Code   RO         7199    i.inv_q29_mult      ml_math_func.o
    0x0003246a   0x0003246a   0x0000000c   Code   RO         7201    i.inv_q30_mult      ml_math_func.o
    0x00032476   0x00032476   0x00000024   Code   RO         7203    i.inv_q_add         ml_math_func.o
    0x0003249a   0x0003249a   0x00000042   Code   RO         7204    i.inv_q_addf        ml_math_func.o
    0x000324dc   0x000324dc   0x00000018   Code   RO         7205    i.inv_q_invert      ml_math_func.o
    0x000324f4   0x000324f4   0x0000002e   Code   RO         7206    i.inv_q_invertf     ml_math_func.o
    0x00032522   0x00032522   0x000000b0   Code   RO         7207    i.inv_q_mult        ml_math_func.o
    0x000325d2   0x000325d2   0x000000d2   Code   RO         7208    i.inv_q_multf       ml_math_func.o
    0x000326a4   0x000326a4   0x00000084   Code   RO         7209    i.inv_q_norm4       ml_math_func.o
    0x00032728   0x00032728   0x000000b0   Code   RO         7211    i.inv_q_normalizef  ml_math_func.o
    0x000327d8   0x000327d8   0x0000003e   Code   RO         7212    i.inv_q_rotate      ml_math_func.o
    0x00032816   0x00032816   0x000000da   Code   RO         7214    i.inv_quaternion_to_rotation  ml_math_func.o
    0x000328f0   0x000328f0   0x00000090   Code   RO         6246    i.inv_register_data_cb  data_builder.o
    0x00032980   0x00032980   0x0000006c   Code   RO         6770    i.inv_register_load_store  storage_manager.o
    0x000329ec   0x000329ec   0x00000020   Code   RO         6807    i.inv_register_mpl_start_notification  start_manager.o
    0x00032a0c   0x00032a0c   0x00000054   Code   RO         6247    i.inv_reset_compass_soft_iron_matrix  data_builder.o
    0x00032a60   0x00032a60   0x00000048   Code   RO         7216    i.inv_row_2_scale   ml_math_func.o
    0x00032aa8   0x00032aa8   0x0000001c   Code   RO         6248    i.inv_set_accel_accuracy  data_builder.o
    0x00032ac4   0x00032ac4   0x00000048   Code   RO         6250    i.inv_set_accel_bias  data_builder.o
    0x00032b0c   0x00032b0c   0x0000000c   Code   RO         6863    i.inv_set_accel_bias_found  results_holder.o
    0x00032b18   0x00032b18   0x00000050   Code   RO         6251    i.inv_set_accel_bias_mask  data_builder.o
    0x00032b68   0x00032b68   0x0000000c   Code   RO         6252    i.inv_set_accel_orientation_and_scale  data_builder.o
    0x00032b74   0x00032b74   0x0000002c   Code   RO         6253    i.inv_set_accel_sample_rate  data_builder.o
    0x00032ba0   0x00032ba0   0x00000048   Code   RO         6255    i.inv_set_compass_bias  data_builder.o
    0x00032be8   0x00032be8   0x00000010   Code   RO         6864    i.inv_set_compass_bias_error  results_holder.o
    0x00032bf8   0x00032bf8   0x0000000c   Code   RO         6865    i.inv_set_compass_bias_found  results_holder.o
    0x00032c04   0x00032c04   0x00000020   Code   RO         6866    i.inv_set_compass_correction  results_holder.o
    0x00032c24   0x00032c24   0x0000000c   Code   RO         6256    i.inv_set_compass_disturbance  data_builder.o
    0x00032c30   0x00032c30   0x00000010   Code   RO         6257    i.inv_set_compass_orientation_and_scale  data_builder.o
    0x00032c40   0x00032c40   0x0000002c   Code   RO         6258    i.inv_set_compass_sample_rate  data_builder.o
    0x00032c6c   0x00032c6c   0x00000050   Code   RO         6259    i.inv_set_compass_soft_iron_input_data  data_builder.o
    0x00032cbc   0x00032cbc   0x0000000c   Code   RO         6867    i.inv_set_compass_state  results_holder.o
    0x00032cc8   0x00032cc8   0x00000080   Code   RO         6262    i.inv_set_contiguous  data_builder.o
    0x00032d48   0x00032d48   0x0000005c   Code   RO         6264    i.inv_set_gyro_bias  data_builder.o
    0x00032da4   0x00032da4   0x0000000c   Code   RO         6265    i.inv_set_gyro_orientation_and_scale  data_builder.o
    0x00032db0   0x00032db0   0x00000028   Code   RO         6266    i.inv_set_gyro_sample_rate  data_builder.o
    0x00032dd8   0x00032dd8   0x00000014   Code   RO         6748    i.inv_set_message   message_layer.o
    0x00032dec   0x00032dec   0x00000034   Code   RO         6872    i.inv_set_motion_state  results_holder.o
    0x00032e20   0x00032e20   0x00000010   Code   RO         6125    i.inv_start_eMPL_outputs  empl_outputs.o
    0x00032e30   0x00032e30   0x00000018   Code   RO         7074    i.inv_start_mpl     mpl.o
    0x00032e48   0x00032e48   0x00000018   Code   RO         6873    i.inv_start_results_holder  results_holder.o
    0x00032e60   0x00032e60   0x00000020   Code   RO         6874    i.inv_store_gaming_quaternion  results_holder.o
    0x00032e80   0x00032e80   0x0000004c   Code   RO         6269    i.inv_unregister_data_cb  data_builder.o
    0x00032ecc   0x00032ecc   0x00000048   Code   RO         6808    i.inv_unregister_mpl_start_notification  start_manager.o
    0x00032f14   0x00032f14   0x00000034   Code   RO         4635    i.invalid_packets_omit  nrf_log_frontend.o
    0x00032f48   0x00032f48   0x00000044   Code   RO         1290    i.is_conn_params_ok  ble_conn_params.o
    0x00032f8c   0x00032f8c   0x00000030   Code   RO          791    i.leds_off          bsp.o
    0x00032fbc   0x00032fbc   0x00000018   Code   RO         1620    i.link_init         nrf_ble_gatt.o
    0x00032fd4   0x00032fd4   0x000000f8   Code   RO         3453    i.list_insertions_handler  app_timer.o
    0x000330cc   0x000330cc   0x0000009c   Code   RO         4636    i.log_skip          nrf_log_frontend.o
    0x00033168   0x00033168   0x00000250   Code   RO           15    i.main              main.o
    0x000333b8   0x000333b8   0x0000006c   Code   RO         8464    i.malloc            mc_w.l(malloc.o)
    0x00033424   0x00033424   0x00000064   Code   RO         1064    i.manuf_specific_data_encode  ble_advdata.o
    0x00033488   0x00033488   0x0000007e   Code   RO         4190    i.memobj_op         nrf_memobj.o
    0x00033506   0x00033506   0x00000032   Code   RO         7221    i.mlMatrixVectorMult  ml_math_func.o
    0x00033538   0x00033538   0x00000030   Code   RO         4637    i.module_idx_get    nrf_log_frontend.o
    0x00033568   0x00033568   0x00000054   Code   RO         5577    i.mpu_configure_fifo  inv_mpu.o
    0x000335bc   0x000335bc   0x00000158   Code   RO           20    i.mpu_dmp_init      main.o
    0x00033714   0x00033714   0x0000003c   Code   RO         5578    i.mpu_get_accel_fsr  inv_mpu.o
    0x00033750   0x00033750   0x00000044   Code   RO         5580    i.mpu_get_accel_sens  inv_mpu.o
    0x00033794   0x00033794   0x00000010   Code   RO         5581    i.mpu_get_compass_fsr  inv_mpu.o
    0x000337a4   0x000337a4   0x0000008c   Code   RO         5582    i.mpu_get_compass_reg  inv_mpu.o
    0x00033830   0x00033830   0x00000034   Code   RO         5586    i.mpu_get_gyro_fsr  inv_mpu.o
    0x00033864   0x00033864   0x0000004c   Code   RO         5588    i.mpu_get_gyro_sens  inv_mpu.o
    0x000338b0   0x000338b0   0x00000038   Code   RO         5590    i.mpu_get_lpf       inv_mpu.o
    0x000338e8   0x000338e8   0x0000001c   Code   RO         5592    i.mpu_get_sample_rate  inv_mpu.o
    0x00033904   0x00033904   0x00000088   Code   RO         5593    i.mpu_get_temperature  inv_mpu.o
    0x0003398c   0x0003398c   0x000000e8   Code   RO         5594    i.mpu_init          inv_mpu.o
    0x00033a74   0x00033a74   0x000000a0   Code   RO         5595    i.mpu_load_firmware  inv_mpu.o
    0x00033b14   0x00033b14   0x000000ec   Code   RO         5596    i.mpu_lp_accel_mode  inv_mpu.o
    0x00033c00   0x00033c00   0x000001dc   Code   RO           21    i.mpu_mpl_get_data  main.o
    0x00033ddc   0x00033ddc   0x00000090   Code   RO         5602    i.mpu_read_fifo_stream  inv_mpu.o
    0x00033e6c   0x00033e6c   0x00000054   Code   RO         5603    i.mpu_read_mem      inv_mpu.o
    0x00033ec0   0x00033ec0   0x00000160   Code   RO         5606    i.mpu_reset_fifo    inv_mpu.o
    0x00034020   0x00034020   0x00000108   Code   RO         5607    i.mpu_run_6500_self_test  inv_mpu.o
    0x00034128   0x00034128   0x00000068   Code   RO         5611    i.mpu_set_accel_fsr  inv_mpu.o
    0x00034190   0x00034190   0x000000dc   Code   RO         5612    i.mpu_set_bypass    inv_mpu.o
    0x0003426c   0x0003426c   0x0000004c   Code   RO         5613    i.mpu_set_compass_sample_rate  inv_mpu.o
    0x000342b8   0x000342b8   0x00000078   Code   RO         5614    i.mpu_set_dmp_state  inv_mpu.o
    0x00034330   0x00034330   0x0000006c   Code   RO         5616    i.mpu_set_gyro_fsr  inv_mpu.o
    0x0003439c   0x0003439c   0x00000064   Code   RO         5617    i.mpu_set_int_latched  inv_mpu.o
    0x00034400   0x00034400   0x00000088   Code   RO         5619    i.mpu_set_lpf       inv_mpu.o
    0x00034488   0x00034488   0x00000090   Code   RO         5620    i.mpu_set_sample_rate  inv_mpu.o
    0x00034518   0x00034518   0x00000134   Code   RO         5621    i.mpu_set_sensors   inv_mpu.o
    0x0003464c   0x0003464c   0x00000054   Code   RO         5622    i.mpu_write_mem     inv_mpu.o
    0x000346a0   0x000346a0   0x000000a6   Code   RO         1065    i.name_encode       ble_advdata.o
    0x00034746   0x00034746   0x00000016   Code   RO         3875    i.nrf_atflags_clear  nrf_atflags.o
    0x0003475c   0x0003475c   0x00000016   Code   RO         3880    i.nrf_atflags_get   nrf_atflags.o
    0x00034772   0x00034772   0x00000014   Code   RO         3882    i.nrf_atflags_set   nrf_atflags.o
    0x00034786   0x00034786   0x00000006   Code   RO         3943    i.nrf_atomic_flag_clear_fetch  nrf_atomic.o
    0x0003478c   0x0003478c   0x00000006   Code   RO         3944    i.nrf_atomic_flag_set  nrf_atomic.o
    0x00034792   0x00034792   0x0000000c   Code   RO         3946    i.nrf_atomic_u32_add  nrf_atomic.o
    0x0003479e   0x0003479e   0x0000000c   Code   RO         3947    i.nrf_atomic_u32_and  nrf_atomic.o
    0x000347aa   0x000347aa   0x0000000a   Code   RO         3950    i.nrf_atomic_u32_fetch_and  nrf_atomic.o
    0x000347b4   0x000347b4   0x0000000a   Code   RO         3952    i.nrf_atomic_u32_fetch_store  nrf_atomic.o
    0x000347be   0x000347be   0x0000000c   Code   RO         3956    i.nrf_atomic_u32_or  nrf_atomic.o
    0x000347ca   0x000347ca   0x0000000c   Code   RO         3958    i.nrf_atomic_u32_sub  nrf_atomic.o
    0x000347d6   0x000347d6   0x00000044   Code   RO         4077    i.nrf_balloc_alloc  nrf_balloc.o
    0x0003481a   0x0003481a   0x00000030   Code   RO         4078    i.nrf_balloc_free   nrf_balloc.o
    0x0003484a   0x0003484a   0x00000010   Code   RO         2166    i.nrf_bitmask_bit_is_set  nrfx_gpiote.o
    0x0003485a   0x0003485a   0x00000014   Code   RO         2167    i.nrf_bitmask_bit_set  nrfx_gpiote.o
    0x0003486e   0x0003486e   0x00000018   Code   RO         1622    i.nrf_ble_gatt_att_mtu_periph_set  nrf_ble_gatt.o
    0x00034886   0x00034886   0x00000022   Code   RO         1626    i.nrf_ble_gatt_init  nrf_ble_gatt.o
    0x000348a8   0x000348a8   0x00000150   Code   RO         1627    i.nrf_ble_gatt_on_ble_evt  nrf_ble_gatt.o
    0x000349f8   0x000349f8   0x00000016   Code   RO         1721    i.nrf_ble_qwr_conn_handle_assign  nrf_ble_qwr.o
    0x00034a0e   0x00034a0e   0x00000024   Code   RO         1722    i.nrf_ble_qwr_init  nrf_ble_qwr.o
    0x00034a32   0x00034a32   0x000000b6   Code   RO         1723    i.nrf_ble_qwr_on_ble_evt  nrf_ble_qwr.o
    0x00034ae8   0x00034ae8   0x0000000e   Code   RO         2028    i.nrf_clock_event_check  nrfx_clock.o
    0x00034af6   0x00034af6   0x00000010   Code   RO         2029    i.nrf_clock_event_clear  nrfx_clock.o
    0x00034b06   0x00034b06   0x00000002   PAD
    0x00034b08   0x00034b08   0x00000020   Code   RO           22    i.nrf_delay_ms      main.o
    0x00034b28   0x00034b28   0x00000020   Code   RO         5623    i.nrf_delay_ms      inv_mpu.o
    0x00034b48   0x00034b48   0x000000cc   Code   RO         7637    i.nrf_dfu_svci_vector_table_set  nrf_dfu_svci.o
    0x00034c14   0x00034c14   0x000000a0   Code   RO         7638    i.nrf_dfu_svci_vector_table_unset  nrf_dfu_svci.o
    0x00034cb4   0x00034cb4   0x00000038   Code   RO         1834    i.nrf_drv_clock_init  nrf_drv_clock.o
    0x00034cec   0x00034cec   0x00000030   Code   RO         1838    i.nrf_drv_clock_lfclk_release  nrf_drv_clock.o
    0x00034d1c   0x00034d1c   0x00000040   Code   RO         3060    i.nrf_drv_twi_init  nrf_drv_twi.o
    0x00034d5c   0x00034d5c   0x00000006   Code   RO         5347    i.nrf_drv_twi_rx    sx1509.o
    0x00034d62   0x00034d62   0x0000000e   Code   RO         5348    i.nrf_drv_twi_tx    sx1509.o
    0x00034d70   0x00034d70   0x00000068   Code   RO         1975    i.nrf_drv_uart_init  nrf_drv_uart.o
    0x00034dd8   0x00034dd8   0x00000020   Code   RO         3608    i.nrf_drv_uart_rx   app_uart_fifo.o
    0x00034df8   0x00034df8   0x00000020   Code   RO         3609    i.nrf_drv_uart_tx   app_uart_fifo.o
    0x00034e18   0x00034e18   0x0000001a   Code   RO         4114    i.nrf_fprintf       nrf_fprintf.o
    0x00034e32   0x00034e32   0x00000018   Code   RO         4115    i.nrf_fprintf_buffer_flush  nrf_fprintf.o
    0x00034e4a   0x00034e4a   0x000001da   Code   RO         4152    i.nrf_fprintf_fmt   nrf_fprintf_format.o
    0x00035024   0x00035024   0x00000024   Code   RO         2519    i.nrf_gpio_cfg      nrfx_uart.o
    0x00035048   0x00035048   0x00000024   Code   RO         2711    i.nrf_gpio_cfg      nrfx_uarte.o
    0x0003506c   0x0003506c   0x00000024   Code   RO         2865    i.nrf_gpio_cfg      nrfx_twi.o
    0x00035090   0x00035090   0x00000012   Code   RO         2521    i.nrf_gpio_cfg_input  nrfx_uart.o
    0x000350a2   0x000350a2   0x00000012   Code   RO         2713    i.nrf_gpio_cfg_input  nrfx_uarte.o
    0x000350b4   0x000350b4   0x00000014   Code   RO         2522    i.nrf_gpio_cfg_output  nrfx_uart.o
    0x000350c8   0x000350c8   0x00000014   Code   RO         2714    i.nrf_gpio_cfg_output  nrfx_uarte.o
    0x000350dc   0x000350dc   0x00000022   Code   RO         2170    i.nrf_gpio_cfg_sense_set  nrfx_gpiote.o
    0x000350fe   0x000350fe   0x0000000e   Code   RO         3061    i.nrf_gpio_pin_set  nrf_drv_twi.o
    0x0003510c   0x0003510c   0x00000016   Code   RO          640    i.nrf_gpio_pin_write  boards.o
    0x00035122   0x00035122   0x00000002   PAD
    0x00035124   0x00035124   0x00000028   Code   RO         2171    i.nrf_gpio_ports_read  nrfx_gpiote.o
    0x0003514c   0x0003514c   0x00000014   Code   RO         2172    i.nrf_gpiote_event_clear  nrfx_gpiote.o
    0x00035160   0x00035160   0x00000010   Code   RO         2173    i.nrf_gpiote_event_is_set  nrfx_gpiote.o
    0x00035170   0x00035170   0x00000002   Code   RO         4493    i.nrf_log_backend_rtt_flush  nrf_log_backend_rtt.o
    0x00035172   0x00035172   0x00000002   Code   RO         4495    i.nrf_log_backend_rtt_panic_set  nrf_log_backend_rtt.o
    0x00035174   0x00035174   0x00000018   Code   RO         4496    i.nrf_log_backend_rtt_put  nrf_log_backend_rtt.o
    0x0003518c   0x0003518c   0x000000c2   Code   RO         4562    i.nrf_log_backend_serial_put  nrf_log_backend_serial.o
    0x0003524e   0x0003524e   0x00000002   PAD
    0x00035250   0x00035250   0x00000030   Code   RO         4640    i.nrf_log_color_id_get  nrf_log_frontend.o
    0x00035280   0x00035280   0x00000230   Code   RO         4641    i.nrf_log_frontend_dequeue  nrf_log_frontend.o
    0x000354b0   0x000354b0   0x00000008   Code   RO         4643    i.nrf_log_frontend_std_0  nrf_log_frontend.o
    0x000354b8   0x000354b8   0x0000000e   Code   RO         4644    i.nrf_log_frontend_std_1  nrf_log_frontend.o
    0x000354c6   0x000354c6   0x00000010   Code   RO         4645    i.nrf_log_frontend_std_2  nrf_log_frontend.o
    0x000354d6   0x000354d6   0x00000002   PAD
    0x000354d8   0x000354d8   0x000000ac   Code   RO         4818    i.nrf_log_hexdump_entry_process  nrf_log_str_formatter.o
    0x00035584   0x00035584   0x00000014   Code   RO         4651    i.nrf_log_module_cnt_get  nrf_log_frontend.o
    0x00035598   0x00035598   0x0000001c   Code   RO         4654    i.nrf_log_module_name_get  nrf_log_frontend.o
    0x000355b4   0x000355b4   0x0000002c   Code   RO         4655    i.nrf_log_panic     nrf_log_frontend.o
    0x000355e0   0x000355e0   0x000000b6   Code   RO         4819    i.nrf_log_std_entry_process  nrf_log_str_formatter.o
    0x00035696   0x00035696   0x00000060   Code   RO         4191    i.nrf_memobj_alloc  nrf_memobj.o
    0x000356f6   0x000356f6   0x00000032   Code   RO         4192    i.nrf_memobj_free   nrf_memobj.o
    0x00035728   0x00035728   0x00000008   Code   RO         4193    i.nrf_memobj_get    nrf_memobj.o
    0x00035730   0x00035730   0x0000001e   Code   RO         4195    i.nrf_memobj_put    nrf_memobj.o
    0x0003574e   0x0003574e   0x00000010   Code   RO         4196    i.nrf_memobj_read   nrf_memobj.o
    0x0003575e   0x0003575e   0x00000010   Code   RO         4197    i.nrf_memobj_write  nrf_memobj.o
    0x0003576e   0x0003576e   0x00000002   PAD
    0x00035770   0x00035770   0x00000028   Code   RO         4269    i.nrf_pwr_mgmt_init  nrf_pwr_mgmt.o
    0x00035798   0x00035798   0x0000003c   Code   RO         4271    i.nrf_pwr_mgmt_shutdown  nrf_pwr_mgmt.o
    0x000357d4   0x000357d4   0x00000004   Code   RO           23    i.nrf_qwr_error_handler  main.o
    0x000357d8   0x000357d8   0x00000014   Code   RO         5249    i.nrf_sdh_ble_app_ram_start_get  nrf_sdh_ble.o
    0x000357ec   0x000357ec   0x00000134   Code   RO         5250    i.nrf_sdh_ble_default_cfg_set  nrf_sdh_ble.o
    0x00035920   0x00035920   0x00000130   Code   RO         5251    i.nrf_sdh_ble_enable  nrf_sdh_ble.o
    0x00035a50   0x00035a50   0x00000060   Code   RO         5252    i.nrf_sdh_ble_evts_poll  nrf_sdh_ble.o
    0x00035ab0   0x00035ab0   0x00000074   Code   RO         5131    i.nrf_sdh_enable_request  nrf_sdh.o
    0x00035b24   0x00035b24   0x00000024   Code   RO         5132    i.nrf_sdh_evts_poll  nrf_sdh.o
    0x00035b48   0x00035b48   0x0000000c   Code   RO         5133    i.nrf_sdh_is_enabled  nrf_sdh.o
    0x00035b54   0x00035b54   0x0000003c   Code   RO         5303    i.nrf_sdh_soc_evts_poll  nrf_sdh_soc.o
    0x00035b90   0x00035b90   0x0000000a   Code   RO         4407    i.nrf_section_iter_init  nrf_section_iter.o
    0x00035b9a   0x00035b9a   0x00000024   Code   RO         4408    i.nrf_section_iter_item_set  nrf_section_iter.o
    0x00035bbe   0x00035bbe   0x00000020   Code   RO         4409    i.nrf_section_iter_next  nrf_section_iter.o
    0x00035bde   0x00035bde   0x00000002   PAD
    0x00035be0   0x00035be0   0x00000038   Code   RO         4442    i.nrf_strerror_find  nrf_strerror.o
    0x00035c18   0x00035c18   0x00000014   Code   RO         4443    i.nrf_strerror_get  nrf_strerror.o
    0x00035c2c   0x00035c2c   0x0000000a   Code   RO         2867    i.nrf_twi_event_check  nrfx_twi.o
    0x00035c36   0x00035c36   0x0000000c   Code   RO         2868    i.nrf_twi_event_clear  nrfx_twi.o
    0x00035c42   0x00035c42   0x0000000a   Code   RO         2523    i.nrf_uart_event_check  nrfx_uart.o
    0x00035c4c   0x00035c4c   0x0000000c   Code   RO         2524    i.nrf_uart_event_clear  nrfx_uart.o
    0x00035c58   0x00035c58   0x0000000c   Code   RO         2525    i.nrf_uart_int_enable_check  nrfx_uart.o
    0x00035c64   0x00035c64   0x0000000a   Code   RO         2715    i.nrf_uarte_event_check  nrfx_uarte.o
    0x00035c6e   0x00035c6e   0x0000000c   Code   RO         2716    i.nrf_uarte_event_clear  nrfx_uarte.o
    0x00035c7a   0x00035c7a   0x00000002   PAD
    0x00035c7c   0x00035c7c   0x00000030   Code   RO         2034    i.nrfx_clock_enable  nrfx_clock.o
    0x00035cac   0x00035cac   0x00000020   Code   RO         2037    i.nrfx_clock_init   nrfx_clock.o
    0x00035ccc   0x00035ccc   0x0000001c   Code   RO         2040    i.nrfx_clock_lfclk_stop  nrfx_clock.o
    0x00035ce8   0x00035ce8   0x00000010   Code   RO         3062    i.nrfx_coredep_delay_us  nrf_drv_twi.o
    0x00035cf8   0x00035cf8   0x00000010   Code   RO         3454    i.nrfx_coredep_delay_us  app_timer.o
    0x00035d08   0x00035d08   0x00000010   Code   RO         2717    i.nrfx_is_in_ram    nrfx_uarte.o
    0x00035d18   0x00035d18   0x0000003a   Code   RO         2465    i.nrfx_prs_acquire  nrfx_prs.o
    0x00035d52   0x00035d52   0x00000002   PAD
    0x00035d54   0x00035d54   0x00000020   Code   RO         2871    i.nrfx_twi_enable   nrfx_twi.o
    0x00035d74   0x00035d74   0x000000e0   Code   RO         2872    i.nrfx_twi_init     nrfx_twi.o
    0x00035e54   0x00035e54   0x00000030   Code   RO         2874    i.nrfx_twi_rx       nrfx_twi.o
    0x00035e84   0x00035e84   0x00000036   Code   RO         2876    i.nrfx_twi_tx       nrfx_twi.o
    0x00035eba   0x00035eba   0x00000002   PAD
    0x00035ebc   0x00035ebc   0x00000024   Code   RO         2878    i.nrfx_twi_xfer     nrfx_twi.o
    0x00035ee0   0x00035ee0   0x00000010   Code   RO         2526    i.nrfx_uart_0_irq_handler  nrfx_uart.o
    0x00035ef0   0x00035ef0   0x000000d4   Code   RO         2528    i.nrfx_uart_init    nrfx_uart.o
    0x00035fc4   0x00035fc4   0x000000ec   Code   RO         2529    i.nrfx_uart_rx      nrfx_uart.o
    0x000360b0   0x000360b0   0x000000a4   Code   RO         2534    i.nrfx_uart_tx      nrfx_uart.o
    0x00036154   0x00036154   0x00000020   Code   RO         2536    i.nrfx_uart_tx_in_progress  nrfx_uart.o
    0x00036174   0x00036174   0x00000010   Code   RO         2718    i.nrfx_uarte_0_irq_handler  nrfx_uarte.o
    0x00036184   0x00036184   0x0000006c   Code   RO         2720    i.nrfx_uarte_init   nrfx_uarte.o
    0x000361f0   0x000361f0   0x00000104   Code   RO         2721    i.nrfx_uarte_rx     nrfx_uarte.o
    0x000362f4   0x000362f4   0x00000090   Code   RO         2724    i.nrfx_uarte_tx     nrfx_uarte.o
    0x00036384   0x00036384   0x0000001c   Code   RO         2726    i.nrfx_uarte_tx_in_progress  nrfx_uarte.o
    0x000363a0   0x000363a0   0x00000098   Code   RO           24    i.nus_data_handler  main.o
    0x00036438   0x00036438   0x00000018   Code   RO           25    i.on_adv_evt        main.o
    0x00036450   0x00036450   0x0000001c   Code   RO           26    i.on_conn_params_evt  main.o
    0x0003646c   0x0003646c   0x0000006a   Code   RO         1768    i.on_connect        ble_nus.o
    0x000364d6   0x000364d6   0x00000002   PAD
    0x000364d8   0x000364d8   0x000000a8   Code   RO         1628    i.on_connected_evt  nrf_ble_gatt.o
    0x00036580   0x00036580   0x000000ac   Code   RO         1629    i.on_exchange_mtu_request_evt  nrf_ble_gatt.o
    0x0003662c   0x0003662c   0x00000070   Code   RO         7469    i.on_rw_authorize_req  ble_dfu.o
    0x0003669c   0x0003669c   0x00000084   Code   RO         1769    i.on_write          ble_nus.o
    0x00036720   0x00036720   0x00000012   Code   RO         1176    i.phy_is_valid      ble_advertising.o
    0x00036732   0x00036732   0x00000002   PAD
    0x00036734   0x00036734   0x0000003c   Code   RO         4821    i.postfix_process   nrf_log_str_formatter.o
    0x00036770   0x00036770   0x00000098   Code   RO         4822    i.prefix_process    nrf_log_str_formatter.o
    0x00036808   0x00036808   0x00000018   Code   RO         2467    i.prs_box_get       nrfx_prs.o
    0x00036820   0x00036820   0x0000003c   Code   RO         3455    i.rtc1_stop         app_timer.o
    0x0003685c   0x0003685c   0x00000088   Code   RO           27    i.run_self_test     main.o
    0x000368e4   0x000368e4   0x00000032   Code   RO         2538    i.rx_byte           nrfx_uart.o
    0x00036916   0x00036916   0x00000016   Code   RO         2539    i.rx_done_event     nrfx_uart.o
    0x0003692c   0x0003692c   0x00000018   Code   RO         2728    i.rx_done_event     nrfx_uarte.o
    0x00036944   0x00036944   0x00000020   Code   RO         2540    i.rx_enable         nrfx_uart.o
    0x00036964   0x00036964   0x00000050   Code   RO         1841    i.sd_state_evt_handler  nrf_drv_clock.o
    0x000369b4   0x000369b4   0x00000030   Code   RO         5138    i.sdh_request_observer_notify  nrf_sdh.o
    0x000369e4   0x000369e4   0x0000002c   Code   RO         5139    i.sdh_state_observer_notify  nrf_sdh.o
    0x00036a10   0x00036a10   0x00000010   Code   RO         1291    i.send_error_evt    ble_conn_params.o
    0x00036a20   0x00036a20   0x00000050   Code   RO         4497    i.serial_tx         nrf_log_backend_rtt.o
    0x00036a70   0x00036a70   0x00000088   Code   RO         1066    i.service_data_encode  ble_advdata.o
    0x00036af8   0x00036af8   0x00000058   Code   RO         5624    i.set_int_enable    inv_mpu.o
    0x00036b50   0x00036b50   0x00000030   Code   RO         1563    i.set_security_req  ble_srv_common.o
    0x00036b80   0x00036b80   0x000001bc   Code   RO         5625    i.setup_compass     inv_mpu.o
    0x00036d3c   0x00036d3c   0x0000007c   Code   RO         4272    i.shutdown_process  nrf_pwr_mgmt.o
    0x00036db8   0x00036db8   0x00000028   Code   RO           28    i.sleep_mode_enter  main.o
    0x00036de0   0x00036de0   0x00000018   Code   RO         1842    i.soc_evt_handler   nrf_drv_clock.o
    0x00036df8   0x00036df8   0x00000058   Code   RO         5141    i.softdevices_evt_irq_enable  nrf_sdh.o
    0x00036e50   0x00036e50   0x0000003e   Code   RO         8137    i.sqrtf             m_wm.l(sqrtf.o)
    0x00036e8e   0x00036e8e   0x00000002   PAD
    0x00036e90   0x00036e90   0x0000008c   Code   RO         4657    i.std_n             nrf_log_frontend.o
    0x00036f1c   0x00036f1c   0x00000054   Code   RO         5350    i.sx1509_data_read_bytes  sx1509.o
    0x00036f70   0x00036f70   0x00000034   Code   RO         5351    i.sx1509_i2c_init   sx1509.o
    0x00036fa4   0x00036fa4   0x00000008   Code   RO         5352    i.sx1509_read_reg   sx1509.o
    0x00036fac   0x00036fac   0x0000005c   Code   RO         5353    i.sx1509_read_word  sx1509.o
    0x00037008   0x00037008   0x0000001a   Code   RO         5354    i.sx1509_reset      sx1509.o
    0x00037022   0x00037022   0x00000002   PAD
    0x00037024   0x00037024   0x00000014   Code   RO         5355    i.sx1509_twi_handler  sx1509.o
    0x00037038   0x00037038   0x00000060   Code   RO         5356    i.sx1509_write_bytes  sx1509.o
    0x00037098   0x00037098   0x00000048   Code   RO         5357    i.sx1509_write_reg  sx1509.o
    0x000370e0   0x000370e0   0x0000004c   Code   RO         5358    i.sx1509_write_word  sx1509.o
    0x0003712c   0x0003712c   0x00000080   Code   RO         3456    i.timer_list_handler  app_timer.o
    0x000371ac   0x000371ac   0x0000003c   Code   RO         3457    i.timer_list_insert  app_timer.o
    0x000371e8   0x000371e8   0x00000060   Code   RO         3458    i.timer_list_remove  app_timer.o
    0x00037248   0x00037248   0x00000048   Code   RO         3459    i.timer_stop_op_schedule  app_timer.o
    0x00037290   0x00037290   0x00000074   Code   RO         3460    i.timer_timeouts_check  app_timer.o
    0x00037304   0x00037304   0x000000aa   Code   RO         3063    i.twi_clear_bus     nrf_drv_twi.o
    0x000373ae   0x000373ae   0x00000002   PAD
    0x000373b0   0x000373b0   0x00000040   Code   RO         3064    i.twi_evt_handler   nrf_drv_twi.o
    0x000373f0   0x000373f0   0x000000ba   Code   RO         2879    i.twi_irq_handler   nrfx_twi.o
    0x000374aa   0x000374aa   0x0000001e   Code   RO         2880    i.twi_process_error  nrfx_twi.o
    0x000374c8   0x000374c8   0x000000c8   Code   RO         2881    i.twi_rx_start_transfer  nrfx_twi.o
    0x00037590   0x00037590   0x00000028   Code   RO         2882    i.twi_send_byte     nrfx_twi.o
    0x000375b8   0x000375b8   0x00000104   Code   RO         2883    i.twi_transfer      nrfx_twi.o
    0x000376bc   0x000376bc   0x000000d0   Code   RO         2884    i.twi_tx_start_transfer  nrfx_twi.o
    0x0003778c   0x0003778c   0x00000094   Code   RO         2885    i.twi_xfer          nrfx_twi.o
    0x00037820   0x00037820   0x00000020   Code   RO         2541    i.tx_byte           nrfx_uart.o
    0x00037840   0x00037840   0x0000001a   Code   RO         2542    i.tx_done_event     nrfx_uart.o
    0x0003785a   0x0003785a   0x00000002   PAD
    0x0003785c   0x0003785c   0x00000078   Code   RO           29    i.uart_event_handle  main.o
    0x000378d4   0x000378d4   0x000000a0   Code   RO         3610    i.uart_event_handler  app_uart_fifo.o
    0x00037974   0x00037974   0x00000030   Code   RO         1976    i.uart_evt_handler  nrf_drv_uart.o
    0x000379a4   0x000379a4   0x00000128   Code   RO         2543    i.uart_irq_handler  nrfx_uart.o
    0x00037acc   0x00037acc   0x00000030   Code   RO         1977    i.uarte_evt_handler  nrf_drv_uart.o
    0x00037afc   0x00037afc   0x000000f4   Code   RO         2729    i.uarte_irq_handler  nrfx_uarte.o
    0x00037bf0   0x00037bf0   0x0000000a   Code   RO         1067    i.uint16_encode     ble_advdata.o
    0x00037bfa   0x00037bfa   0x00000002   PAD
    0x00037bfc   0x00037bfc   0x000000b4   Code   RO         4153    i.unsigned_print    nrf_fprintf_format.o
    0x00037cb0   0x00037cb0   0x00000068   Code   RO         1292    i.update_timeout_handler  ble_conn_params.o
    0x00037d18   0x00037d18   0x00000018   Code   RO         1177    i.use_whitelist     ble_advertising.o
    0x00037d30   0x00037d30   0x00000024   Code   RO         1724    i.user_mem_reply    nrf_ble_qwr.o
    0x00037d54   0x00037d54   0x00000030   Code   RO         3461    i.user_op_alloc     app_timer.o
    0x00037d84   0x00037d84   0x00000030   Code   RO         1068    i.uuid_list_encode  ble_advdata.o
    0x00037db4   0x00037db4   0x0000009e   Code   RO         1069    i.uuid_list_sized_encode  ble_advdata.o
    0x00037e52   0x00037e52   0x0000003a   Code   RO          793    i.wakeup_button_cfg  bsp.o
    0x00037e8c   0x00037e8c   0x00000004   PAD
    0x00037e90   0x00037e90   0x00000020   Data   RO           31    .constdata          main.o
    0x00037eb0   0x00037eb0   0x00000008   Data   RO          641    .constdata          boards.o
    0x00037eb8   0x00037eb8   0x0000002c   Data   RO          798    .constdata          bsp.o
    0x00037ee4   0x00037ee4   0x00000016   Data   RO         1630    .constdata          nrf_ble_gatt.o
    0x00037efa   0x00037efa   0x00000002   PAD
    0x00037efc   0x00037efc   0x00000010   Data   RO         1770    .constdata          ble_nus.o
    0x00037f0c   0x00037f0c   0x00000004   Data   RO         2202    .constdata          nrfx_gpiote.o
    0x00037f10   0x00037f10   0x00000004   Data   RO         2546    .constdata          nrfx_uart.o
    0x00037f14   0x00037f14   0x00000004   Data   RO         2732    .constdata          nrfx_uarte.o
    0x00037f18   0x00037f18   0x00000018   Data   RO         2888    .constdata          nrfx_twi.o
    0x00037f30   0x00037f30   0x00000006   Data   RO         3065    .constdata          nrf_drv_twi.o
    0x00037f36   0x00037f36   0x0000000a   PAD
    0x00037f40   0x00037f40   0x00000006   Data   RO         3463    .constdata          app_timer.o
    0x00037f46   0x00037f46   0x00000002   PAD
    0x00037f48   0x00037f48   0x00000020   Data   RO         3612    .constdata          app_uart_fifo.o
    0x00037f68   0x00037f68   0x00000010   Data   RO         4154    .constdata          nrf_fprintf_format.o
    0x00037f78   0x00037f78   0x00000018   Data   RO         4274    .constdata          nrf_pwr_mgmt.o
    0x00037f90   0x00037f90   0x0000000c   Data   RO         4275    .constdata          nrf_pwr_mgmt.o
    0x00037f9c   0x00037f9c   0x0000013c   Data   RO         4444    .constdata          nrf_strerror.o
    0x000380d8   0x000380d8   0x0000000c   Data   RO         4499    .constdata          nrf_log_backend_rtt.o
    0x000380e4   0x000380e4   0x0000000c   PAD
    0x000380f0   0x000380f0   0x00000006   Data   RO         4500    .constdata          nrf_log_backend_rtt.o
    0x000380f6   0x000380f6   0x00000002   PAD
    0x000380f8   0x000380f8   0x00000010   Data   RO         5142    .constdata          nrf_sdh.o
    0x00038108   0x00038108   0x00000028   Data   RO         5143    .constdata          nrf_sdh.o
    0x00038130   0x00038130   0x00000010   Data   RO         5144    .constdata          nrf_sdh.o
    0x00038140   0x00038140   0x00000010   Data   RO         5145    .constdata          nrf_sdh.o
    0x00038150   0x00038150   0x00000020   Data   RO         5253    .constdata          nrf_sdh_ble.o
    0x00038170   0x00038170   0x00000010   Data   RO         5254    .constdata          nrf_sdh_ble.o
    0x00038180   0x00038180   0x00000010   Data   RO         5304    .constdata          nrf_sdh_soc.o
    0x00038190   0x00038190   0x0000000c   Data   RO         5305    .constdata          nrf_sdh_soc.o
    0x0003819c   0x0003819c   0x00000004   PAD
    0x000381a0   0x000381a0   0x00000028   Data   RO         5359    .constdata          sx1509.o
    0x000381c8   0x000381c8   0x0000002a   Data   RO         5626    .constdata          inv_mpu.o
    0x000381f2   0x000381f2   0x0000000e   Data   RO         5627    .constdata          inv_mpu.o
    0x00038200   0x00038200   0x00000030   Data   RO         5628    .constdata          inv_mpu.o
    0x00038230   0x00038230   0x00000206   Data   RO         5629    .constdata          inv_mpu.o
    0x00038436   0x00038436   0x00000bf6   Data   RO         5961    .constdata          inv_mpu_dmp_motion_driver.o
    0x0003902c   0x0003902c   0x00000010   Data   RO         7471    .constdata          ble_dfu.o
    0x0003903c   0x0003903c   0x00000004   PAD
    0x00039040   0x00039040   0x00000038   Data   RO         8074    .constdata          m_wm.l(log.o)
    0x00039078   0x00039078   0x00000081   Data   RO         8159    .constdata          mc_w.l(ctype_o.o)
    0x000390f9   0x000390f9   0x00000003   PAD
    0x000390fc   0x000390fc   0x00000004   Data   RO         8160    .constdata          mc_w.l(ctype_o.o)
    0x00039100   0x00039100   0x00000030   Data   RO         8518    .constdata          m_wm.l(cos_i.o)
    0x00039130   0x00039130   0x00000008   Data   RO         8554    .constdata          m_wm.l(qnan.o)
    0x00039138   0x00039138   0x000000c8   Data   RO         8557    .constdata          m_wm.l(rred.o)
    0x00039200   0x00039200   0x00000020   Data   RO         8561    .constdata          m_wm.l(rredf.o)
    0x00039220   0x00039220   0x00000028   Data   RO         8564    .constdata          m_wm.l(sin_i.o)
    0x00039248   0x00039248   0x00000009   Data   RO           32    .conststring        main.o
    0x00039251   0x00039251   0x00000003   PAD
    0x00039254   0x00039254   0x000000a2   Data   RO         1631    .conststring        nrf_ble_gatt.o
    0x000392f6   0x000392f6   0x00000002   PAD
    0x000392f8   0x000392f8   0x000003eb   Data   RO         4445    .conststring        nrf_strerror.o
    0x000396e3   0x000396e3   0x00000001   PAD
    0x000396e4   0x000396e4   0x00000066   Data   RO         4823    .conststring        nrf_log_str_formatter.o
    0x0003974a   0x0003974a   0x00000002   PAD
    0x0003974c   0x0003974c   0x000001cf   Data   RO         5255    .conststring        nrf_sdh_ble.o
    0x0003991b   0x0003991b   0x00000001   PAD
    0x0003991c   0x0003991c   0x000000ce   Data   RO         7584    .conststring        ble_dfu_unbonded.o
    0x000399ea   0x000399ea   0x00000002   PAD
    0x000399ec   0x000399ec   0x0000000d   Data   RO         1632    .conststrlit        nrf_ble_gatt.o
    0x000399f9   0x000399f9   0x00000003   PAD
    0x000399fc   0x000399fc   0x00000008   Data   RO         1771    .conststrlit        ble_nus.o
    0x00039a04   0x00039a04   0x00000006   Data   RO         1848    .conststrlit        nrf_drv_clock.o
    0x00039a0a   0x00039a0a   0x00000002   PAD
    0x00039a0c   0x00039a0c   0x00000006   Data   RO         2044    .conststrlit        nrfx_clock.o
    0x00039a12   0x00039a12   0x00000002   PAD
    0x00039a14   0x00039a14   0x00000007   Data   RO         2206    .conststrlit        nrfx_gpiote.o
    0x00039a1b   0x00039a1b   0x00000001   PAD
    0x00039a1c   0x00039a1c   0x00000004   Data   RO         2469    .conststrlit        nrfx_prs.o
    0x00039a20   0x00039a20   0x00000005   Data   RO         2549    .conststrlit        nrfx_uart.o
    0x00039a25   0x00039a25   0x00000003   PAD
    0x00039a28   0x00039a28   0x00000006   Data   RO         2735    .conststrlit        nrfx_uarte.o
    0x00039a2e   0x00039a2e   0x00000002   PAD
    0x00039a30   0x00039a30   0x00000004   Data   RO         2891    .conststrlit        nrfx_twi.o
    0x00039a34   0x00039a34   0x00000009   Data   RO         4276    .conststrlit        nrf_pwr_mgmt.o
    0x00039a3d   0x00039a3d   0x00000003   PAD
    0x00039a40   0x00039a40   0x00000010   Data   RO         4597    .conststrlit        nrf_log_default_backends.o
    0x00039a50   0x00039a50   0x00000004   Data   RO         4663    .conststrlit        nrf_log_frontend.o
    0x00039a54   0x00039a54   0x00000008   Data   RO         5146    .conststrlit        nrf_sdh.o
    0x00039a5c   0x00039a5c   0x0000000c   Data   RO         5256    .conststrlit        nrf_sdh_ble.o
    0x00039a68   0x00039a68   0x0000000c   Data   RO         5306    .conststrlit        nrf_sdh_soc.o
    0x00039a74   0x00039a74   0x00000020   Data   RO         8618    Region$$Table       anon$$obj.o
    0x00039a94   0x00039a94   0x00000010   Data   RO         4599    log_backends        nrf_log_default_backends.o
    0x00039aa4   0x00039aa4   0x00000008   Data   RO         1633    log_const_data      nrf_ble_gatt.o
    0x00039aac   0x00039aac   0x00000008   Data   RO         1772    log_const_data      ble_nus.o
    0x00039ab4   0x00039ab4   0x00000008   Data   RO         1849    log_const_data      nrf_drv_clock.o
    0x00039abc   0x00039abc   0x00000008   Data   RO         2046    log_const_data      nrfx_clock.o
    0x00039ac4   0x00039ac4   0x00000008   Data   RO         2207    log_const_data      nrfx_gpiote.o
    0x00039acc   0x00039acc   0x00000008   Data   RO         2471    log_const_data      nrfx_prs.o
    0x00039ad4   0x00039ad4   0x00000008   Data   RO         2550    log_const_data      nrfx_uart.o
    0x00039adc   0x00039adc   0x00000008   Data   RO         2736    log_const_data      nrfx_uarte.o
    0x00039ae4   0x00039ae4   0x00000008   Data   RO         2892    log_const_data      nrfx_twi.o
    0x00039aec   0x00039aec   0x00000008   Data   RO         4278    log_const_data      nrf_pwr_mgmt.o
    0x00039af4   0x00039af4   0x00000008   Data   RO         4666    log_const_data      nrf_log_frontend.o
    0x00039afc   0x00039afc   0x00000008   Data   RO         5148    log_const_data      nrf_sdh.o
    0x00039b04   0x00039b04   0x00000008   Data   RO         5258    log_const_data      nrf_sdh_ble.o
    0x00039b0c   0x00039b0c   0x00000008   Data   RO         5307    log_const_data      nrf_sdh_soc.o
    0x00039b14   0x00039b14   0x00000014   Data   RO         4667    nrf_balloc          nrf_log_frontend.o
    0x00039b28   0x00039b28   0x00000008   Data   RO         1392    sdh_ble_observers0  ble_conn_state.o
    0x00039b30   0x00039b30   0x00000010   Data   RO           37    sdh_ble_observers1  main.o
    0x00039b40   0x00039b40   0x00000008   Data   RO          907    sdh_ble_observers1  bsp_btn_ble.o
    0x00039b48   0x00039b48   0x00000008   Data   RO         1295    sdh_ble_observers1  ble_conn_params.o
    0x00039b50   0x00039b50   0x00000010   Data   RO           38    sdh_ble_observers2  main.o
    0x00039b60   0x00039b60   0x00000008   Data   RO         7472    sdh_ble_observers2  ble_dfu.o
    0x00039b68   0x00039b68   0x00000008   Data   RO           39    sdh_ble_observers3  main.o
    0x00039b70   0x00039b70   0x00000008   Data   RO         1850    sdh_soc_observers0  nrf_drv_clock.o
    0x00039b78   0x00039b78   0x00000008   Data   RO           40    sdh_soc_observers1  main.o
    0x00039b80   0x00039b80   0x00000008   Data   RO         7586    sdh_soc_observers1  ble_dfu_unbonded.o
    0x00039b88   0x00039b88   0x00000008   Data   RO         5259    sdh_stack_observers0  nrf_sdh_ble.o
    0x00039b90   0x00039b90   0x00000008   Data   RO         5308    sdh_stack_observers0  nrf_sdh_soc.o
    0x00039b98   0x00039b98   0x00000008   Data   RO         1851    sdh_state_observers0  nrf_drv_clock.o


    Execution Region RW_IRAM1 (Exec base: 0x20003000, Load base: 0x00039ba0, Size: 0x00006950, Max: 0x0000d000, ABSOLUTE, COMPRESSED[0x000000c4])

    Exec Addr    Load Addr    Size         Type   Attr      Idx    E Section Name        Object

    0x20003000   COMPRESSED   0x00000008   Data   RW           33    .data               main.o
    0x20003008   COMPRESSED   0x0000003e   Data   RW           34    .data               main.o
    0x20003046   COMPRESSED   0x00000002   PAD
    0x20003048   COMPRESSED   0x00000004   Data   RW           35    .data               main.o
    0x2000304c   COMPRESSED   0x00000004   Data   RW           36    .data               main.o
    0x20003050   COMPRESSED   0x00000010   Data   RW          799    .data               bsp.o
    0x20003060   COMPRESSED   0x00000008   Data   RW          906    .data               bsp_btn_ble.o
    0x20003068   COMPRESSED   0x00000008   Data   RW         1294    .data               ble_conn_params.o
    0x20003070   COMPRESSED   0x0000000c   Data   RW         1978    .data               nrf_drv_uart.o
    0x2000307c   COMPRESSED   0x00000008   Data   RW         2045    .data               nrfx_clock.o
    0x20003084   COMPRESSED   0x00000008   Data   RW         2470    .data               nrfx_prs.o
    0x2000308c   COMPRESSED   0x00000010   Data   RW         3066    .data               nrf_drv_twi.o
    0x2000309c   COMPRESSED   0x00000014   Data   RW         3464    .data               app_timer.o
    0x200030b0   COMPRESSED   0x0000001c   Data   RW         3613    .data               app_uart_fifo.o
    0x200030cc   COMPRESSED   0x00000008   Data   RW         4277    .data               nrf_pwr_mgmt.o
    0x200030d4   COMPRESSED   0x00000001   Data   RW         4501    .data               nrf_log_backend_rtt.o
    0x200030d5   COMPRESSED   0x00000003   PAD
    0x200030d8   COMPRESSED   0x00000008   Data   RW         4598    .data               nrf_log_default_backends.o
    0x200030e0   COMPRESSED   0x00000008   Data   RW         4664    .data               nrf_log_frontend.o
    0x200030e8   COMPRESSED   0x00000008   Data   RW         4665    .data               nrf_log_frontend.o
    0x200030f0   COMPRESSED   0x00000040   Data   RW         4824    .data               nrf_log_str_formatter.o
    0x20003130   COMPRESSED   0x00000003   Data   RW         5147    .data               nrf_sdh.o
    0x20003133   COMPRESSED   0x00000001   Data   RW         5257    .data               nrf_sdh_ble.o
    0x20003134   COMPRESSED   0x00000058   Data   RW         5360    .data               sx1509.o
    0x2000318c   COMPRESSED   0x00000038   Data   RW         5630    .data               inv_mpu.o
    0x200031c4   COMPRESSED   0x00000004   Data   RW         6749    .data               message_layer.o
    0x200031c8   COMPRESSED   0x00000004   Data   RW         7585    .data               ble_dfu_unbonded.o
    0x200031cc   COMPRESSED   0x00000004   Data   RW         7676    .data               system_nrf52.o
    0x200031d0   COMPRESSED   0x00000010   Data   RW         7709    .data               libmpllib.lib(compass_vec_cal.o)
    0x200031e0   COMPRESSED   0x00000004   Data   RW         8592    .data               mc_w.l(mvars.o)
    0x200031e4   COMPRESSED   0x00000004   Data   RW         8593    .data               mc_w.l(mvars.o)
    0x200031e8   COMPRESSED   0x00000004   Data   RW         8597    .data               mc_w.l(errno.o)
    0x200031ec        -       0x000005c8   Zero   RW           30    .bss                main.o
    0x200037b4        -       0x00000020   Zero   RW          794    .bss                bsp.o
    0x200037d4        -       0x00000020   Zero   RW          795    .bss                bsp.o
    0x200037f4        -       0x0000000c   Zero   RW          796    .bss                bsp.o
    0x20003800        -       0x00000020   Zero   RW          797    .bss                bsp.o
    0x20003820        -       0x00000050   Zero   RW         1293    .bss                ble_conn_params.o
    0x20003870        -       0x00000078   Zero   RW         1391    .bss                ble_conn_state.o
    0x200038e8        -       0x00000014   Zero   RW         1843    .bss                nrf_drv_clock.o
    0x200038fc        -       0x0000005c   Zero   RW         2201    .bss                nrfx_gpiote.o
    0x20003958        -       0x0000002c   Zero   RW         2544    .bss                nrfx_uart.o
    0x20003984        -       0x00000024   Zero   RW         2730    .bss                nrfx_uarte.o
    0x200039a8        -       0x0000003c   Zero   RW         2886    .bss                nrfx_twi.o
    0x200039e4        -       0x0000010c   Zero   RW         3462    .bss                app_timer.o
    0x20003af0        -       0x00000020   Zero   RW         3611    .bss                app_uart_fifo.o
    0x20003b10        -       0x0000000c   Zero   RW         3695    .bss                app_util_platform.o
    0x20003b1c        -       0x0000000c   Zero   RW         4273    .bss                nrf_pwr_mgmt.o
    0x20003b28        -       0x00000040   Zero   RW         4498    .bss                nrf_log_backend_rtt.o
    0x20003b68        -       0x000000c0   Zero   RW         4658    .bss                nrf_log_frontend.o
    0x20003c28        -       0x00000424   Zero   RW         4661    .bss                nrf_log_frontend.o
    0x2000404c        -       0x00000288   Zero   RW         4900    .bss                segger_rtt.o
    0x200042d4        -       0x00000014   Zero   RW         5509    .bss                drv_mpu9250.o
    0x200042e8        -       0x00000010   Zero   RW         5960    .bss                inv_mpu_dmp_motion_driver.o
    0x200042f8        -       0x00000028   Zero   RW         6126    .bss                empl_outputs.o
    0x20004320        -       0x000002d8   Zero   RW         6271    .bss                data_builder.o
    0x200045f8        -       0x000000c4   Zero   RW         6656    .bss                hal_outputs.o
    0x200046bc        -       0x00000198   Zero   RW         6772    .bss                storage_manager.o
    0x20004854        -       0x00000054   Zero   RW         6809    .bss                start_manager.o
    0x200048a8        -       0x00000088   Zero   RW         6875    .bss                results_holder.o
    0x20004930        -       0x0000001c   Zero   RW         7470    .bss                ble_dfu.o
    0x2000494c        -       0x00000028   Zero   RW         7583    .bss                ble_dfu_unbonded.o
    0x20004974   COMPRESSED   0x00000004   PAD
    0x20004978        -       0x00000460   Zero   RW         7708    .bss                libmpllib.lib(compass_vec_cal.o)
    0x20004dd8        -       0x000002a0   Zero   RW         7798    .bss                libmpllib.lib(fast_no_motion.o)
    0x20005078        -       0x00000138   Zero   RW         7831    .bss                libmpllib.lib(fusion_9axis.o)
    0x200051b0        -       0x000001c4   Zero   RW         7853    .bss                libmpllib.lib(gyro_tc.o)
    0x20005374        -       0x000000b8   Zero   RW         7871    .bss                libmpllib.lib(mag_disturb.o)
    0x2000542c        -       0x0000006c   Zero   RW         7893    .bss                libmpllib.lib(quaternion_supervisor.o)
    0x20005498        -       0x000004b8   Zero   RW         7911    .bss                libmpllib.lib(accel_auto_cal.o)
    0x20005950        -       0x00002000   Zero   RW         7665    HEAP                arm_startup_nrf52.o
    0x20007950        -       0x00002000   Zero   RW         7664    STACK               arm_startup_nrf52.o


==============================================================================

Image component sizes


      Code (inc. data)   RO Data    RW Data    ZI Data      Debug   Object Name

        22          0          0          0          0       3733   app_error.o
       132         46          0          0          0      39214   app_error_weak.o
       118          0          0          0          0       5194   app_fifo.o
      1522        124          6         20        268      49287   app_timer.o
       524         60         32         28         32      23422   app_uart_fifo.o
       124         14          0          0         12       9822   app_util_platform.o
        36          8        512          0      16384        952   arm_startup_nrf52.o
      1324          0          0          0          0      60360   ble_advdata.o
      1044          6          0          0          0      20831   ble_advertising.o
       636         44          8          8         80      12971   ble_conn_params.o
       428         16          8          0        120       8843   ble_conn_state.o
       542         72         24          0         28       9396   ble_dfu.o
         0          0          0          0          0       4872   ble_dfu_bonded.o
       476         42        214          4         40       7646   ble_dfu_unbonded.o
        72          0          0          0          0       2892   ble_link_ctx_manager.o
       666          6         32          0          0       9112   ble_nus.o
       464          6          0          0          0       4223   ble_srv_common.o
       206         32          8          0          0      86447   boards.o
       804         60         44         16        108      16828   bsp.o
       196          6          8          8          0      78285   bsp_btn_ble.o
      2102        248          0          0        728      31066   data_builder.o
        72          6          0          0         20       9135   drv_mpu9250.o
       652         52          0          0         40      11962   empl_outputs.o
        96          8          0          0        196       2569   hal_outputs.o
      6092        258        622         56          0      38878   inv_mpu.o
      2034        122       3062          0         16      20693   inv_mpu_dmp_motion_driver.o
      2412        294         89         78       1480     191496   main.o
        20          4          0          4          0       1482   message_layer.o
      1616         22          0          0          0      16293   ml_math_func.o
        88          0          0          0          0       1447   mpl.o
        64          0          0          0          0       3068   nrf_atflags.o
       306          0          0          0          0       8279   nrf_atomic.o
       116          0          0          0          0       2914   nrf_balloc.o
       950        272        205          0          0      37585   nrf_ble_gatt.o
       276          0          0          0          0       6365   nrf_ble_qwr.o
       364        236          0          0          0       1698   nrf_dfu_svci.o
       276         34         30          0         20      40348   nrf_drv_clock.o
       328         16          6         16          0      25227   nrf_drv_twi.o
       200         26          0         12          0      18124   nrf_drv_uart.o
        50          0          0          0          0       3073   nrf_fprintf.o
       850          4         16          0          0       5610   nrf_fprintf_format.o
       108         18         18          1         64       5706   nrf_log_backend_rtt.o
       194          0          0          0          0      10957   nrf_log_backend_serial.o
         0          0         32          8          0       2569   nrf_log_default_backends.o
      1318         94         32         16       1252      28081   nrf_log_frontend.o
       566        108        102         64          0       5780   nrf_log_str_formatter.o
       342          0          0          0          0       9108   nrf_memobj.o
       224         38         53          8         12       7756   nrf_pwr_mgmt.o
         0          0          0          0          0       1116   nrf_ringbuf.o
       384         46        104          3          0      39607   nrf_sdh.o
       728        234        539          1          0       6081   nrf_sdh_ble.o
        60          4         56          0          0       2548   nrf_sdh_soc.o
        78          0          0          0          0       2884   nrf_section_iter.o
        76         10       1319          0          0       2847   nrf_strerror.o
       226         30         14          8          0      41758   nrfx_clock.o
       518         30         19          0         92      19987   nrfx_gpiote.o
        94         16         12          8          0       3897   nrfx_prs.o
      1540         44         36          0         60      28034   nrfx_twi.o
      1362         36         17          0         44      31981   nrfx_uart.o
      1200         38         18          0         36      24363   nrfx_uarte.o
       726        118          0          0        136      18277   results_holder.o
       270          6          0          0        648       7975   segger_rtt.o
       168         20          0          0         84       3968   start_manager.o
       132         10          0          0        408       2909   storage_manager.o
       742         72         40         88          0      25019   sx1509.o
       796         70          0          4          0       3043   system_nrf52.o

    ----------------------------------------------------------------------
     40224       3186       7432        464      22412    1267893   Object Totals
         0          0         32          0          0          0   (incl. Generated)
        72          0         63          5          4          0   (incl. Padding)

    ----------------------------------------------------------------------

      Code (inc. data)   RO Data    RW Data    ZI Data      Debug   Library Member Name

      3140        190          0          0       1208       9672   accel_auto_cal.o
      9456        298          0         16       1120      19892   compass_vec_cal.o
      2584         42          0          0        672      13744   fast_no_motion.o
      1712         72          0          0        312       5636   fusion_9axis.o
      1220         32          0          0        452       5735   gyro_tc.o
      1472         48          0          0        184       7614   mag_disturb.o
      2452        130          0          0        108       5637   quaternion_supervisor.o
       280         46          0          0          0        176   acosf.o
       684         90          0          0          0        208   atan2f.o
       200         20          0          0          0        164   cos.o
       368         46         48          0          0        200   cos_i.o
       336         56          0          0          0        136   cosf.o
       132         36          0          0          0        496   dunder.o
        44          0          0          0          0        248   fabs.o
        48          0          0          0          0        124   fpclassify.o
        38          0          0          0          0        116   fpclassifyf.o
        44         12          0          0          0        464   funder.o
       964         92         56          0          0        316   log.o
       248          0          0          0          0        152   poly.o
         0          0          8          0          0          0   qnan.o
      1080        142        200          0          0        188   rred.o
       340         24         32          0          0        160   rredf.o
       304         24         40          0          0        208   sin_i.o
       400         56          0          0          0        212   sinf.o
       122          0          0          0          0        148   sqrt.o
       120          0          0          0          0        272   sqrtf.o
        86          0          0          0          0          0   __dczerorl2.o
         8          4        133          0          0         68   ctype_o.o
         0          0          0          0          0          0   entry.o
         0          0          0          0          0          0   entry10a.o
         0          0          0          0          0          0   entry11a.o
         4          0          0          0          0          0   entry12b.o
         8          4          0          0          0          0   entry2.o
         4          0          0          0          0          0   entry5.o
         0          0          0          0          0          0   entry7b.o
         0          0          0          0          0          0   entry8b.o
         8          4          0          0          0          0   entry9a.o
        12          6          0          4          0         68   errno.o
        30          0          0          0          0          0   handlers.o
        36          8          0          0          0         68   init.o
         0          0          0          0          0          0   iusefp.o
        98          0          0          0          0         84   ldiv.o
        30          0          0          0          0         68   llshl.o
        36          0          0          0          0         68   llsshr.o
        32          0          0          0          0         68   llushr.o
       188         20          0          0          0        160   malloc.o
        26          0          0          0          0         80   memcmp.o
        64          0          0          0          0         76   memmovea.o
        36          0          0          0          0        108   memseta.o
         0          0          0          8          0          0   mvars.o
      2236         86          0          0          0        532   printfa.o
        14          0          0          0          0         68   strlen.o
        44          0          0          0          0         80   uidiv.o
        98          0          0          0          0         92   uldiv.o
        48          0          0          0          0         68   cdcmple.o
        48          0          0          0          0         68   cdrcmple.o
        56          0          0          0          0         88   d2f.o
       334          0          0          0          0        148   dadd.o
       222          0          0          0          0        100   ddiv.o
       186          0          0          0          0        176   depilogue.o
        62          0          0          0          0         80   dfixi.o
        48          0          0          0          0         68   dfixul.o
        34          0          0          0          0         76   dflti.o
        26          0          0          0          0         76   dfltui.o
       228          0          0          0          0         96   dmul.o
       162          0          0          0          0        100   dsqrt.o
        38          0          0          0          0         68   f2d.o
       110          0          0          0          0        168   fepilogue.o
        66          0          0          0          0         76   ffixl.o
        44          0          0          0          0         92   ffltl.o

    ----------------------------------------------------------------------
     32624       1592        520         28       4056      75154   Library Totals
        26          4          3          0          0          0   (incl. Padding)

    ----------------------------------------------------------------------

      Code (inc. data)   RO Data    RW Data    ZI Data      Debug   Library Name

     22036        812          0         16       4056      67930   libmpllib.lib
      5752        644        384          0          0       3988   m_wm.l
      3098        132        133         12          0       1688   mc_w.l
      1712          0          0          0          0       1548   mf_w.l

    ----------------------------------------------------------------------
     32624       1592        520         28       4056      75154   Library Totals

    ----------------------------------------------------------------------

==============================================================================


      Code (inc. data)   RO Data    RW Data    ZI Data      Debug   

     72848       4778       7952        492      26468    1291215   Grand Totals
     72848       4778       7952        196      26468    1291215   ELF Image Totals (compressed)
     72848       4778       7952        196          0          0   ROM Totals

==============================================================================

    Total RO  Size (Code + RO Data)                80800 (  78.91kB)
    Total RW  Size (RW Data + ZI Data)             26960 (  26.33kB)
    Total ROM Size (Code + RO Data + RW Data)      80996 (  79.10kB)

==============================================================================

