<html>
<body>
<pre>
<h1>µVision Build Log</h1>
<h2>Tool Versions:</h2>
IDE-Version: £gVision V5.35.0.0
Copyright (C) 2021 ARM Ltd and ARM Germany GmbH. All rights reserved.
License Information: kuan hung chen, NTUST, LIC=MPPLD-80QYZ-VECHA-18JFC-NU0XF-2Z4I9
 
Tool Versions:
Toolchain:       MDK-ARM Plus  Version: 5.35.0.2
Toolchain Path:  C:\Keil_v5\ARM\ARMCC\Bin
C Compiler:      Armcc.exe V5.06 update 7 (build 960)
Assembler:       Armasm.exe V5.06 update 7 (build 960)
Linker/Locator:  ArmLink.exe V5.06 update 7 (build 960)
Library Manager: ArmAr.exe V5.06 update 7 (build 960)
Hex Converter:   FromElf.exe V5.06 update 7 (build 960)
CPU DLL:         
Dialog DLL:      
Target DLL:      Segger\JL2CM3.dll V2.99.40.0
Dialog DLL:      TCM.DLL V1.53.0.0
 
<h2>Project:</h2>
C:\Users\ken chen\Desktop\nordic code\nRF5_SDK_15.2.0_9412b96\examples\ble_peripheral\thingy52_motion_driver_dfu\pca10040\s132\arm5_no_packs\ble_app_uart_pca10040_s132.uvprojx
Project File Date:  03/20/2022

<h2>Output:</h2>
*** Using Compiler 'V5.06 update 7 (build 960)', folder: 'C:\Keil_v5\ARM\ARMCC\Bin'
Rebuild target 'nrf52832_xxaa'
compiling utf.c...
compiling boards.c...
compiling ble_advdata.c...
compiling bsp.c...
compiling bsp_btn_ble.c...
compiling main.c...
..\..\..\main.c(1087): warning:  #177-D: variable "mpu9250_return"  was declared but never referenced
  		uint8_t mpu9250_return;
..\..\..\main.c(785): warning:  #177-D: function "buttons_leds_init"  was declared but never referenced
  static void buttons_leds_init(bool * p_erase_bonds)
..\..\..\main.c(801): warning:  #177-D: function "log_init"  was declared but never referenced
  static void log_init(void)
..\..\..\main.c(824): warning:  #177-D: function "idle_state_handle"  was declared but never referenced
  static void idle_state_handle(void)
..\..\..\main.c: 4 warnings, 0 errors
compiling ble_conn_params.c...
compiling ble_advertising.c...
compiling ble_link_ctx_manager.c...
compiling ble_conn_state.c...
compiling ble_srv_common.c...
compiling nrf_ble_gatt.c...
compiling nrf_ble_qwr.c...
compiling ble_nus.c...
compiling nrf_drv_clock.c...
compiling nrf_drv_uart.c...
compiling nrfx_power_clock.c...
compiling nrfx_clock.c...
compiling nrfx_gpiote.c...
compiling nrfx_prs.c...
compiling nrfx_uart.c...
compiling nrfx_twim.c...
compiling nrfx_twis.c...
compiling nrfx_uarte.c...
compiling nrfx_twi.c...
compiling nrf_drv_twi.c...
compiling app_error.c...
compiling app_error_handler_keil.c...
compiling app_fifo.c...
compiling app_button.c...
compiling app_error_weak.c...
compiling app_scheduler.c...
compiling app_util_platform.c...
compiling hardfault_implementation.c...
compiling nrf_assert.c...
compiling app_timer.c...
compiling app_uart_fifo.c...
compiling nrf_atomic.c...
compiling nrf_atfifo.c...
compiling nrf_atflags.c...
compiling nrf_balloc.c...
compiling nrf_fprintf.c...
compiling nrf_fprintf_format.c...
compiling nrf_section_iter.c...
compiling nrf_memobj.c...
compiling nrf_ringbuf.c...
compiling nrf_pwr_mgmt.c...
compiling nrf_strerror.c...
compiling retarget.c...
compiling nrf_log_backend_serial.c...
compiling nrf_log_backend_rtt.c...
compiling SEGGER_RTT_Syscalls_KEIL.c...
compiling nrf_log_default_backends.c...
compiling nrf_log_str_formatter.c...
compiling SEGGER_RTT.c...
compiling nrf_log_frontend.c...
compiling SEGGER_RTT_printf.c...
compiling nrf_sdh.c...
compiling nrf_sdh_soc.c...
compiling nrf_sdh_ble.c...
compiling eMPL_outputs.c...
compiling sx1509.c...
compiling hal_outputs.c...
compiling data_builder.c...
compiling message_layer.c...
compiling storage_manager.c...
compiling start_manager.c...
compiling mpl.c...
compiling drv_mpu9250.c...
compiling results_holder.c...
compiling mlmath.c...
compiling ml_math_func.c...
compiling inv_mpu_dmp_motion_driver.c...
compiling inv_mpu.c...
assembling arm_startup_nrf52.s...
compiling ble_dfu_bonded.c...
compiling ble_dfu.c...
compiling system_nrf52.c...
compiling ble_dfu_unbonded.c...
compiling nrf_dfu_svci.c...
linking...
Program Size: Code=71856 RO-data=7904 RW-data=468 ZI-data=26340  
FromELF: creating hex file...
".\_build\nrf52832_xxaa.axf" - 0 Error(s), 4 Warning(s).

<h2>Software Packages used:</h2>

Package Vendor: ARM
                http://www.keil.com/pack/ARM.CMSIS.4.5.0.pack
                ARM.CMSIS.4.5.0
                CMSIS (Cortex Microcontroller Software Interface Standard)
   * Component: CORE Version: 4.3.0

Package Vendor: NordicSemiconductor
                http://developer.nordicsemi.com/nRF5_SDK/pieces/nRF_DeviceFamilyPack/NordicSemiconductor.nRF_DeviceFamilyPack.8.17.0.pack
                NordicSemiconductor.nRF_DeviceFamilyPack.8.17.0
                Nordic Semiconductor nRF ARM devices Device Family Pack.
   * Component: Startup Version: 8.17.0

<h2>Collection of Component include folders:</h2>
  .\RTE\_nrf52832_xxaa
  C:\Users\ken chen\AppData\Local\Arm\Packs\ARM\CMSIS\4.5.0\CMSIS\Include
  C:\Users\ken chen\AppData\Local\Arm\Packs\NordicSemiconductor\nRF_DeviceFamilyPack\8.17.0\Device\Include

<h2>Collection of Component Files used:</h2>

   * Component: ARM::CMSIS:CORE:4.3.0

   * Component: NordicSemiconductor::Device:Startup:8.17.0
      Source file:   Device\Source\system_nrf52.c
      Source file:   Device\Source\arm\arm_startup_nrf52.s
      Include file:  Device\Include\system_nrf52.h
Build Time Elapsed:  00:00:37
</pre>
</body>
</html>
